<?xml version="1.0"?>
<link_info>
   <banner>TI ARM Linker PC v15.12.1.LTS</banner>
   <copyright>Copyright (c) 1996-2015 Texas Instruments Incorporated</copyright>
   <link_time>0x5862fad6</link_time>
   <link_errors>0x0</link_errors>
   <output_file>Copy of Mech_Control.out</output_file>
   <entry_point>
      <name>_c_int00</name>
      <address>0x1bb9</address>
   </entry_point>
   <input_file_list>
      <input_file id="fl-2">
         <path>.\</path>
         <kind>object</kind>
         <file>angle.obj</file>
         <name>angle.obj</name>
      </input_file>
      <input_file id="fl-3">
         <path>.\</path>
         <kind>object</kind>
         <file>main.obj</file>
         <name>main.obj</name>
      </input_file>
      <input_file id="fl-4">
         <path>.\</path>
         <kind>object</kind>
         <file>shoot.obj</file>
         <name>shoot.obj</name>
      </input_file>
      <input_file id="fl-5">
         <path>.\</path>
         <kind>object</kind>
         <file>tm4c123gh6pm_startup_ccs.obj</file>
         <name>tm4c123gh6pm_startup_ccs.obj</name>
      </input_file>
      <input_file id="fl-6">
         <path>.\userLib\</path>
         <kind>object</kind>
         <file>common.obj</file>
         <name>common.obj</name>
      </input_file>
      <input_file id="fl-7">
         <path>.\userLib\</path>
         <kind>object</kind>
         <file>init.obj</file>
         <name>init.obj</name>
      </input_file>
      <input_file id="fl-8">
         <path>.\userLib\</path>
         <kind>object</kind>
         <file>movingArray.obj</file>
         <name>movingArray.obj</name>
      </input_file>
      <input_file id="fl-9">
         <path>.\userLib\</path>
         <kind>object</kind>
         <file>pidController.obj</file>
         <name>pidController.obj</name>
      </input_file>
      <input_file id="fl-c5">
         <path>C:\ti\ccsv6\tools\compiler\ti-cgt-arm_15.12.1.LTS\lib\</path>
         <kind>archive</kind>
         <file>rtsv7M4_T_le_v4SPD16_eabi.lib</file>
         <name>boot.obj</name>
      </input_file>
      <input_file id="fl-c6">
         <path>C:\ti\ccsv6\tools\compiler\ti-cgt-arm_15.12.1.LTS\lib\</path>
         <kind>archive</kind>
         <file>rtsv7M4_T_le_v4SPD16_eabi.lib</file>
         <name>copy_decompress_none.obj</name>
      </input_file>
      <input_file id="fl-c7">
         <path>C:\ti\ccsv6\tools\compiler\ti-cgt-arm_15.12.1.LTS\lib\</path>
         <kind>archive</kind>
         <file>rtsv7M4_T_le_v4SPD16_eabi.lib</file>
         <name>copy_decompress_rle.obj</name>
      </input_file>
      <input_file id="fl-c8">
         <path>C:\ti\ccsv6\tools\compiler\ti-cgt-arm_15.12.1.LTS\lib\</path>
         <kind>archive</kind>
         <file>rtsv7M4_T_le_v4SPD16_eabi.lib</file>
         <name>copy_zero_init.obj</name>
      </input_file>
      <input_file id="fl-c9">
         <path>C:\ti\ccsv6\tools\compiler\ti-cgt-arm_15.12.1.LTS\lib\</path>
         <kind>archive</kind>
         <file>rtsv7M4_T_le_v4SPD16_eabi.lib</file>
         <name>exit.obj</name>
      </input_file>
      <input_file id="fl-ca">
         <path>C:\ti\ccsv6\tools\compiler\ti-cgt-arm_15.12.1.LTS\lib\</path>
         <kind>archive</kind>
         <file>rtsv7M4_T_le_v4SPD16_eabi.lib</file>
         <name>fd_add_t2.obj</name>
      </input_file>
      <input_file id="fl-cb">
         <path>C:\ti\ccsv6\tools\compiler\ti-cgt-arm_15.12.1.LTS\lib\</path>
         <kind>archive</kind>
         <file>rtsv7M4_T_le_v4SPD16_eabi.lib</file>
         <name>fd_cmp_t2.obj</name>
      </input_file>
      <input_file id="fl-cc">
         <path>C:\ti\ccsv6\tools\compiler\ti-cgt-arm_15.12.1.LTS\lib\</path>
         <kind>archive</kind>
         <file>rtsv7M4_T_le_v4SPD16_eabi.lib</file>
         <name>fd_div_t2.obj</name>
      </input_file>
      <input_file id="fl-cd">
         <path>C:\ti\ccsv6\tools\compiler\ti-cgt-arm_15.12.1.LTS\lib\</path>
         <kind>archive</kind>
         <file>rtsv7M4_T_le_v4SPD16_eabi.lib</file>
         <name>fd_mul_t2.obj</name>
      </input_file>
      <input_file id="fl-ce">
         <path>C:\ti\ccsv6\tools\compiler\ti-cgt-arm_15.12.1.LTS\lib\</path>
         <kind>archive</kind>
         <file>rtsv7M4_T_le_v4SPD16_eabi.lib</file>
         <name>fd_toi_t2.obj</name>
      </input_file>
      <input_file id="fl-cf">
         <path>C:\ti\ccsv6\tools\compiler\ti-cgt-arm_15.12.1.LTS\lib\</path>
         <kind>archive</kind>
         <file>rtsv7M4_T_le_v4SPD16_eabi.lib</file>
         <name>fd_tos_t2.obj</name>
      </input_file>
      <input_file id="fl-d0">
         <path>C:\ti\ccsv6\tools\compiler\ti-cgt-arm_15.12.1.LTS\lib\</path>
         <kind>archive</kind>
         <file>rtsv7M4_T_le_v4SPD16_eabi.lib</file>
         <name>fs_tod_t2.obj</name>
      </input_file>
      <input_file id="fl-d1">
         <path>C:\ti\ccsv6\tools\compiler\ti-cgt-arm_15.12.1.LTS\lib\</path>
         <kind>archive</kind>
         <file>rtsv7M4_T_le_v4SPD16_eabi.lib</file>
         <name>i_tofd_t2.obj</name>
      </input_file>
      <input_file id="fl-d2">
         <path>C:\ti\ccsv6\tools\compiler\ti-cgt-arm_15.12.1.LTS\lib\</path>
         <kind>archive</kind>
         <file>rtsv7M4_T_le_v4SPD16_eabi.lib</file>
         <name>memcpy_t2.obj</name>
      </input_file>
      <input_file id="fl-d3">
         <path>C:\ti\ccsv6\tools\compiler\ti-cgt-arm_15.12.1.LTS\lib\</path>
         <kind>archive</kind>
         <file>rtsv7M4_T_le_v4SPD16_eabi.lib</file>
         <name>memset_t2.obj</name>
      </input_file>
      <input_file id="fl-d4">
         <path>C:\ti\ccsv6\tools\compiler\ti-cgt-arm_15.12.1.LTS\lib\</path>
         <kind>archive</kind>
         <file>rtsv7M4_T_le_v4SPD16_eabi.lib</file>
         <name>mpu_init.obj</name>
      </input_file>
      <input_file id="fl-d5">
         <path>C:\ti\ccsv6\tools\compiler\ti-cgt-arm_15.12.1.LTS\lib\</path>
         <kind>archive</kind>
         <file>rtsv7M4_T_le_v4SPD16_eabi.lib</file>
         <name>pre_init.obj</name>
      </input_file>
      <input_file id="fl-d6">
         <path>C:\ti\ccsv6\tools\compiler\ti-cgt-arm_15.12.1.LTS\lib\</path>
         <kind>archive</kind>
         <file>rtsv7M4_T_le_v4SPD16_eabi.lib</file>
         <name>stkdepth_vars.obj</name>
      </input_file>
      <input_file id="fl-d7">
         <path>C:\ti\ccsv6\tools\compiler\ti-cgt-arm_15.12.1.LTS\lib\</path>
         <kind>archive</kind>
         <file>rtsv7M4_T_le_v4SPD16_eabi.lib</file>
         <name>_lock.obj</name>
      </input_file>
      <input_file id="fl-d8">
         <path>C:\ti\ccsv6\tools\compiler\ti-cgt-arm_15.12.1.LTS\lib\</path>
         <kind>archive</kind>
         <file>rtsv7M4_T_le_v4SPD16_eabi.lib</file>
         <name>args_main.obj</name>
      </input_file>
      <input_file id="fl-d9">
         <path>C:\ti\ccsv6\tools\compiler\ti-cgt-arm_15.12.1.LTS\lib\</path>
         <kind>archive</kind>
         <file>rtsv7M4_T_le_v4SPD16_eabi.lib</file>
         <name>autoinit.obj</name>
      </input_file>
      <input_file id="fl-da">
         <path>C:\ti\ccsv6\tools\compiler\ti-cgt-arm_15.12.1.LTS\lib\</path>
         <kind>archive</kind>
         <file>rtsv7M4_T_le_v4SPD16_eabi.lib</file>
         <name>cpy_tbl.obj</name>
      </input_file>
      <input_file id="fl-db">
         <path>C:\ti\ccsv6\tools\compiler\ti-cgt-arm_15.12.1.LTS\lib\</path>
         <kind>archive</kind>
         <file>rtsv7M4_T_le_v4SPD16_eabi.lib</file>
         <name>startup.obj</name>
      </input_file>
      <input_file id="fl-dc">
         <path>C:\ti\TivaWare_C_Series-2.1.3.156\driverlib\ccs\Debug\</path>
         <kind>archive</kind>
         <file>driverlib.lib</file>
         <name>gpio.obj</name>
      </input_file>
      <input_file id="fl-dd">
         <path>C:\ti\TivaWare_C_Series-2.1.3.156\driverlib\ccs\Debug\</path>
         <kind>archive</kind>
         <file>driverlib.lib</file>
         <name>interrupt.obj</name>
      </input_file>
      <input_file id="fl-de">
         <path>C:\ti\TivaWare_C_Series-2.1.3.156\driverlib\ccs\Debug\</path>
         <kind>archive</kind>
         <file>driverlib.lib</file>
         <name>pwm.obj</name>
      </input_file>
      <input_file id="fl-df">
         <path>C:\ti\TivaWare_C_Series-2.1.3.156\driverlib\ccs\Debug\</path>
         <kind>archive</kind>
         <file>driverlib.lib</file>
         <name>qei.obj</name>
      </input_file>
      <input_file id="fl-e0">
         <path>C:\ti\TivaWare_C_Series-2.1.3.156\driverlib\ccs\Debug\</path>
         <kind>archive</kind>
         <file>driverlib.lib</file>
         <name>sysctl.obj</name>
      </input_file>
      <input_file id="fl-e1">
         <path>C:\ti\TivaWare_C_Series-2.1.3.156\driverlib\ccs\Debug\</path>
         <kind>archive</kind>
         <file>driverlib.lib</file>
         <name>timer.obj</name>
      </input_file>
      <input_file id="fl-e2">
         <path>C:\ti\TivaWare_C_Series-2.1.3.156\driverlib\ccs\Debug\</path>
         <kind>archive</kind>
         <file>driverlib.lib</file>
         <name>uart.obj</name>
      </input_file>
      <input_file id="fl-e3">
         <path>C:\ti\TivaWare_C_Series-2.1.3.156\driverlib\ccs\Debug\</path>
         <kind>archive</kind>
         <file>driverlib.lib</file>
         <name>cpu.obj</name>
      </input_file>
   </input_file_list>
   <object_component_list>
      <object_component id="oc-f">
         <name>.intvecs</name>
         <load_address>0x0</load_address>
         <run_address>0x0</run_address>
         <size>0x26c</size>
         <input_file_ref idref="fl-5"/>
      </object_component>
      <object_component id="oc-31">
         <name>.text</name>
         <load_address>0x26c</load_address>
         <run_address>0x26c</run_address>
         <size>0x42c</size>
         <input_file_ref idref="fl-3"/>
      </object_component>
      <object_component id="oc-b5">
         <name>.text</name>
         <load_address>0x698</load_address>
         <run_address>0x698</run_address>
         <size>0x3bc</size>
         <input_file_ref idref="fl-6"/>
      </object_component>
      <object_component id="oc-94">
         <name>.text</name>
         <load_address>0xa54</load_address>
         <run_address>0xa54</run_address>
         <size>0x300</size>
         <input_file_ref idref="fl-7"/>
      </object_component>
      <object_component id="oc-f9">
         <name>.text</name>
         <load_address>0xd54</load_address>
         <run_address>0xd54</run_address>
         <size>0x1b6</size>
         <input_file_ref idref="fl-ca"/>
      </object_component>
      <object_component id="oc-5f">
         <name>.text</name>
         <load_address>0xf0a</load_address>
         <run_address>0xf0a</run_address>
         <size>0x2</size>
         <input_file_ref idref="fl-d4"/>
      </object_component>
      <object_component id="oc-c7">
         <name>.text</name>
         <load_address>0xf0c</load_address>
         <run_address>0xf0c</run_address>
         <size>0x18c</size>
         <input_file_ref idref="fl-4"/>
      </object_component>
      <object_component id="oc-ab">
         <name>.text</name>
         <load_address>0x1098</load_address>
         <run_address>0x1098</run_address>
         <size>0x136</size>
         <input_file_ref idref="fl-cc"/>
      </object_component>
      <object_component id="oc-180">
         <name>.text:GPIOPadConfigSet</name>
         <load_address>0x11ce</load_address>
         <run_address>0x11ce</run_address>
         <size>0x132</size>
         <input_file_ref idref="fl-dc"/>
      </object_component>
      <object_component id="oc-a0">
         <name>.text:SysCtlClockGet</name>
         <load_address>0x1300</load_address>
         <run_address>0x1300</run_address>
         <size>0x110</size>
         <input_file_ref idref="fl-e0"/>
      </object_component>
      <object_component id="oc-23c">
         <name>.text</name>
         <load_address>0x1410</load_address>
         <run_address>0x1410</run_address>
         <size>0xfc</size>
         <input_file_ref idref="fl-cd"/>
      </object_component>
      <object_component id="oc-82">
         <name>.text:SysCtlClockSet</name>
         <load_address>0x150c</load_address>
         <run_address>0x150c</run_address>
         <size>0xf4</size>
         <input_file_ref idref="fl-e0"/>
      </object_component>
      <object_component id="oc-88">
         <name>.text</name>
         <load_address>0x1600</load_address>
         <run_address>0x1600</run_address>
         <size>0xf0</size>
         <input_file_ref idref="fl-9"/>
      </object_component>
      <object_component id="oc-d9">
         <name>.text</name>
         <load_address>0x16f0</load_address>
         <run_address>0x16f0</run_address>
         <size>0xc4</size>
         <input_file_ref idref="fl-2"/>
      </object_component>
      <object_component id="oc-3a">
         <name>.text</name>
         <load_address>0x17b4</load_address>
         <run_address>0x17b4</run_address>
         <size>0x9c</size>
         <input_file_ref idref="fl-d2"/>
      </object_component>
      <object_component id="oc-103">
         <name>.text:__aeabi_cdcmple</name>
         <load_address>0x1850</load_address>
         <run_address>0x1850</run_address>
         <size>0x86</size>
         <input_file_ref idref="fl-cb"/>
      </object_component>
      <object_component id="oc-53">
         <name>.text</name>
         <load_address>0x18d6</load_address>
         <run_address>0x18d6</run_address>
         <size>0x7a</size>
         <input_file_ref idref="fl-d3"/>
      </object_component>
      <object_component id="oc-6b">
         <name>.text</name>
         <load_address>0x1950</load_address>
         <run_address>0x1950</run_address>
         <size>0x70</size>
         <input_file_ref idref="fl-d9"/>
      </object_component>
      <object_component id="oc-fe">
         <name>.text</name>
         <load_address>0x19c0</load_address>
         <run_address>0x19c0</run_address>
         <size>0x6e</size>
         <input_file_ref idref="fl-cf"/>
      </object_component>
      <object_component id="oc-46">
         <name>.text</name>
         <load_address>0x1a2e</load_address>
         <run_address>0x1a2e</run_address>
         <size>0x6a</size>
         <input_file_ref idref="fl-c7"/>
      </object_component>
      <object_component id="oc-1d4">
         <name>.text:IntEnable</name>
         <load_address>0x1a98</load_address>
         <run_address>0x1a98</run_address>
         <size>0x68</size>
         <input_file_ref idref="fl-dd"/>
      </object_component>
      <object_component id="oc-1c8">
         <name>.text:TimerConfigure</name>
         <load_address>0x1b00</load_address>
         <run_address>0x1b00</run_address>
         <size>0x60</size>
         <input_file_ref idref="fl-e1"/>
      </object_component>
      <object_component id="oc-192">
         <name>.text:GPIOIntTypeSet</name>
         <load_address>0x1b60</load_address>
         <run_address>0x1b60</run_address>
         <size>0x56</size>
         <input_file_ref idref="fl-dc"/>
      </object_component>
      <object_component id="oc-147">
         <name>.text</name>
         <load_address>0x1bb6</load_address>
         <run_address>0x1bb6</run_address>
         <size>0x2</size>
         <input_file_ref idref="fl-db"/>
      </object_component>
      <object_component id="oc-24">
         <name>.text</name>
         <load_address>0x1bb8</load_address>
         <run_address>0x1bb8</run_address>
         <size>0x54</size>
         <input_file_ref idref="fl-c5"/>
      </object_component>
      <object_component id="oc-77">
         <name>.text</name>
         <load_address>0x1c0c</load_address>
         <run_address>0x1c0c</run_address>
         <size>0x54</size>
         <input_file_ref idref="fl-c9"/>
      </object_component>
      <object_component id="oc-141">
         <name>.text</name>
         <load_address>0x1c60</load_address>
         <run_address>0x1c60</run_address>
         <size>0x4c</size>
         <input_file_ref idref="fl-da"/>
      </object_component>
      <object_component id="oc-19e">
         <name>.text:GPIOPinConfigure</name>
         <load_address>0x1cac</load_address>
         <run_address>0x1cac</run_address>
         <size>0x48</size>
         <input_file_ref idref="fl-dc"/>
      </object_component>
      <object_component id="oc-b0">
         <name>.text</name>
         <load_address>0x1cf4</load_address>
         <run_address>0x1cf4</run_address>
         <size>0x48</size>
         <input_file_ref idref="fl-ce"/>
      </object_component>
      <object_component id="oc-1ec">
         <name>.text:UARTConfigSetExpClk</name>
         <load_address>0x1d3c</load_address>
         <run_address>0x1d3c</run_address>
         <size>0x46</size>
         <input_file_ref idref="fl-e2"/>
      </object_component>
      <object_component id="oc-28d">
         <name>.text:_GPIOIntNumberGet</name>
         <load_address>0x1d84</load_address>
         <run_address>0x1d84</run_address>
         <size>0x40</size>
         <input_file_ref idref="fl-dc"/>
      </object_component>
      <object_component id="oc-f4">
         <name>.text</name>
         <load_address>0x1dc4</load_address>
         <run_address>0x1dc4</run_address>
         <size>0x38</size>
         <input_file_ref idref="fl-d0"/>
      </object_component>
      <object_component id="oc-293">
         <name>.text:IntRegister</name>
         <load_address>0x1dfc</load_address>
         <run_address>0x1dfc</run_address>
         <size>0x34</size>
         <input_file_ref idref="fl-dd"/>
      </object_component>
      <object_component id="oc-16e">
         <name>.text:SysCtlPeripheralEnable</name>
         <load_address>0x1e30</load_address>
         <run_address>0x1e30</run_address>
         <size>0x34</size>
         <input_file_ref idref="fl-e0"/>
      </object_component>
      <object_component id="oc-a6">
         <name>.text</name>
         <load_address>0x1e64</load_address>
         <run_address>0x1e64</run_address>
         <size>0x2e</size>
         <input_file_ref idref="fl-d1"/>
      </object_component>
      <object_component id="oc-283">
         <name>.text:GPIODirModeSet</name>
         <load_address>0x1e92</load_address>
         <run_address>0x1e92</run_address>
         <size>0x2a</size>
         <input_file_ref idref="fl-dc"/>
      </object_component>
      <object_component id="oc-204">
         <name>.text:PWMGenConfigure</name>
         <load_address>0x1ebc</load_address>
         <run_address>0x1ebc</run_address>
         <size>0x22</size>
         <input_file_ref idref="fl-de"/>
      </object_component>
      <object_component id="oc-2b0">
         <name>.text:UARTDisable</name>
         <load_address>0x1ee0</load_address>
         <run_address>0x1ee0</run_address>
         <size>0x20</size>
         <input_file_ref idref="fl-e2"/>
      </object_component>
      <object_component id="oc-22d">
         <name>.text:PWMPulseWidthSet</name>
         <load_address>0x1f00</load_address>
         <run_address>0x1f00</run_address>
         <size>0x1e</size>
         <input_file_ref idref="fl-de"/>
      </object_component>
      <object_component id="oc-18c">
         <name>.text:GPIOIntRegister</name>
         <load_address>0x1f1e</load_address>
         <run_address>0x1f1e</run_address>
         <size>0x18</size>
         <input_file_ref idref="fl-dc"/>
      </object_component>
      <object_component id="oc-174">
         <name>.text:GPIOPinTypeGPIOOutput</name>
         <load_address>0x1f36</load_address>
         <run_address>0x1f36</run_address>
         <size>0x18</size>
         <input_file_ref idref="fl-dc"/>
      </object_component>
      <object_component id="oc-71">
         <name>.text</name>
         <load_address>0x1f50</load_address>
         <run_address>0x1f50</run_address>
         <size>0x18</size>
         <input_file_ref idref="fl-d8"/>
      </object_component>
      <object_component id="oc-1f8">
         <name>.text:SysCtlPWMClockSet</name>
         <load_address>0x1f68</load_address>
         <run_address>0x1f68</run_address>
         <size>0x14</size>
         <input_file_ref idref="fl-e0"/>
      </object_component>
      <object_component id="oc-2b6">
         <name>.text:UARTEnable</name>
         <load_address>0x1f7c</load_address>
         <run_address>0x1f7c</run_address>
         <size>0x14</size>
         <input_file_ref idref="fl-e2"/>
      </object_component>
      <object_component id="oc-26c">
         <name>.text</name>
         <load_address>0x1f90</load_address>
         <run_address>0x1f90</run_address>
         <size>0x14</size>
         <input_file_ref idref="fl-d7"/>
      </object_component>
      <object_component id="oc-17a">
         <name>.text:GPIOPinTypeGPIOInput</name>
         <load_address>0x1fa4</load_address>
         <run_address>0x1fa4</run_address>
         <size>0x12</size>
         <input_file_ref idref="fl-dc"/>
      </object_component>
      <object_component id="oc-1fe">
         <name>.text:GPIOPinTypePWM</name>
         <load_address>0x1fb6</load_address>
         <run_address>0x1fb6</run_address>
         <size>0x12</size>
         <input_file_ref idref="fl-dc"/>
      </object_component>
      <object_component id="oc-1a4">
         <name>.text:GPIOPinTypeQEI</name>
         <load_address>0x1fc8</load_address>
         <run_address>0x1fc8</run_address>
         <size>0x12</size>
         <input_file_ref idref="fl-dc"/>
      </object_component>
      <object_component id="oc-1e6">
         <name>.text:GPIOPinTypeUART</name>
         <load_address>0x1fda</load_address>
         <run_address>0x1fda</run_address>
         <size>0x12</size>
         <input_file_ref idref="fl-dc"/>
      </object_component>
      <object_component id="oc-210">
         <name>.text:PWMOutputState</name>
         <load_address>0x1fec</load_address>
         <run_address>0x1fec</run_address>
         <size>0x12</size>
         <input_file_ref idref="fl-de"/>
      </object_component>
      <object_component id="oc-1ce">
         <name>.text:TimerLoadSet</name>
         <load_address>0x1ffe</load_address>
         <run_address>0x1ffe</run_address>
         <size>0x12</size>
         <input_file_ref idref="fl-e1"/>
      </object_component>
      <object_component id="oc-8e">
         <name>.text:IntMasterEnable</name>
         <load_address>0x2010</load_address>
         <run_address>0x2010</run_address>
         <size>0x10</size>
         <input_file_ref idref="fl-dd"/>
      </object_component>
      <object_component id="oc-20a">
         <name>.text:PWMGenPeriodSet</name>
         <load_address>0x2020</load_address>
         <run_address>0x2020</run_address>
         <size>0x10</size>
         <input_file_ref idref="fl-de"/>
      </object_component>
      <object_component id="oc-186">
         <name>.text:GPIOIntDisable</name>
         <load_address>0x2030</load_address>
         <run_address>0x2030</run_address>
         <size>0xe</size>
         <input_file_ref idref="fl-dc"/>
      </object_component>
      <object_component id="oc-1b6">
         <name>.text:QEIConfigure</name>
         <load_address>0x203e</load_address>
         <run_address>0x203e</run_address>
         <size>0xe</size>
         <input_file_ref idref="fl-df"/>
      </object_component>
      <object_component id="oc-1e0">
         <name>.text:TimerEnable</name>
         <load_address>0x204c</load_address>
         <run_address>0x204c</run_address>
         <size>0xe</size>
         <input_file_ref idref="fl-e1"/>
      </object_component>
      <object_component id="oc-c1">
         <name>.text:UARTCharGetNonBlocking</name>
         <load_address>0x205a</load_address>
         <run_address>0x205a</run_address>
         <size>0xe</size>
         <input_file_ref idref="fl-e2"/>
      </object_component>
      <object_component id="oc-12">
         <name>.text:decompress:none</name>
         <load_address>0x2068</load_address>
         <run_address>0x2068</run_address>
         <size>0xe</size>
         <input_file_ref idref="fl-c6"/>
      </object_component>
      <object_component id="oc-167">
         <name>.text:CPUcpsie</name>
         <load_address>0x2076</load_address>
         <run_address>0x2076</run_address>
         <size>0xc</size>
         <input_file_ref idref="fl-e3"/>
      </object_component>
      <object_component id="oc-198">
         <name>.text:GPIOIntEnable</name>
         <load_address>0x2082</load_address>
         <run_address>0x2082</run_address>
         <size>0xc</size>
         <input_file_ref idref="fl-dc"/>
      </object_component>
      <object_component id="oc-216">
         <name>.text:PWMGenEnable</name>
         <load_address>0x208e</load_address>
         <run_address>0x208e</run_address>
         <size>0xc</size>
         <input_file_ref idref="fl-de"/>
      </object_component>
      <object_component id="oc-2b">
         <name>.text</name>
         <load_address>0x209a</load_address>
         <run_address>0x209a</run_address>
         <size>0xc</size>
         <input_file_ref idref="fl-5"/>
      </object_component>
      <object_component id="oc-1aa">
         <name>.text:QEIDisable</name>
         <load_address>0x20a6</load_address>
         <run_address>0x20a6</run_address>
         <size>0xa</size>
         <input_file_ref idref="fl-df"/>
      </object_component>
      <object_component id="oc-1bc">
         <name>.text:QEIEnable</name>
         <load_address>0x20b0</load_address>
         <run_address>0x20b0</run_address>
         <size>0xa</size>
         <input_file_ref idref="fl-df"/>
      </object_component>
      <object_component id="oc-1b0">
         <name>.text:QEIIntDisable</name>
         <load_address>0x20ba</load_address>
         <run_address>0x20ba</run_address>
         <size>0xa</size>
         <input_file_ref idref="fl-df"/>
      </object_component>
      <object_component id="oc-ee">
         <name>.text:UARTCharGet</name>
         <load_address>0x20c4</load_address>
         <run_address>0x20c4</run_address>
         <size>0xa</size>
         <input_file_ref idref="fl-e2"/>
      </object_component>
      <object_component id="oc-bb">
         <name>.text:UARTCharPut</name>
         <load_address>0x20ce</load_address>
         <run_address>0x20ce</run_address>
         <size>0xa</size>
         <input_file_ref idref="fl-e2"/>
      </object_component>
      <object_component id="oc-9a">
         <name>.text:UARTFIFODisable</name>
         <load_address>0x20d8</load_address>
         <run_address>0x20d8</run_address>
         <size>0xa</size>
         <input_file_ref idref="fl-e2"/>
      </object_component>
      <object_component id="oc-e2">
         <name>.text:UARTIntStatus</name>
         <load_address>0x20e2</load_address>
         <run_address>0x20e2</run_address>
         <size>0xa</size>
         <input_file_ref idref="fl-e2"/>
      </object_component>
      <object_component id="oc-1da">
         <name>.text:TimerIntEnable</name>
         <load_address>0x20ec</load_address>
         <run_address>0x20ec</run_address>
         <size>0x8</size>
         <input_file_ref idref="fl-e1"/>
      </object_component>
      <object_component id="oc-1f2">
         <name>.text:UARTIntEnable</name>
         <load_address>0x20f4</load_address>
         <run_address>0x20f4</run_address>
         <size>0x8</size>
         <input_file_ref idref="fl-e2"/>
      </object_component>
      <object_component id="oc-10b">
         <name>.text:GPIOIntClear</name>
         <load_address>0x20fc</load_address>
         <run_address>0x20fc</run_address>
         <size>0x6</size>
         <input_file_ref idref="fl-dc"/>
      </object_component>
      <object_component id="oc-111">
         <name>.text:GPIOPinRead</name>
         <load_address>0x2102</load_address>
         <run_address>0x2102</run_address>
         <size>0x6</size>
         <input_file_ref idref="fl-dc"/>
      </object_component>
      <object_component id="oc-227">
         <name>.text:GPIOPinWrite</name>
         <load_address>0x2108</load_address>
         <run_address>0x2108</run_address>
         <size>0x6</size>
         <input_file_ref idref="fl-dc"/>
      </object_component>
      <object_component id="oc-15c">
         <name>.text:SysCtlDelay</name>
         <load_address>0x210e</load_address>
         <run_address>0x210e</run_address>
         <size>0x6</size>
         <input_file_ref idref="fl-e0"/>
      </object_component>
      <object_component id="oc-18">
         <name>.text:decompress:rle24</name>
         <load_address>0x2114</load_address>
         <run_address>0x2114</run_address>
         <size>0x6</size>
         <input_file_ref idref="fl-c7"/>
      </object_component>
      <object_component id="oc-d3">
         <name>.text:QEIPositionGet</name>
         <load_address>0x211a</load_address>
         <run_address>0x211a</run_address>
         <size>0x4</size>
         <input_file_ref idref="fl-df"/>
      </object_component>
      <object_component id="oc-1c2">
         <name>.text:QEIPositionSet</name>
         <load_address>0x211e</load_address>
         <run_address>0x211e</run_address>
         <size>0x4</size>
         <input_file_ref idref="fl-df"/>
      </object_component>
      <object_component id="oc-cd">
         <name>.text:TimerIntClear</name>
         <load_address>0x2122</load_address>
         <run_address>0x2122</run_address>
         <size>0x4</size>
         <input_file_ref idref="fl-e1"/>
      </object_component>
      <object_component id="oc-e8">
         <name>.text:UARTIntClear</name>
         <load_address>0x2126</load_address>
         <run_address>0x2126</run_address>
         <size>0x4</size>
         <input_file_ref idref="fl-e2"/>
      </object_component>
      <object_component id="oc-65">
         <name>.text</name>
         <load_address>0x212a</load_address>
         <run_address>0x212a</run_address>
         <size>0x4</size>
         <input_file_ref idref="fl-d5"/>
      </object_component>
      <object_component id="oc-2e5">
         <name>.const:g_ppui32GPIOIntMapBlizzard</name>
         <load_address>0x2130</load_address>
         <run_address>0x2130</run_address>
         <size>0xc0</size>
         <input_file_ref idref="fl-dc"/>
      </object_component>
      <object_component id="oc-2e8">
         <name>.const:g_ppui32GPIOIntMapSnowflake</name>
         <load_address>0x21f0</load_address>
         <run_address>0x21f0</run_address>
         <size>0xc0</size>
         <input_file_ref idref="fl-dc"/>
      </object_component>
      <object_component id="oc-29c">
         <name>.const:g_pui32GPIOBaseAddrs</name>
         <load_address>0x22b0</load_address>
         <run_address>0x22b0</run_address>
         <size>0x90</size>
         <input_file_ref idref="fl-dc"/>
      </object_component>
      <object_component id="oc-2a8">
         <name>.const</name>
         <load_address>0x2340</load_address>
         <run_address>0x2340</run_address>
         <size>0x70</size>
         <input_file_ref idref="fl-dd"/>
      </object_component>
      <object_component id="oc-220">
         <name>.const:g_pui32Xtals</name>
         <load_address>0x23b0</load_address>
         <run_address>0x23b0</run_address>
         <size>0x6c</size>
         <input_file_ref idref="fl-e0"/>
      </object_component>
      <object_component id="oc-322">
         <name>.cinit..data.load</name>
         <load_address>0x2420</load_address>
         <run_address>0x2420</run_address>
         <size>0x35</size>
      </object_component>
      <object_component id="oc-321">
         <name>.cinit..vtable.load</name>
         <load_address>0x2458</load_address>
         <run_address>0x2458</run_address>
         <size>0xb</size>
      </object_component>
      <object_component id="oc-323">
         <name>.cinit..bss.load</name>
         <load_address>0x2468</load_address>
         <run_address>0x2468</run_address>
         <size>0x9</size>
      </object_component>
      <object_component id="oc-31f">
         <name>__TI_handler_table</name>
         <load_address>0x2474</load_address>
         <run_address>0x2474</run_address>
         <size>0x8</size>
      </object_component>
      <object_component id="oc-320">
         <name>__TI_cinit_table</name>
         <load_address>0x247c</load_address>
         <run_address>0x247c</run_address>
         <size>0x18</size>
      </object_component>
      <object_component id="oc-2ec">
         <name>.vtable</name>
         <uninitialized>true</uninitialized>
         <run_address>0x20000000</run_address>
         <size>0x26c</size>
         <input_file_ref idref="fl-dd"/>
      </object_component>
      <object_component id="oc-108">
         <name>.data</name>
         <load_address>0x200004c8</load_address>
         <run_address>0x200004c8</run_address>
         <size>0x8</size>
         <input_file_ref idref="fl-2"/>
      </object_component>
      <object_component id="oc-df">
         <name>.data</name>
         <load_address>0x2000046c</load_address>
         <run_address>0x2000046c</run_address>
         <size>0x25</size>
         <input_file_ref idref="fl-3"/>
      </object_component>
      <object_component id="oc-117">
         <name>.data</name>
         <load_address>0x20000494</load_address>
         <run_address>0x20000494</run_address>
         <size>0x1d</size>
         <input_file_ref idref="fl-4"/>
      </object_component>
      <object_component id="oc-151">
         <name>.data:$O1$$</name>
         <load_address>0x200004b4</load_address>
         <run_address>0x200004b4</run_address>
         <size>0xc</size>
         <input_file_ref idref="fl-c9"/>
      </object_component>
      <object_component id="oc-7d">
         <name>.data</name>
         <load_address>0x200004d0</load_address>
         <run_address>0x200004d0</run_address>
         <size>0x4</size>
         <input_file_ref idref="fl-d6"/>
      </object_component>
      <object_component id="oc-154">
         <name>.data:$O1$$</name>
         <load_address>0x200004c0</load_address>
         <run_address>0x200004c0</run_address>
         <size>0x8</size>
         <input_file_ref idref="fl-d7"/>
      </object_component>
      <object_component id="oc-164">
         <name>.common:errorIntegral</name>
         <uninitialized>true</uninitialized>
         <run_address>0x200004ec</run_address>
         <size>0x8</size>
      </object_component>
      <object_component id="oc-165">
         <name>.common:prevError</name>
         <uninitialized>true</uninitialized>
         <run_address>0x200004f4</run_address>
         <size>0x8</size>
      </object_component>
      <object_component id="oc-15f">
         <name>.common:Kp</name>
         <uninitialized>true</uninitialized>
         <run_address>0x200004e4</run_address>
         <size>0x8</size>
      </object_component>
      <object_component id="oc-162">
         <name>.common:Ki</name>
         <uninitialized>true</uninitialized>
         <run_address>0x200004dc</run_address>
         <size>0x8</size>
      </object_component>
      <object_component id="oc-163">
         <name>.common:Kd</name>
         <uninitialized>true</uninitialized>
         <run_address>0x200004d4</run_address>
         <size>0x8</size>
      </object_component>
      <object_component id="oc-2a">
         <name>.stack</name>
         <uninitialized>true</uninitialized>
         <run_address>0x2000026c</run_address>
         <size>0x0</size>
         <input_file_ref idref="fl-c5"/>
      </object_component>
      <object_component id="oc-324">
         <name>.stack</name>
         <uninitialized>true</uninitialized>
         <run_address>0x2000026c</run_address>
         <size>0x0</size>
      </object_component>
      <object_component id="oc-109">
         <name>.debug_info</name>
         <load_address>0x0</load_address>
         <run_address>0x0</run_address>
         <size>0x10d</size>
         <input_file_ref idref="fl-2"/>
      </object_component>
      <object_component id="oc-da">
         <name>.debug_info</name>
         <load_address>0x10d</load_address>
         <run_address>0x10d</run_address>
         <size>0x2df</size>
         <input_file_ref idref="fl-2"/>
      </object_component>
      <object_component id="oc-12f">
         <name>.debug_info</name>
         <load_address>0x3ec</load_address>
         <run_address>0x3ec</run_address>
         <size>0x84</size>
         <input_file_ref idref="fl-2"/>
      </object_component>
      <object_component id="oc-120">
         <name>.debug_info</name>
         <load_address>0x470</load_address>
         <run_address>0x470</run_address>
         <size>0x18b</size>
         <input_file_ref idref="fl-2"/>
      </object_component>
      <object_component id="oc-244">
         <name>.debug_info</name>
         <load_address>0x5fb</load_address>
         <run_address>0x5fb</run_address>
         <size>0x60b</size>
         <input_file_ref idref="fl-3"/>
      </object_component>
      <object_component id="oc-e0">
         <name>.debug_info</name>
         <load_address>0xc06</load_address>
         <run_address>0xc06</run_address>
         <size>0x22a</size>
         <input_file_ref idref="fl-3"/>
      </object_component>
      <object_component id="oc-34">
         <name>.debug_info</name>
         <load_address>0xe30</load_address>
         <run_address>0xe30</run_address>
         <size>0x628</size>
         <input_file_ref idref="fl-3"/>
      </object_component>
      <object_component id="oc-11b">
         <name>.debug_info</name>
         <load_address>0x1458</load_address>
         <run_address>0x1458</run_address>
         <size>0x8b</size>
         <input_file_ref idref="fl-3"/>
      </object_component>
      <object_component id="oc-253">
         <name>.debug_info</name>
         <load_address>0x14e3</load_address>
         <run_address>0x14e3</run_address>
         <size>0x166</size>
         <input_file_ref idref="fl-4"/>
      </object_component>
      <object_component id="oc-118">
         <name>.debug_info</name>
         <load_address>0x1649</load_address>
         <run_address>0x1649</run_address>
         <size>0x201</size>
         <input_file_ref idref="fl-4"/>
      </object_component>
      <object_component id="oc-c8">
         <name>.debug_info</name>
         <load_address>0x184a</load_address>
         <run_address>0x184a</run_address>
         <size>0x2df</size>
         <input_file_ref idref="fl-4"/>
      </object_component>
      <object_component id="oc-39">
         <name>.debug_info</name>
         <load_address>0x1b29</load_address>
         <run_address>0x1b29</run_address>
         <size>0x14c</size>
         <input_file_ref idref="fl-5"/>
      </object_component>
      <object_component id="oc-10">
         <name>.debug_info</name>
         <load_address>0x1c75</load_address>
         <run_address>0x1c75</run_address>
         <size>0xeb</size>
         <input_file_ref idref="fl-5"/>
      </object_component>
      <object_component id="oc-2c">
         <name>.debug_info</name>
         <load_address>0x1d60</load_address>
         <run_address>0x1d60</run_address>
         <size>0x267</size>
         <input_file_ref idref="fl-5"/>
      </object_component>
      <object_component id="oc-234">
         <name>.debug_info</name>
         <load_address>0x1fc7</load_address>
         <run_address>0x1fc7</run_address>
         <size>0x1ec</size>
         <input_file_ref idref="fl-6"/>
      </object_component>
      <object_component id="oc-b7">
         <name>.debug_info</name>
         <load_address>0x21b3</load_address>
         <run_address>0x21b3</run_address>
         <size>0x649</size>
         <input_file_ref idref="fl-6"/>
      </object_component>
      <object_component id="oc-21d">
         <name>.debug_info</name>
         <load_address>0x27fc</load_address>
         <run_address>0x27fc</run_address>
         <size>0x73d</size>
         <input_file_ref idref="fl-7"/>
      </object_component>
      <object_component id="oc-96">
         <name>.debug_info</name>
         <load_address>0x2f39</load_address>
         <run_address>0x2f39</run_address>
         <size>0xa55</size>
         <input_file_ref idref="fl-7"/>
      </object_component>
      <object_component id="oc-160">
         <name>.debug_info</name>
         <load_address>0x398e</load_address>
         <run_address>0x398e</run_address>
         <size>0x15f</size>
         <input_file_ref idref="fl-9"/>
      </object_component>
      <object_component id="oc-8a">
         <name>.debug_info</name>
         <load_address>0x3aed</load_address>
         <run_address>0x3aed</run_address>
         <size>0x263</size>
         <input_file_ref idref="fl-9"/>
      </object_component>
      <object_component id="oc-27">
         <name>.debug_info</name>
         <load_address>0x3d50</load_address>
         <run_address>0x3d50</run_address>
         <size>0x17c</size>
         <input_file_ref idref="fl-c5"/>
      </object_component>
      <object_component id="oc-45">
         <name>.debug_info</name>
         <load_address>0x3ecc</load_address>
         <run_address>0x3ecc</run_address>
         <size>0x15c</size>
         <input_file_ref idref="fl-c6"/>
      </object_component>
      <object_component id="oc-14">
         <name>.debug_info</name>
         <load_address>0x4028</load_address>
         <run_address>0x4028</run_address>
         <size>0x1fb</size>
         <input_file_ref idref="fl-c6"/>
      </object_component>
      <object_component id="oc-40">
         <name>.debug_info</name>
         <load_address>0x4223</load_address>
         <run_address>0x4223</run_address>
         <size>0x46</size>
         <input_file_ref idref="fl-c6"/>
      </object_component>
      <object_component id="oc-128">
         <name>.debug_info</name>
         <load_address>0x4269</load_address>
         <run_address>0x4269</run_address>
         <size>0x2c</size>
         <input_file_ref idref="fl-c6"/>
      </object_component>
      <object_component id="oc-4d">
         <name>.debug_info</name>
         <load_address>0x4295</load_address>
         <run_address>0x4295</run_address>
         <size>0x150</size>
         <input_file_ref idref="fl-c7"/>
      </object_component>
      <object_component id="oc-47">
         <name>.debug_info</name>
         <load_address>0x43e5</load_address>
         <run_address>0x43e5</run_address>
         <size>0x263</size>
         <input_file_ref idref="fl-c7"/>
      </object_component>
      <object_component id="oc-19">
         <name>.debug_info</name>
         <load_address>0x4648</load_address>
         <run_address>0x4648</run_address>
         <size>0x1cd</size>
         <input_file_ref idref="fl-c7"/>
      </object_component>
      <object_component id="oc-4e">
         <name>.debug_info</name>
         <load_address>0x4815</load_address>
         <run_address>0x4815</run_address>
         <size>0x39</size>
         <input_file_ref idref="fl-c7"/>
      </object_component>
      <object_component id="oc-137">
         <name>.debug_info</name>
         <load_address>0x484e</load_address>
         <run_address>0x484e</run_address>
         <size>0x2c</size>
         <input_file_ref idref="fl-c7"/>
      </object_component>
      <object_component id="oc-158">
         <name>.debug_info</name>
         <load_address>0x487a</load_address>
         <run_address>0x487a</run_address>
         <size>0x250</size>
         <input_file_ref idref="fl-c9"/>
      </object_component>
      <object_component id="oc-152">
         <name>.debug_info</name>
         <load_address>0x4aca</load_address>
         <run_address>0x4aca</run_address>
         <size>0x1a1</size>
         <input_file_ref idref="fl-c9"/>
      </object_component>
      <object_component id="oc-78">
         <name>.debug_info</name>
         <load_address>0x4c6b</load_address>
         <run_address>0x4c6b</run_address>
         <size>0x230</size>
         <input_file_ref idref="fl-c9"/>
      </object_component>
      <object_component id="oc-fa">
         <name>.debug_info</name>
         <load_address>0x4e9b</load_address>
         <run_address>0x4e9b</run_address>
         <size>0x160</size>
         <input_file_ref idref="fl-ca"/>
      </object_component>
      <object_component id="oc-104">
         <name>.debug_info</name>
         <load_address>0x4ffb</load_address>
         <run_address>0x4ffb</run_address>
         <size>0x13c</size>
         <input_file_ref idref="fl-cb"/>
      </object_component>
      <object_component id="oc-ac">
         <name>.debug_info</name>
         <load_address>0x5137</load_address>
         <run_address>0x5137</run_address>
         <size>0x14e</size>
         <input_file_ref idref="fl-cc"/>
      </object_component>
      <object_component id="oc-23d">
         <name>.debug_info</name>
         <load_address>0x5285</load_address>
         <run_address>0x5285</run_address>
         <size>0x14e</size>
         <input_file_ref idref="fl-cd"/>
      </object_component>
      <object_component id="oc-b3">
         <name>.debug_info</name>
         <load_address>0x53d3</load_address>
         <run_address>0x53d3</run_address>
         <size>0x142</size>
         <input_file_ref idref="fl-ce"/>
      </object_component>
      <object_component id="oc-ff">
         <name>.debug_info</name>
         <load_address>0x5515</load_address>
         <run_address>0x5515</run_address>
         <size>0x152</size>
         <input_file_ref idref="fl-cf"/>
      </object_component>
      <object_component id="oc-f5">
         <name>.debug_info</name>
         <load_address>0x5667</load_address>
         <run_address>0x5667</run_address>
         <size>0x140</size>
         <input_file_ref idref="fl-d0"/>
      </object_component>
      <object_component id="oc-a9">
         <name>.debug_info</name>
         <load_address>0x57a7</load_address>
         <run_address>0x57a7</run_address>
         <size>0x140</size>
         <input_file_ref idref="fl-d1"/>
      </object_component>
      <object_component id="oc-3b">
         <name>.debug_info</name>
         <load_address>0x58e7</load_address>
         <run_address>0x58e7</run_address>
         <size>0x12d</size>
         <input_file_ref idref="fl-d2"/>
      </object_component>
      <object_component id="oc-55">
         <name>.debug_info</name>
         <load_address>0x5a14</load_address>
         <run_address>0x5a14</run_address>
         <size>0x15b</size>
         <input_file_ref idref="fl-d3"/>
      </object_component>
      <object_component id="oc-61">
         <name>.debug_info</name>
         <load_address>0x5b6f</load_address>
         <run_address>0x5b6f</run_address>
         <size>0x154</size>
         <input_file_ref idref="fl-d4"/>
      </object_component>
      <object_component id="oc-66">
         <name>.debug_info</name>
         <load_address>0x5cc3</load_address>
         <run_address>0x5cc3</run_address>
         <size>0x164</size>
         <input_file_ref idref="fl-d5"/>
      </object_component>
      <object_component id="oc-7e">
         <name>.debug_info</name>
         <load_address>0x5e27</load_address>
         <run_address>0x5e27</run_address>
         <size>0x125</size>
         <input_file_ref idref="fl-d6"/>
      </object_component>
      <object_component id="oc-274">
         <name>.debug_info</name>
         <load_address>0x5f4c</load_address>
         <run_address>0x5f4c</run_address>
         <size>0x140</size>
         <input_file_ref idref="fl-d7"/>
      </object_component>
      <object_component id="oc-155">
         <name>.debug_info</name>
         <load_address>0x608c</load_address>
         <run_address>0x608c</run_address>
         <size>0x12f</size>
         <input_file_ref idref="fl-d7"/>
      </object_component>
      <object_component id="oc-26d">
         <name>.debug_info</name>
         <load_address>0x61bb</load_address>
         <run_address>0x61bb</run_address>
         <size>0x23b</size>
         <input_file_ref idref="fl-d7"/>
      </object_component>
      <object_component id="oc-150">
         <name>.debug_info</name>
         <load_address>0x63f6</load_address>
         <run_address>0x63f6</run_address>
         <size>0x182</size>
         <input_file_ref idref="fl-d8"/>
      </object_component>
      <object_component id="oc-72">
         <name>.debug_info</name>
         <load_address>0x6578</load_address>
         <run_address>0x6578</run_address>
         <size>0x183</size>
         <input_file_ref idref="fl-d8"/>
      </object_component>
      <object_component id="oc-265">
         <name>.debug_info</name>
         <load_address>0x66fb</load_address>
         <run_address>0x66fb</run_address>
         <size>0x5e</size>
         <input_file_ref idref="fl-d8"/>
      </object_component>
      <object_component id="oc-14e">
         <name>.debug_info</name>
         <load_address>0x6759</load_address>
         <run_address>0x6759</run_address>
         <size>0x305</size>
         <input_file_ref idref="fl-d9"/>
      </object_component>
      <object_component id="oc-6c">
         <name>.debug_info</name>
         <load_address>0x6a5e</load_address>
         <run_address>0x6a5e</run_address>
         <size>0x1ac</size>
         <input_file_ref idref="fl-d9"/>
      </object_component>
      <object_component id="oc-259">
         <name>.debug_info</name>
         <load_address>0x6c0a</load_address>
         <run_address>0x6c0a</run_address>
         <size>0x39</size>
         <input_file_ref idref="fl-d9"/>
      </object_component>
      <object_component id="oc-25e">
         <name>.debug_info</name>
         <load_address>0x6c43</load_address>
         <run_address>0x6c43</run_address>
         <size>0xcd</size>
         <input_file_ref idref="fl-d9"/>
      </object_component>
      <object_component id="oc-255">
         <name>.debug_info</name>
         <load_address>0x6d10</load_address>
         <run_address>0x6d10</run_address>
         <size>0x1fc</size>
         <input_file_ref idref="fl-da"/>
      </object_component>
      <object_component id="oc-143">
         <name>.debug_info</name>
         <load_address>0x6f0c</load_address>
         <run_address>0x6f0c</run_address>
         <size>0x19f</size>
         <input_file_ref idref="fl-da"/>
      </object_component>
      <object_component id="oc-2dc">
         <name>.debug_info</name>
         <load_address>0x70ab</load_address>
         <run_address>0x70ab</run_address>
         <size>0x2c</size>
         <input_file_ref idref="fl-da"/>
      </object_component>
      <object_component id="oc-14a">
         <name>.debug_info</name>
         <load_address>0x70d7</load_address>
         <run_address>0x70d7</run_address>
         <size>0x161</size>
         <input_file_ref idref="fl-db"/>
      </object_component>
      <object_component id="oc-24f">
         <name>.debug_info</name>
         <load_address>0x7238</load_address>
         <run_address>0x7238</run_address>
         <size>0x230</size>
         <input_file_ref idref="fl-dc"/>
      </object_component>
      <object_component id="oc-2e6">
         <name>.debug_info</name>
         <load_address>0x7468</load_address>
         <run_address>0x7468</run_address>
         <size>0x167</size>
         <input_file_ref idref="fl-dc"/>
      </object_component>
      <object_component id="oc-2e9">
         <name>.debug_info</name>
         <load_address>0x75cf</load_address>
         <run_address>0x75cf</run_address>
         <size>0x169</size>
         <input_file_ref idref="fl-dc"/>
      </object_component>
      <object_component id="oc-29d">
         <name>.debug_info</name>
         <load_address>0x7738</load_address>
         <run_address>0x7738</run_address>
         <size>0x15b</size>
         <input_file_ref idref="fl-dc"/>
      </object_component>
      <object_component id="oc-228">
         <name>.debug_info</name>
         <load_address>0x7893</load_address>
         <run_address>0x7893</run_address>
         <size>0x2a3</size>
         <input_file_ref idref="fl-dc"/>
      </object_component>
      <object_component id="oc-284">
         <name>.debug_info</name>
         <load_address>0x7b36</load_address>
         <run_address>0x7b36</run_address>
         <size>0x2b3</size>
         <input_file_ref idref="fl-dc"/>
      </object_component>
      <object_component id="oc-181">
         <name>.debug_info</name>
         <load_address>0x7de9</load_address>
         <run_address>0x7de9</run_address>
         <size>0x316</size>
         <input_file_ref idref="fl-dc"/>
      </object_component>
      <object_component id="oc-1e7">
         <name>.debug_info</name>
         <load_address>0x80ff</load_address>
         <run_address>0x80ff</run_address>
         <size>0x27b</size>
         <input_file_ref idref="fl-dc"/>
      </object_component>
      <object_component id="oc-1a5">
         <name>.debug_info</name>
         <load_address>0x837a</load_address>
         <run_address>0x837a</run_address>
         <size>0x279</size>
         <input_file_ref idref="fl-dc"/>
      </object_component>
      <object_component id="oc-1ff">
         <name>.debug_info</name>
         <load_address>0x85f3</load_address>
         <run_address>0x85f3</run_address>
         <size>0x279</size>
         <input_file_ref idref="fl-dc"/>
      </object_component>
      <object_component id="oc-175">
         <name>.debug_info</name>
         <load_address>0x886c</load_address>
         <run_address>0x886c</run_address>
         <size>0x2b7</size>
         <input_file_ref idref="fl-dc"/>
      </object_component>
      <object_component id="oc-17b">
         <name>.debug_info</name>
         <load_address>0x8b23</load_address>
         <run_address>0x8b23</run_address>
         <size>0x285</size>
         <input_file_ref idref="fl-dc"/>
      </object_component>
      <object_component id="oc-112">
         <name>.debug_info</name>
         <load_address>0x8da8</load_address>
         <run_address>0x8da8</run_address>
         <size>0x27b</size>
         <input_file_ref idref="fl-dc"/>
      </object_component>
      <object_component id="oc-19f">
         <name>.debug_info</name>
         <load_address>0x9023</load_address>
         <run_address>0x9023</run_address>
         <size>0x280</size>
         <input_file_ref idref="fl-dc"/>
      </object_component>
      <object_component id="oc-28e">
         <name>.debug_info</name>
         <load_address>0x92a3</load_address>
         <run_address>0x92a3</run_address>
         <size>0x27e</size>
         <input_file_ref idref="fl-dc"/>
      </object_component>
      <object_component id="oc-193">
         <name>.debug_info</name>
         <load_address>0x9521</load_address>
         <run_address>0x9521</run_address>
         <size>0x2bb</size>
         <input_file_ref idref="fl-dc"/>
      </object_component>
      <object_component id="oc-18d">
         <name>.debug_info</name>
         <load_address>0x97dc</load_address>
         <run_address>0x97dc</run_address>
         <size>0x2cf</size>
         <input_file_ref idref="fl-dc"/>
      </object_component>
      <object_component id="oc-199">
         <name>.debug_info</name>
         <load_address>0x9aab</load_address>
         <run_address>0x9aab</run_address>
         <size>0x28f</size>
         <input_file_ref idref="fl-dc"/>
      </object_component>
      <object_component id="oc-187">
         <name>.debug_info</name>
         <load_address>0x9d3a</load_address>
         <run_address>0x9d3a</run_address>
         <size>0x291</size>
         <input_file_ref idref="fl-dc"/>
      </object_component>
      <object_component id="oc-10c">
         <name>.debug_info</name>
         <load_address>0x9fcb</load_address>
         <run_address>0x9fcb</run_address>
         <size>0x28d</size>
         <input_file_ref idref="fl-dc"/>
      </object_component>
      <object_component id="oc-2ac">
         <name>.debug_info</name>
         <load_address>0xa258</load_address>
         <run_address>0xa258</run_address>
         <size>0x20e</size>
         <input_file_ref idref="fl-dd"/>
      </object_component>
      <object_component id="oc-2a9">
         <name>.debug_info</name>
         <load_address>0xa466</load_address>
         <run_address>0xa466</run_address>
         <size>0x210</size>
         <input_file_ref idref="fl-dd"/>
      </object_component>
      <object_component id="oc-2ed">
         <name>.debug_info</name>
         <load_address>0xa676</load_address>
         <run_address>0xa676</run_address>
         <size>0x157</size>
         <input_file_ref idref="fl-dd"/>
      </object_component>
      <object_component id="oc-294">
         <name>.debug_info</name>
         <load_address>0xa7cd</load_address>
         <run_address>0xa7cd</run_address>
         <size>0x2c1</size>
         <input_file_ref idref="fl-dd"/>
      </object_component>
      <object_component id="oc-8f">
         <name>.debug_info</name>
         <load_address>0xaa8e</load_address>
         <run_address>0xaa8e</run_address>
         <size>0x23e</size>
         <input_file_ref idref="fl-dd"/>
      </object_component>
      <object_component id="oc-1d5">
         <name>.debug_info</name>
         <load_address>0xaccc</load_address>
         <run_address>0xaccc</run_address>
         <size>0x268</size>
         <input_file_ref idref="fl-dd"/>
      </object_component>
      <object_component id="oc-2c1">
         <name>.debug_info</name>
         <load_address>0xaf34</load_address>
         <run_address>0xaf34</run_address>
         <size>0x1ed</size>
         <input_file_ref idref="fl-de"/>
      </object_component>
      <object_component id="oc-22e">
         <name>.debug_info</name>
         <load_address>0xb121</load_address>
         <run_address>0xb121</run_address>
         <size>0x2f6</size>
         <input_file_ref idref="fl-de"/>
      </object_component>
      <object_component id="oc-211">
         <name>.debug_info</name>
         <load_address>0xb417</load_address>
         <run_address>0xb417</run_address>
         <size>0x2c4</size>
         <input_file_ref idref="fl-de"/>
      </object_component>
      <object_component id="oc-20c">
         <name>.debug_info</name>
         <load_address>0xb6db</load_address>
         <run_address>0xb6db</run_address>
         <size>0x2b6</size>
         <input_file_ref idref="fl-de"/>
      </object_component>
      <object_component id="oc-217">
         <name>.debug_info</name>
         <load_address>0xb991</load_address>
         <run_address>0xb991</run_address>
         <size>0x276</size>
         <input_file_ref idref="fl-de"/>
      </object_component>
      <object_component id="oc-205">
         <name>.debug_info</name>
         <load_address>0xbc07</load_address>
         <run_address>0xbc07</run_address>
         <size>0x2b3</size>
         <input_file_ref idref="fl-de"/>
      </object_component>
      <object_component id="oc-23b">
         <name>.debug_info</name>
         <load_address>0xbeba</load_address>
         <run_address>0xbeba</run_address>
         <size>0x1e8</size>
         <input_file_ref idref="fl-df"/>
      </object_component>
      <object_component id="oc-1c3">
         <name>.debug_info</name>
         <load_address>0xc0a2</load_address>
         <run_address>0xc0a2</run_address>
         <size>0x28b</size>
         <input_file_ref idref="fl-df"/>
      </object_component>
      <object_component id="oc-d4">
         <name>.debug_info</name>
         <load_address>0xc32d</load_address>
         <run_address>0xc32d</run_address>
         <size>0x24d</size>
         <input_file_ref idref="fl-df"/>
      </object_component>
      <object_component id="oc-1b1">
         <name>.debug_info</name>
         <load_address>0xc57a</load_address>
         <run_address>0xc57a</run_address>
         <size>0x28c</size>
         <input_file_ref idref="fl-df"/>
      </object_component>
      <object_component id="oc-1bd">
         <name>.debug_info</name>
         <load_address>0xc806</load_address>
         <run_address>0xc806</run_address>
         <size>0x23f</size>
         <input_file_ref idref="fl-df"/>
      </object_component>
      <object_component id="oc-1ab">
         <name>.debug_info</name>
         <load_address>0xca45</load_address>
         <run_address>0xca45</run_address>
         <size>0x241</size>
         <input_file_ref idref="fl-df"/>
      </object_component>
      <object_component id="oc-1b7">
         <name>.debug_info</name>
         <load_address>0xcc86</load_address>
         <run_address>0xcc86</run_address>
         <size>0x2cd</size>
         <input_file_ref idref="fl-df"/>
      </object_component>
      <object_component id="oc-15e">
         <name>.debug_info</name>
         <load_address>0xcf53</load_address>
         <run_address>0xcf53</run_address>
         <size>0x298</size>
         <input_file_ref idref="fl-e0"/>
      </object_component>
      <object_component id="oc-221">
         <name>.debug_info</name>
         <load_address>0xd1eb</load_address>
         <run_address>0xd1eb</run_address>
         <size>0x14d</size>
         <input_file_ref idref="fl-e0"/>
      </object_component>
      <object_component id="oc-16f">
         <name>.debug_info</name>
         <load_address>0xd338</load_address>
         <run_address>0xd338</run_address>
         <size>0x27d</size>
         <input_file_ref idref="fl-e0"/>
      </object_component>
      <object_component id="oc-1f9">
         <name>.debug_info</name>
         <load_address>0xd5b5</load_address>
         <run_address>0xd5b5</run_address>
         <size>0x263</size>
         <input_file_ref idref="fl-e0"/>
      </object_component>
      <object_component id="oc-83">
         <name>.debug_info</name>
         <load_address>0xd818</load_address>
         <run_address>0xd818</run_address>
         <size>0x2db</size>
         <input_file_ref idref="fl-e0"/>
      </object_component>
      <object_component id="oc-a1">
         <name>.debug_info</name>
         <load_address>0xdaf3</load_address>
         <run_address>0xdaf3</run_address>
         <size>0x2b5</size>
         <input_file_ref idref="fl-e0"/>
      </object_component>
      <object_component id="oc-27a">
         <name>.debug_info</name>
         <load_address>0xdda8</load_address>
         <run_address>0xdda8</run_address>
         <size>0x5f</size>
         <input_file_ref idref="fl-e0"/>
      </object_component>
      <object_component id="oc-239">
         <name>.debug_info</name>
         <load_address>0xde07</load_address>
         <run_address>0xde07</run_address>
         <size>0x223</size>
         <input_file_ref idref="fl-e1"/>
      </object_component>
      <object_component id="oc-1cf">
         <name>.debug_info</name>
         <load_address>0xe02a</load_address>
         <run_address>0xe02a</run_address>
         <size>0x2ba</size>
         <input_file_ref idref="fl-e1"/>
      </object_component>
      <object_component id="oc-1db">
         <name>.debug_info</name>
         <load_address>0xe2e4</load_address>
         <run_address>0xe2e4</run_address>
         <size>0x294</size>
         <input_file_ref idref="fl-e1"/>
      </object_component>
      <object_component id="oc-ce">
         <name>.debug_info</name>
         <load_address>0xe578</load_address>
         <run_address>0xe578</run_address>
         <size>0x292</size>
         <input_file_ref idref="fl-e1"/>
      </object_component>
      <object_component id="oc-1e1">
         <name>.debug_info</name>
         <load_address>0xe80a</load_address>
         <run_address>0xe80a</run_address>
         <size>0x27f</size>
         <input_file_ref idref="fl-e1"/>
      </object_component>
      <object_component id="oc-1c9">
         <name>.debug_info</name>
         <load_address>0xea89</load_address>
         <run_address>0xea89</run_address>
         <size>0x28c</size>
         <input_file_ref idref="fl-e1"/>
      </object_component>
      <object_component id="oc-21f">
         <name>.debug_info</name>
         <load_address>0xed15</load_address>
         <run_address>0xed15</run_address>
         <size>0x227</size>
         <input_file_ref idref="fl-e2"/>
      </object_component>
      <object_component id="oc-e3">
         <name>.debug_info</name>
         <load_address>0xef3c</load_address>
         <run_address>0xef3c</run_address>
         <size>0x27f</size>
         <input_file_ref idref="fl-e2"/>
      </object_component>
      <object_component id="oc-1f3">
         <name>.debug_info</name>
         <load_address>0xf1bb</load_address>
         <run_address>0xf1bb</run_address>
         <size>0x28f</size>
         <input_file_ref idref="fl-e2"/>
      </object_component>
      <object_component id="oc-e9">
         <name>.debug_info</name>
         <load_address>0xf44a</load_address>
         <run_address>0xf44a</run_address>
         <size>0x28d</size>
         <input_file_ref idref="fl-e2"/>
      </object_component>
      <object_component id="oc-9b">
         <name>.debug_info</name>
         <load_address>0xf6d7</load_address>
         <run_address>0xf6d7</run_address>
         <size>0x251</size>
         <input_file_ref idref="fl-e2"/>
      </object_component>
      <object_component id="oc-2b7">
         <name>.debug_info</name>
         <load_address>0xf928</load_address>
         <run_address>0xf928</run_address>
         <size>0x247</size>
         <input_file_ref idref="fl-e2"/>
      </object_component>
      <object_component id="oc-2b1">
         <name>.debug_info</name>
         <load_address>0xfb6f</load_address>
         <run_address>0xfb6f</run_address>
         <size>0x249</size>
         <input_file_ref idref="fl-e2"/>
      </object_component>
      <object_component id="oc-1ed">
         <name>.debug_info</name>
         <load_address>0xfdb8</load_address>
         <run_address>0xfdb8</run_address>
         <size>0x326</size>
         <input_file_ref idref="fl-e2"/>
      </object_component>
      <object_component id="oc-bc">
         <name>.debug_info</name>
         <load_address>0x100de</load_address>
         <run_address>0x100de</run_address>
         <size>0x273</size>
         <input_file_ref idref="fl-e2"/>
      </object_component>
      <object_component id="oc-c2">
         <name>.debug_info</name>
         <load_address>0x10351</load_address>
         <run_address>0x10351</run_address>
         <size>0x263</size>
         <input_file_ref idref="fl-e2"/>
      </object_component>
      <object_component id="oc-ef">
         <name>.debug_info</name>
         <load_address>0x105b4</load_address>
         <run_address>0x105b4</run_address>
         <size>0x24d</size>
         <input_file_ref idref="fl-e2"/>
      </object_component>
      <object_component id="oc-168">
         <name>.debug_info</name>
         <load_address>0x10801</load_address>
         <run_address>0x10801</run_address>
         <size>0x212</size>
         <input_file_ref idref="fl-e3"/>
      </object_component>
      <object_component id="oc-325">
         <name>.debug_info</name>
         <load_address>0x10a13</load_address>
         <run_address>0x10a13</run_address>
         <size>0xa1</size>
      </object_component>
      <object_component id="oc-24d">
         <name>.debug_line</name>
         <load_address>0x0</load_address>
         <run_address>0x0</run_address>
         <size>0x2e</size>
         <input_file_ref idref="fl-2"/>
      </object_component>
      <object_component id="oc-dd">
         <name>.debug_line</name>
         <load_address>0x2e</load_address>
         <run_address>0x2e</run_address>
         <size>0x84</size>
         <input_file_ref idref="fl-2"/>
      </object_component>
      <object_component id="oc-132">
         <name>.debug_line</name>
         <load_address>0xb2</load_address>
         <run_address>0xb2</run_address>
         <size>0x20</size>
         <input_file_ref idref="fl-2"/>
      </object_component>
      <object_component id="oc-123">
         <name>.debug_line</name>
         <load_address>0xd2</load_address>
         <run_address>0xd2</run_address>
         <size>0x66</size>
         <input_file_ref idref="fl-2"/>
      </object_component>
      <object_component id="oc-2d5">
         <name>.debug_line</name>
         <load_address>0x138</load_address>
         <run_address>0x138</run_address>
         <size>0x1d1</size>
         <input_file_ref idref="fl-3"/>
      </object_component>
      <object_component id="oc-243">
         <name>.debug_line</name>
         <load_address>0x309</load_address>
         <run_address>0x309</run_address>
         <size>0x2d</size>
         <input_file_ref idref="fl-3"/>
      </object_component>
      <object_component id="oc-32">
         <name>.debug_line</name>
         <load_address>0x336</load_address>
         <run_address>0x336</run_address>
         <size>0x167</size>
         <input_file_ref idref="fl-3"/>
      </object_component>
      <object_component id="oc-11e">
         <name>.debug_line</name>
         <load_address>0x49d</load_address>
         <run_address>0x49d</run_address>
         <size>0x20</size>
         <input_file_ref idref="fl-3"/>
      </object_component>
      <object_component id="oc-2d9">
         <name>.debug_line</name>
         <load_address>0x4bd</load_address>
         <run_address>0x4bd</run_address>
         <size>0x55</size>
         <input_file_ref idref="fl-4"/>
      </object_component>
      <object_component id="oc-252">
         <name>.debug_line</name>
         <load_address>0x512</load_address>
         <run_address>0x512</run_address>
         <size>0x2e</size>
         <input_file_ref idref="fl-4"/>
      </object_component>
      <object_component id="oc-cb">
         <name>.debug_line</name>
         <load_address>0x540</load_address>
         <run_address>0x540</run_address>
         <size>0x97</size>
         <input_file_ref idref="fl-4"/>
      </object_component>
      <object_component id="oc-126">
         <name>.debug_line</name>
         <load_address>0x5d7</load_address>
         <run_address>0x5d7</run_address>
         <size>0x41</size>
         <input_file_ref idref="fl-5"/>
      </object_component>
      <object_component id="oc-38">
         <name>.debug_line</name>
         <load_address>0x618</load_address>
         <run_address>0x618</run_address>
         <size>0x41</size>
         <input_file_ref idref="fl-5"/>
      </object_component>
      <object_component id="oc-30">
         <name>.debug_line</name>
         <load_address>0x659</load_address>
         <run_address>0x659</run_address>
         <size>0xa1</size>
         <input_file_ref idref="fl-5"/>
      </object_component>
      <object_component id="oc-2ce">
         <name>.debug_line</name>
         <load_address>0x6fa</load_address>
         <run_address>0x6fa</run_address>
         <size>0xd8</size>
         <input_file_ref idref="fl-6"/>
      </object_component>
      <object_component id="oc-b6">
         <name>.debug_line</name>
         <load_address>0x7d2</load_address>
         <run_address>0x7d2</run_address>
         <size>0x180</size>
         <input_file_ref idref="fl-6"/>
      </object_component>
      <object_component id="oc-2c6">
         <name>.debug_line</name>
         <load_address>0x952</load_address>
         <run_address>0x952</run_address>
         <size>0x1a0</size>
         <input_file_ref idref="fl-7"/>
      </object_component>
      <object_component id="oc-99">
         <name>.debug_line</name>
         <load_address>0xaf2</load_address>
         <run_address>0xaf2</run_address>
         <size>0x14f</size>
         <input_file_ref idref="fl-7"/>
      </object_component>
      <object_component id="oc-280">
         <name>.debug_line</name>
         <load_address>0xc41</load_address>
         <run_address>0xc41</run_address>
         <size>0x3e</size>
         <input_file_ref idref="fl-9"/>
      </object_component>
      <object_component id="oc-8c">
         <name>.debug_line</name>
         <load_address>0xc7f</load_address>
         <run_address>0xc7f</run_address>
         <size>0x78</size>
         <input_file_ref idref="fl-9"/>
      </object_component>
      <object_component id="oc-26">
         <name>.debug_line</name>
         <load_address>0xcf7</load_address>
         <run_address>0xcf7</run_address>
         <size>0x53</size>
         <input_file_ref idref="fl-c5"/>
      </object_component>
      <object_component id="oc-12e">
         <name>.debug_line</name>
         <load_address>0xd4a</load_address>
         <run_address>0xd4a</run_address>
         <size>0xa5</size>
         <input_file_ref idref="fl-c6"/>
      </object_component>
      <object_component id="oc-13">
         <name>.debug_line</name>
         <load_address>0xdef</load_address>
         <run_address>0xdef</run_address>
         <size>0x55</size>
         <input_file_ref idref="fl-c6"/>
      </object_component>
      <object_component id="oc-43">
         <name>.debug_line</name>
         <load_address>0xe44</load_address>
         <run_address>0xe44</run_address>
         <size>0x3a</size>
         <input_file_ref idref="fl-c6"/>
      </object_component>
      <object_component id="oc-12b">
         <name>.debug_line</name>
         <load_address>0xe7e</load_address>
         <run_address>0xe7e</run_address>
         <size>0xa5</size>
         <input_file_ref idref="fl-c6"/>
      </object_component>
      <object_component id="oc-136">
         <name>.debug_line</name>
         <load_address>0xf23</load_address>
         <run_address>0xf23</run_address>
         <size>0xa5</size>
         <input_file_ref idref="fl-c7"/>
      </object_component>
      <object_component id="oc-4a">
         <name>.debug_line</name>
         <load_address>0xfc8</load_address>
         <run_address>0xfc8</run_address>
         <size>0x98</size>
         <input_file_ref idref="fl-c7"/>
      </object_component>
      <object_component id="oc-1c">
         <name>.debug_line</name>
         <load_address>0x1060</load_address>
         <run_address>0x1060</run_address>
         <size>0x4b</size>
         <input_file_ref idref="fl-c7"/>
      </object_component>
      <object_component id="oc-51">
         <name>.debug_line</name>
         <load_address>0x10ab</load_address>
         <run_address>0x10ab</run_address>
         <size>0x39</size>
         <input_file_ref idref="fl-c7"/>
      </object_component>
      <object_component id="oc-13a">
         <name>.debug_line</name>
         <load_address>0x10e4</load_address>
         <run_address>0x10e4</run_address>
         <size>0xa5</size>
         <input_file_ref idref="fl-c7"/>
      </object_component>
      <object_component id="oc-277">
         <name>.debug_line</name>
         <load_address>0x1189</load_address>
         <run_address>0x1189</run_address>
         <size>0x128</size>
         <input_file_ref idref="fl-c9"/>
      </object_component>
      <object_component id="oc-26b">
         <name>.debug_line</name>
         <load_address>0x12b1</load_address>
         <run_address>0x12b1</run_address>
         <size>0x2a</size>
         <input_file_ref idref="fl-c9"/>
      </object_component>
      <object_component id="oc-7b">
         <name>.debug_line</name>
         <load_address>0x12db</load_address>
         <run_address>0x12db</run_address>
         <size>0x86</size>
         <input_file_ref idref="fl-c9"/>
      </object_component>
      <object_component id="oc-fd">
         <name>.debug_line</name>
         <load_address>0x1361</load_address>
         <run_address>0x1361</run_address>
         <size>0xd2</size>
         <input_file_ref idref="fl-ca"/>
      </object_component>
      <object_component id="oc-107">
         <name>.debug_line</name>
         <load_address>0x1433</load_address>
         <run_address>0x1433</run_address>
         <size>0x77</size>
         <input_file_ref idref="fl-cb"/>
      </object_component>
      <object_component id="oc-af">
         <name>.debug_line</name>
         <load_address>0x14aa</load_address>
         <run_address>0x14aa</run_address>
         <size>0xa8</size>
         <input_file_ref idref="fl-cc"/>
      </object_component>
      <object_component id="oc-240">
         <name>.debug_line</name>
         <load_address>0x1552</load_address>
         <run_address>0x1552</run_address>
         <size>0x8e</size>
         <input_file_ref idref="fl-cd"/>
      </object_component>
      <object_component id="oc-b1">
         <name>.debug_line</name>
         <load_address>0x15e0</load_address>
         <run_address>0x15e0</run_address>
         <size>0x5a</size>
         <input_file_ref idref="fl-ce"/>
      </object_component>
      <object_component id="oc-102">
         <name>.debug_line</name>
         <load_address>0x163a</load_address>
         <run_address>0x163a</run_address>
         <size>0x67</size>
         <input_file_ref idref="fl-cf"/>
      </object_component>
      <object_component id="oc-f8">
         <name>.debug_line</name>
         <load_address>0x16a1</load_address>
         <run_address>0x16a1</run_address>
         <size>0x57</size>
         <input_file_ref idref="fl-d0"/>
      </object_component>
      <object_component id="oc-a7">
         <name>.debug_line</name>
         <load_address>0x16f8</load_address>
         <run_address>0x16f8</run_address>
         <size>0x50</size>
         <input_file_ref idref="fl-d1"/>
      </object_component>
      <object_component id="oc-3e">
         <name>.debug_line</name>
         <load_address>0x1748</load_address>
         <run_address>0x1748</run_address>
         <size>0x88</size>
         <input_file_ref idref="fl-d2"/>
      </object_component>
      <object_component id="oc-54">
         <name>.debug_line</name>
         <load_address>0x17d0</load_address>
         <run_address>0x17d0</run_address>
         <size>0x79</size>
         <input_file_ref idref="fl-d3"/>
      </object_component>
      <object_component id="oc-64">
         <name>.debug_line</name>
         <load_address>0x1849</load_address>
         <run_address>0x1849</run_address>
         <size>0x3d</size>
         <input_file_ref idref="fl-d4"/>
      </object_component>
      <object_component id="oc-6a">
         <name>.debug_line</name>
         <load_address>0x1886</load_address>
         <run_address>0x1886</run_address>
         <size>0x40</size>
         <input_file_ref idref="fl-d5"/>
      </object_component>
      <object_component id="oc-15b">
         <name>.debug_line</name>
         <load_address>0x18c6</load_address>
         <run_address>0x18c6</run_address>
         <size>0x33</size>
         <input_file_ref idref="fl-d6"/>
      </object_component>
      <object_component id="oc-2e3">
         <name>.debug_line</name>
         <load_address>0x18f9</load_address>
         <run_address>0x18f9</run_address>
         <size>0x20</size>
         <input_file_ref idref="fl-d7"/>
      </object_component>
      <object_component id="oc-273">
         <name>.debug_line</name>
         <load_address>0x1919</load_address>
         <run_address>0x1919</run_address>
         <size>0x2b</size>
         <input_file_ref idref="fl-d7"/>
      </object_component>
      <object_component id="oc-271">
         <name>.debug_line</name>
         <load_address>0x1944</load_address>
         <run_address>0x1944</run_address>
         <size>0x68</size>
         <input_file_ref idref="fl-d7"/>
      </object_component>
      <object_component id="oc-264">
         <name>.debug_line</name>
         <load_address>0x19ac</load_address>
         <run_address>0x19ac</run_address>
         <size>0x2b</size>
         <input_file_ref idref="fl-d8"/>
      </object_component>
[...]
      </symbol>
      <symbol id="sm-ee">
         <name>SECOND_STAGE</name>
         <value>0x200004a4</value>
         <object_component_ref idref="oc-117"/>
      </symbol>
      <symbol id="sm-ef">
         <name>FIRST_STAGE</name>
         <value>0x200004a0</value>
         <object_component_ref idref="oc-117"/>
      </symbol>
      <symbol id="sm-f0">
         <name>shootDisc</name>
         <value>0xf0d</value>
         <object_component_ref idref="oc-c7"/>
      </symbol>
      <symbol id="sm-f1">
         <name>steady_state_counter</name>
         <value>0x200004ac</value>
         <object_component_ref idref="oc-117"/>
      </symbol>
      <symbol id="sm-f2">
         <name>steady</name>
         <value>0x200004b0</value>
         <object_component_ref idref="oc-117"/>
      </symbol>
      <symbol id="sm-f3">
         <name>des_throw_counter</name>
         <value>0x2000049c</value>
         <object_component_ref idref="oc-117"/>
      </symbol>
      <symbol id="sm-f4">
         <name>throw_counter</name>
         <value>0x200004a8</value>
         <object_component_ref idref="oc-117"/>
      </symbol>
      <symbol id="sm-f5">
         <name>cmd_throw</name>
         <value>0xfcd</value>
         <object_component_ref idref="oc-c7"/>
      </symbol>
      <symbol id="sm-f6">
         <name>triggered</name>
         <value>0x20000498</value>
         <object_component_ref idref="oc-117"/>
      </symbol>
      <symbol id="sm-f7">
         <name>shootComplete</name>
         <value>0x20000494</value>
         <object_component_ref idref="oc-117"/>
      </symbol>
      <symbol id="sm-113">
         <name>ResetISR</name>
         <value>0x209b</value>
         <object_component_ref idref="oc-2b"/>
      </symbol>
      <symbol id="sm-114">
         <name>g_pfnVectors</name>
         <value>0x0</value>
         <object_component_ref idref="oc-f"/>
      </symbol>
      <symbol id="sm-16e">
         <name>setPWM</name>
         <value>0x699</value>
         <object_component_ref idref="oc-b5"/>
      </symbol>
      <symbol id="sm-16f">
         <name>UART_OutUDec</name>
         <value>0x8b5</value>
         <object_component_ref idref="oc-b5"/>
      </symbol>
      <symbol id="sm-170">
         <name>absolute</name>
         <value>0x7dd</value>
         <object_component_ref idref="oc-b5"/>
      </symbol>
      <symbol id="sm-171">
         <name>UART_TransmitString</name>
         <value>0x80d</value>
         <object_component_ref idref="oc-b5"/>
      </symbol>
      <symbol id="sm-172">
         <name>UART_OutDec</name>
         <value>0x98d</value>
         <object_component_ref idref="oc-b5"/>
      </symbol>
      <symbol id="sm-1a8">
         <name>timerInit</name>
         <value>0xb51</value>
         <object_component_ref idref="oc-94"/>
      </symbol>
      <symbol id="sm-1a9">
         <name>uart5Init</name>
         <value>0xbfd</value>
         <object_component_ref idref="oc-94"/>
      </symbol>
      <symbol id="sm-1aa">
         <name>encoderInit</name>
         <value>0xa85</value>
         <object_component_ref idref="oc-94"/>
      </symbol>
      <symbol id="sm-1ab">
         <name>uart1Init</name>
         <value>0xbc5</value>
         <object_component_ref idref="oc-94"/>
      </symbol>
      <symbol id="sm-1ac">
         <name>qeiInit</name>
         <value>0xaef</value>
         <object_component_ref idref="oc-94"/>
      </symbol>
      <symbol id="sm-1ad">
         <name>uart0Init</name>
         <value>0xb8b</value>
         <object_component_ref idref="oc-94"/>
      </symbol>
      <symbol id="sm-1ae">
         <name>motorDirInit</name>
         <value>0xa55</value>
         <object_component_ref idref="oc-94"/>
      </symbol>
      <symbol id="sm-1af">
         <name>pwmInit</name>
         <value>0xc41</value>
         <object_component_ref idref="oc-94"/>
      </symbol>
      <symbol id="sm-1c7">
         <name>errorIntegral</name>
         <value>0x200004ec</value>
      </symbol>
      <symbol id="sm-1c8">
         <name>prevError</name>
         <value>0x200004f4</value>
      </symbol>
      <symbol id="sm-1c9">
         <name>Kp</name>
         <value>0x200004e4</value>
      </symbol>
      <symbol id="sm-1ca">
         <name>Ki</name>
         <value>0x200004dc</value>
      </symbol>
      <symbol id="sm-1cb">
         <name>Kd</name>
         <value>0x200004d4</value>
      </symbol>
      <symbol id="sm-1cc">
         <name>PID</name>
         <value>0x1649</value>
         <object_component_ref idref="oc-88"/>
      </symbol>
      <symbol id="sm-1cd">
         <name>initPIDController</name>
         <value>0x1601</value>
         <object_component_ref idref="oc-88"/>
      </symbol>
      <symbol id="sm-1de">
         <name>_c_int00</name>
         <value>0x1bb9</value>
         <object_component_ref idref="oc-24"/>
      </symbol>
      <symbol id="sm-1df">
         <name>__stack</name>
         <value>0x2000026c</value>
         <object_component_ref idref="oc-2a"/>
      </symbol>
      <symbol id="sm-1f6">
         <name>__TI_decompress_none</name>
         <value>0x2069</value>
         <object_component_ref idref="oc-12"/>
      </symbol>
      <symbol id="sm-21e">
         <name>__TI_decompress_rle24</name>
         <value>0x2115</value>
         <object_component_ref idref="oc-18"/>
      </symbol>
      <symbol id="sm-240">
         <name>C$$EXIT</name>
         <value>0x1c0d</value>
         <object_component_ref idref="oc-77"/>
      </symbol>
      <symbol id="sm-241">
         <name>abort</name>
         <value>0x1c11</value>
         <object_component_ref idref="oc-77"/>
      </symbol>
      <symbol id="sm-242">
         <name>exit</name>
         <value>0x1c19</value>
         <object_component_ref idref="oc-77"/>
      </symbol>
      <symbol id="sm-243">
         <name>__TI_dtors_ptr</name>
         <value>0x200004b8</value>
         <object_component_ref idref="oc-151"/>
      </symbol>
      <symbol id="sm-244">
         <name>__TI_cleanup_ptr</name>
         <value>0x200004b4</value>
         <object_component_ref idref="oc-151"/>
      </symbol>
      <symbol id="sm-245">
         <name>__TI_enable_exit_profile_output</name>
         <value>0x200004bc</value>
         <object_component_ref idref="oc-151"/>
      </symbol>
      <symbol id="sm-25c">
         <name>__aeabi_dsub</name>
         <value>0xd55</value>
         <object_component_ref idref="oc-f9"/>
      </symbol>
      <symbol id="sm-25d">
         <name>__aeabi_dadd</name>
         <value>0xd5f</value>
         <object_component_ref idref="oc-f9"/>
      </symbol>
      <symbol id="sm-26f">
         <name>__aeabi_cdcmpeq</name>
         <value>0x1851</value>
         <object_component_ref idref="oc-103"/>
      </symbol>
      <symbol id="sm-270">
         <name>__aeabi_cdcmple</name>
         <value>0x1851</value>
         <object_component_ref idref="oc-103"/>
      </symbol>
      <symbol id="sm-284">
         <name>__aeabi_ddiv</name>
         <value>0x1099</value>
         <object_component_ref idref="oc-ab"/>
      </symbol>
      <symbol id="sm-28f">
         <name>__aeabi_dmul</name>
         <value>0x1411</value>
         <object_component_ref idref="oc-23c"/>
      </symbol>
      <symbol id="sm-299">
         <name>__aeabi_d2iz</name>
         <value>0x1cf5</value>
         <object_component_ref idref="oc-b0"/>
      </symbol>
      <symbol id="sm-2a5">
         <name>__aeabi_d2f</name>
         <value>0x19c1</value>
         <object_component_ref idref="oc-fe"/>
      </symbol>
      <symbol id="sm-2b0">
         <name>__aeabi_f2d</name>
         <value>0x1dc5</value>
         <object_component_ref idref="oc-f4"/>
      </symbol>
      <symbol id="sm-2ba">
         <name>__aeabi_i2d</name>
         <value>0x1e65</value>
         <object_component_ref idref="oc-a6"/>
      </symbol>
      <symbol id="sm-2d5">
         <name>memcpy</name>
         <value>0x17b5</value>
         <object_component_ref idref="oc-3a"/>
      </symbol>
      <symbol id="sm-2d6">
         <name>__aeabi_memcpy</name>
         <value>0x17b5</value>
         <object_component_ref idref="oc-3a"/>
      </symbol>
      <symbol id="sm-2d7">
         <name>__aeabi_memcpy8</name>
         <value>0x17b5</value>
         <object_component_ref idref="oc-3a"/>
      </symbol>
      <symbol id="sm-2d8">
         <name>__aeabi_memcpy4</name>
         <value>0x17b5</value>
         <object_component_ref idref="oc-3a"/>
      </symbol>
      <symbol id="sm-2e7">
         <name>__aeabi_memset</name>
         <value>0x18d9</value>
         <object_component_ref idref="oc-53"/>
      </symbol>
      <symbol id="sm-2e8">
         <name>memset</name>
         <value>0x18df</value>
         <object_component_ref idref="oc-53"/>
      </symbol>
      <symbol id="sm-2e9">
         <name>__aeabi_memset8</name>
         <value>0x18d9</value>
         <object_component_ref idref="oc-53"/>
      </symbol>
      <symbol id="sm-2ea">
         <name>__aeabi_memset4</name>
         <value>0x18d9</value>
         <object_component_ref idref="oc-53"/>
      </symbol>
      <symbol id="sm-2eb">
         <name>__aeabi_memclr8</name>
         <value>0x18d7</value>
         <object_component_ref idref="oc-53"/>
      </symbol>
      <symbol id="sm-2ec">
         <name>__aeabi_memclr4</name>
         <value>0x18d7</value>
         <object_component_ref idref="oc-53"/>
      </symbol>
      <symbol id="sm-2ed">
         <name>__aeabi_memclr</name>
         <value>0x18d7</value>
         <object_component_ref idref="oc-53"/>
      </symbol>
      <symbol id="sm-2f7">
         <name>__mpu_init</name>
         <value>0xf0b</value>
         <object_component_ref idref="oc-5f"/>
      </symbol>
      <symbol id="sm-301">
         <name>_system_pre_init</name>
         <value>0x212b</value>
         <object_component_ref idref="oc-65"/>
      </symbol>
      <symbol id="sm-309">
         <name>main_func_sp</name>
         <value>0x200004d0</value>
         <object_component_ref idref="oc-7d"/>
      </symbol>
      <symbol id="sm-322">
         <name>_nop</name>
         <value>0x1f9f</value>
         <object_component_ref idref="oc-26c"/>
      </symbol>
      <symbol id="sm-323">
         <name>_lock</name>
         <value>0x200004c0</value>
         <object_component_ref idref="oc-154"/>
      </symbol>
      <symbol id="sm-324">
         <name>_unlock</name>
         <value>0x200004c4</value>
         <object_component_ref idref="oc-154"/>
      </symbol>
      <symbol id="sm-325">
         <name>_register_lock</name>
         <value>0x1f97</value>
         <object_component_ref idref="oc-26c"/>
      </symbol>
      <symbol id="sm-326">
         <name>_register_unlock</name>
         <value>0x1f91</value>
         <object_component_ref idref="oc-26c"/>
      </symbol>
      <symbol id="sm-33a">
         <name>_args_main</name>
         <value>0x1f51</value>
         <object_component_ref idref="oc-71"/>
      </symbol>
      <symbol id="sm-35f">
         <name>__TI_auto_init</name>
         <value>0x1951</value>
         <object_component_ref idref="oc-6b"/>
      </symbol>
      <symbol id="sm-379">
         <name>copy_in</name>
         <value>0x1c61</value>
         <object_component_ref idref="oc-141"/>
      </symbol>
      <symbol id="sm-383">
         <name>_system_post_cinit</name>
         <value>0x1bb7</value>
         <object_component_ref idref="oc-147"/>
      </symbol>
      <symbol id="sm-42c">
         <name>GPIOPinTypePWM</name>
         <value>0x1fb7</value>
         <object_component_ref idref="oc-1fe"/>
      </symbol>
      <symbol id="sm-42d">
         <name>GPIOIntRegister</name>
         <value>0x1f1f</value>
         <object_component_ref idref="oc-18c"/>
      </symbol>
      <symbol id="sm-42e">
         <name>GPIOPinConfigure</name>
         <value>0x1cad</value>
         <object_component_ref idref="oc-19e"/>
      </symbol>
      <symbol id="sm-42f">
         <name>GPIOIntDisable</name>
         <value>0x2031</value>
         <object_component_ref idref="oc-186"/>
      </symbol>
      <symbol id="sm-430">
         <name>GPIOIntEnable</name>
         <value>0x2083</value>
         <object_component_ref idref="oc-198"/>
      </symbol>
      <symbol id="sm-431">
         <name>GPIOIntTypeSet</name>
         <value>0x1b61</value>
         <object_component_ref idref="oc-192"/>
      </symbol>
      <symbol id="sm-432">
         <name>GPIOPinTypeGPIOInput</name>
         <value>0x1fa5</value>
         <object_component_ref idref="oc-17a"/>
      </symbol>
      <symbol id="sm-433">
         <name>GPIOIntClear</name>
         <value>0x20fd</value>
         <object_component_ref idref="oc-10b"/>
      </symbol>
      <symbol id="sm-434">
         <name>GPIOPinTypeUART</name>
         <value>0x1fdb</value>
         <object_component_ref idref="oc-1e6"/>
      </symbol>
      <symbol id="sm-435">
         <name>GPIOPinTypeGPIOOutput</name>
         <value>0x1f37</value>
         <object_component_ref idref="oc-174"/>
      </symbol>
      <symbol id="sm-436">
         <name>GPIOPinRead</name>
         <value>0x2103</value>
         <object_component_ref idref="oc-111"/>
      </symbol>
      <symbol id="sm-437">
         <name>GPIODirModeSet</name>
         <value>0x1e93</value>
         <object_component_ref idref="oc-283"/>
      </symbol>
      <symbol id="sm-438">
         <name>GPIOPinTypeQEI</name>
         <value>0x1fc9</value>
         <object_component_ref idref="oc-1a4"/>
      </symbol>
      <symbol id="sm-439">
         <name>GPIOPinWrite</name>
         <value>0x2109</value>
         <object_component_ref idref="oc-227"/>
      </symbol>
      <symbol id="sm-43a">
         <name>GPIOPadConfigSet</name>
         <value>0x11cf</value>
         <object_component_ref idref="oc-180"/>
      </symbol>
      <symbol id="sm-47c">
         <name>IntEnable</name>
         <value>0x1a99</value>
         <object_component_ref idref="oc-1d4"/>
      </symbol>
      <symbol id="sm-47d">
         <name>IntRegister</name>
         <value>0x1dfd</value>
         <object_component_ref idref="oc-293"/>
      </symbol>
      <symbol id="sm-47e">
         <name>g_pfnRAMVectors</name>
         <value>0x20000000</value>
         <object_component_ref idref="oc-2ec"/>
      </symbol>
      <symbol id="sm-47f">
         <name>IntMasterEnable</name>
         <value>0x2011</value>
         <object_component_ref idref="oc-8e"/>
      </symbol>
      <symbol id="sm-4ac">
         <name>PWMGenPeriodSet</name>
         <value>0x2021</value>
         <object_component_ref idref="oc-20a"/>
      </symbol>
      <symbol id="sm-4ad">
         <name>PWMPulseWidthSet</name>
         <value>0x1f01</value>
         <object_component_ref idref="oc-22d"/>
      </symbol>
      <symbol id="sm-4ae">
         <name>PWMOutputState</name>
         <value>0x1fed</value>
         <object_component_ref idref="oc-210"/>
      </symbol>
      <symbol id="sm-4af">
         <name>PWMGenEnable</name>
         <value>0x208f</value>
         <object_component_ref idref="oc-216"/>
      </symbol>
      <symbol id="sm-4b0">
         <name>PWMGenConfigure</name>
         <value>0x1ebd</value>
         <object_component_ref idref="oc-204"/>
      </symbol>
      <symbol id="sm-4e5">
         <name>QEIPositionGet</name>
         <value>0x211b</value>
         <object_component_ref idref="oc-d3"/>
      </symbol>
      <symbol id="sm-4e6">
         <name>QEIIntDisable</name>
         <value>0x20bb</value>
         <object_component_ref idref="oc-1b0"/>
      </symbol>
      <symbol id="sm-4e7">
         <name>QEIDisable</name>
         <value>0x20a7</value>
         <object_component_ref idref="oc-1aa"/>
      </symbol>
      <symbol id="sm-4e8">
         <name>QEIEnable</name>
         <value>0x20b1</value>
         <object_component_ref idref="oc-1bc"/>
      </symbol>
      <symbol id="sm-4e9">
         <name>QEIPositionSet</name>
         <value>0x211f</value>
         <object_component_ref idref="oc-1c2"/>
      </symbol>
      <symbol id="sm-4ea">
         <name>QEIConfigure</name>
         <value>0x203f</value>
         <object_component_ref idref="oc-1b6"/>
      </symbol>
      <symbol id="sm-546">
         <name>SysCtlClockSet</name>
         <value>0x150d</value>
         <object_component_ref idref="oc-82"/>
      </symbol>
      <symbol id="sm-547">
         <name>SysCtlDelay</name>
         <value>0x210f</value>
         <object_component_ref idref="oc-15c"/>
      </symbol>
      <symbol id="sm-548">
         <name>SysCtlPeripheralEnable</name>
         <value>0x1e31</value>
         <object_component_ref idref="oc-16e"/>
      </symbol>
      <symbol id="sm-549">
         <name>SysCtlClockGet</name>
         <value>0x1301</value>
         <object_component_ref idref="oc-a0"/>
      </symbol>
      <symbol id="sm-54a">
         <name>SysCtlPWMClockSet</name>
         <value>0x1f69</value>
         <object_component_ref idref="oc-1f8"/>
      </symbol>
      <symbol id="sm-57e">
         <name>TimerLoadSet</name>
         <value>0x1fff</value>
         <object_component_ref idref="oc-1ce"/>
      </symbol>
      <symbol id="sm-57f">
         <name>TimerEnable</name>
         <value>0x204d</value>
         <object_component_ref idref="oc-1e0"/>
      </symbol>
      <symbol id="sm-580">
         <name>TimerIntEnable</name>
         <value>0x20ed</value>
         <object_component_ref idref="oc-1da"/>
      </symbol>
      <symbol id="sm-581">
         <name>TimerConfigure</name>
         <value>0x1b01</value>
         <object_component_ref idref="oc-1c8"/>
      </symbol>
      <symbol id="sm-582">
         <name>TimerIntClear</name>
         <value>0x2123</value>
         <object_component_ref idref="oc-cd"/>
      </symbol>
      <symbol id="sm-5dd">
         <name>UARTFIFODisable</name>
         <value>0x20d9</value>
         <object_component_ref idref="oc-9a"/>
      </symbol>
      <symbol id="sm-5de">
         <name>UARTConfigSetExpClk</name>
         <value>0x1d3d</value>
         <object_component_ref idref="oc-1ec"/>
      </symbol>
      <symbol id="sm-5df">
         <name>UARTDisable</name>
         <value>0x1ee1</value>
         <object_component_ref idref="oc-2b0"/>
      </symbol>
      <symbol id="sm-5e0">
         <name>UARTIntEnable</name>
         <value>0x20f5</value>
         <object_component_ref idref="oc-1f2"/>
      </symbol>
      <symbol id="sm-5e1">
         <name>UARTCharGetNonBlocking</name>
         <value>0x205b</value>
         <object_component_ref idref="oc-c1"/>
      </symbol>
      <symbol id="sm-5e2">
         <name>UARTCharPut</name>
         <value>0x20cf</value>
         <object_component_ref idref="oc-bb"/>
      </symbol>
      <symbol id="sm-5e3">
         <name>UARTEnable</name>
         <value>0x1f7d</value>
         <object_component_ref idref="oc-2b6"/>
      </symbol>
      <symbol id="sm-5e4">
         <name>UARTIntClear</name>
         <value>0x2127</value>
         <object_component_ref idref="oc-e8"/>
      </symbol>
      <symbol id="sm-5e5">
         <name>UARTIntStatus</name>
         <value>0x20e3</value>
         <object_component_ref idref="oc-e2"/>
      </symbol>
      <symbol id="sm-5e6">
         <name>UARTCharGet</name>
         <value>0x20c5</value>
         <object_component_ref idref="oc-ee"/>
      </symbol>
      <symbol id="sm-5f0">
         <name>CPUcpsie</name>
         <value>0x2077</value>
         <object_component_ref idref="oc-167"/>
      </symbol>
      <symbol id="sm-5f1">
         <name>__TI_static_base__</name>
         <value>0x0</value>
      </symbol>
      <symbol id="sm-5f4">
         <name>SHT$$INIT_ARRAY$$Limit</name>
         <value>0x0</value>
      </symbol>
      <symbol id="sm-5f5">
         <name>SHT$$INIT_ARRAY$$Base</name>
         <value>0x0</value>
      </symbol>
   </symbol_table>
   <title>Link successful</title>
</link_info>
