<?xml version="1.0"?>
<link_info>
   <banner>TI ARM Linker PC v15.12.1.LTS</banner>
   <copyright>Copyright (c) 1996-2015 Texas Instruments Incorporated</copyright>
   <link_time>0x585a5f8d</link_time>
   <link_errors>0x0</link_errors>
   <output_file>mechanism_control_payal.out</output_file>
   <entry_point>
      <name>_c_int00</name>
      <address>0x199d</address>
   </entry_point>
   <input_file_list>
      <input_file id="fl-2">
         <path>.\</path>
         <kind>object</kind>
         <file>angle.obj</file>
         <name>angle.obj</name>
      </input_file>
      <input_file id="fl-3">
         <path>.\</path>
         <kind>object</kind>
         <file>main.obj</file>
         <name>main.obj</name>
      </input_file>
      <input_file id="fl-4">
         <path>.\</path>
         <kind>object</kind>
         <file>shoot.obj</file>
         <name>shoot.obj</name>
      </input_file>
      <input_file id="fl-5">
         <path>.\</path>
         <kind>object</kind>
         <file>tm4c123gh6pm_startup_ccs.obj</file>
         <name>tm4c123gh6pm_startup_ccs.obj</name>
      </input_file>
      <input_file id="fl-6">
         <path>.\userLib\</path>
         <kind>object</kind>
         <file>common.obj</file>
         <name>common.obj</name>
      </input_file>
      <input_file id="fl-7">
         <path>.\userLib\</path>
         <kind>object</kind>
         <file>init.obj</file>
         <name>init.obj</name>
      </input_file>
      <input_file id="fl-8">
         <path>.\userLib\</path>
         <kind>object</kind>
         <file>movingArray.obj</file>
         <name>movingArray.obj</name>
      </input_file>
      <input_file id="fl-9">
         <path>.\userLib\</path>
         <kind>object</kind>
         <file>pidController.obj</file>
         <name>pidController.obj</name>
      </input_file>
      <input_file id="fl-c5">
         <path>C:\ti\ccsv6\tools\compiler\ti-cgt-arm_15.12.1.LTS\lib\</path>
         <kind>archive</kind>
         <file>rtsv7M4_T_le_v4SPD16_eabi.lib</file>
         <name>boot.obj</name>
      </input_file>
      <input_file id="fl-c6">
         <path>C:\ti\ccsv6\tools\compiler\ti-cgt-arm_15.12.1.LTS\lib\</path>
         <kind>archive</kind>
         <file>rtsv7M4_T_le_v4SPD16_eabi.lib</file>
         <name>copy_decompress_none.obj</name>
      </input_file>
      <input_file id="fl-c7">
         <path>C:\ti\ccsv6\tools\compiler\ti-cgt-arm_15.12.1.LTS\lib\</path>
         <kind>archive</kind>
         <file>rtsv7M4_T_le_v4SPD16_eabi.lib</file>
         <name>copy_decompress_rle.obj</name>
      </input_file>
      <input_file id="fl-c8">
         <path>C:\ti\ccsv6\tools\compiler\ti-cgt-arm_15.12.1.LTS\lib\</path>
         <kind>archive</kind>
         <file>rtsv7M4_T_le_v4SPD16_eabi.lib</file>
         <name>copy_zero_init.obj</name>
      </input_file>
      <input_file id="fl-c9">
         <path>C:\ti\ccsv6\tools\compiler\ti-cgt-arm_15.12.1.LTS\lib\</path>
         <kind>archive</kind>
         <file>rtsv7M4_T_le_v4SPD16_eabi.lib</file>
         <name>exit.obj</name>
      </input_file>
      <input_file id="fl-ca">
         <path>C:\ti\ccsv6\tools\compiler\ti-cgt-arm_15.12.1.LTS\lib\</path>
         <kind>archive</kind>
         <file>rtsv7M4_T_le_v4SPD16_eabi.lib</file>
         <name>fd_add_t2.obj</name>
      </input_file>
      <input_file id="fl-cb">
         <path>C:\ti\ccsv6\tools\compiler\ti-cgt-arm_15.12.1.LTS\lib\</path>
         <kind>archive</kind>
         <file>rtsv7M4_T_le_v4SPD16_eabi.lib</file>
         <name>fd_cmp_t2.obj</name>
      </input_file>
      <input_file id="fl-cc">
         <path>C:\ti\ccsv6\tools\compiler\ti-cgt-arm_15.12.1.LTS\lib\</path>
         <kind>archive</kind>
         <file>rtsv7M4_T_le_v4SPD16_eabi.lib</file>
         <name>fd_div_t2.obj</name>
      </input_file>
      <input_file id="fl-cd">
         <path>C:\ti\ccsv6\tools\compiler\ti-cgt-arm_15.12.1.LTS\lib\</path>
         <kind>archive</kind>
         <file>rtsv7M4_T_le_v4SPD16_eabi.lib</file>
         <name>fd_mul_t2.obj</name>
      </input_file>
      <input_file id="fl-ce">
         <path>C:\ti\ccsv6\tools\compiler\ti-cgt-arm_15.12.1.LTS\lib\</path>
         <kind>archive</kind>
         <file>rtsv7M4_T_le_v4SPD16_eabi.lib</file>
         <name>fd_toi_t2.obj</name>
      </input_file>
      <input_file id="fl-cf">
         <path>C:\ti\ccsv6\tools\compiler\ti-cgt-arm_15.12.1.LTS\lib\</path>
         <kind>archive</kind>
         <file>rtsv7M4_T_le_v4SPD16_eabi.lib</file>
         <name>fs_tod_t2.obj</name>
      </input_file>
      <input_file id="fl-d0">
         <path>C:\ti\ccsv6\tools\compiler\ti-cgt-arm_15.12.1.LTS\lib\</path>
         <kind>archive</kind>
         <file>rtsv7M4_T_le_v4SPD16_eabi.lib</file>
         <name>i_tofd_t2.obj</name>
      </input_file>
      <input_file id="fl-d1">
         <path>C:\ti\ccsv6\tools\compiler\ti-cgt-arm_15.12.1.LTS\lib\</path>
         <kind>archive</kind>
         <file>rtsv7M4_T_le_v4SPD16_eabi.lib</file>
         <name>memcpy_t2.obj</name>
      </input_file>
      <input_file id="fl-d2">
         <path>C:\ti\ccsv6\tools\compiler\ti-cgt-arm_15.12.1.LTS\lib\</path>
         <kind>archive</kind>
         <file>rtsv7M4_T_le_v4SPD16_eabi.lib</file>
         <name>memset_t2.obj</name>
      </input_file>
      <input_file id="fl-d3">
         <path>C:\ti\ccsv6\tools\compiler\ti-cgt-arm_15.12.1.LTS\lib\</path>
         <kind>archive</kind>
         <file>rtsv7M4_T_le_v4SPD16_eabi.lib</file>
         <name>mpu_init.obj</name>
      </input_file>
      <input_file id="fl-d4">
         <path>C:\ti\ccsv6\tools\compiler\ti-cgt-arm_15.12.1.LTS\lib\</path>
         <kind>archive</kind>
         <file>rtsv7M4_T_le_v4SPD16_eabi.lib</file>
         <name>pre_init.obj</name>
      </input_file>
      <input_file id="fl-d5">
         <path>C:\ti\ccsv6\tools\compiler\ti-cgt-arm_15.12.1.LTS\lib\</path>
         <kind>archive</kind>
         <file>rtsv7M4_T_le_v4SPD16_eabi.lib</file>
         <name>stkdepth_vars.obj</name>
      </input_file>
      <input_file id="fl-d6">
         <path>C:\ti\ccsv6\tools\compiler\ti-cgt-arm_15.12.1.LTS\lib\</path>
         <kind>archive</kind>
         <file>rtsv7M4_T_le_v4SPD16_eabi.lib</file>
         <name>_lock.obj</name>
      </input_file>
      <input_file id="fl-d7">
         <path>C:\ti\ccsv6\tools\compiler\ti-cgt-arm_15.12.1.LTS\lib\</path>
         <kind>archive</kind>
         <file>rtsv7M4_T_le_v4SPD16_eabi.lib</file>
         <name>args_main.obj</name>
      </input_file>
      <input_file id="fl-d8">
         <path>C:\ti\ccsv6\tools\compiler\ti-cgt-arm_15.12.1.LTS\lib\</path>
         <kind>archive</kind>
         <file>rtsv7M4_T_le_v4SPD16_eabi.lib</file>
         <name>autoinit.obj</name>
      </input_file>
      <input_file id="fl-d9">
         <path>C:\ti\ccsv6\tools\compiler\ti-cgt-arm_15.12.1.LTS\lib\</path>
         <kind>archive</kind>
         <file>rtsv7M4_T_le_v4SPD16_eabi.lib</file>
         <name>cpy_tbl.obj</name>
      </input_file>
      <input_file id="fl-da">
         <path>C:\ti\ccsv6\tools\compiler\ti-cgt-arm_15.12.1.LTS\lib\</path>
         <kind>archive</kind>
         <file>rtsv7M4_T_le_v4SPD16_eabi.lib</file>
         <name>startup.obj</name>
      </input_file>
      <input_file id="fl-db">
         <path>C:\ti\TivaWare_C_Series-2.1.3.156\driverlib\ccs\Debug\</path>
         <kind>archive</kind>
         <file>driverlib.lib</file>
         <name>gpio.obj</name>
      </input_file>
      <input_file id="fl-dc">
         <path>C:\ti\TivaWare_C_Series-2.1.3.156\driverlib\ccs\Debug\</path>
         <kind>archive</kind>
         <file>driverlib.lib</file>
         <name>interrupt.obj</name>
      </input_file>
      <input_file id="fl-dd">
         <path>C:\ti\TivaWare_C_Series-2.1.3.156\driverlib\ccs\Debug\</path>
         <kind>archive</kind>
         <file>driverlib.lib</file>
         <name>pwm.obj</name>
      </input_file>
      <input_file id="fl-de">
         <path>C:\ti\TivaWare_C_Series-2.1.3.156\driverlib\ccs\Debug\</path>
         <kind>archive</kind>
         <file>driverlib.lib</file>
         <name>sysctl.obj</name>
      </input_file>
      <input_file id="fl-df">
         <path>C:\ti\TivaWare_C_Series-2.1.3.156\driverlib\ccs\Debug\</path>
         <kind>archive</kind>
         <file>driverlib.lib</file>
         <name>timer.obj</name>
      </input_file>
      <input_file id="fl-e0">
         <path>C:\ti\TivaWare_C_Series-2.1.3.156\driverlib\ccs\Debug\</path>
         <kind>archive</kind>
         <file>driverlib.lib</file>
         <name>uart.obj</name>
      </input_file>
      <input_file id="fl-e1">
         <path>C:\ti\TivaWare_C_Series-2.1.3.156\driverlib\ccs\Debug\</path>
         <kind>archive</kind>
         <file>driverlib.lib</file>
         <name>cpu.obj</name>
      </input_file>
   </input_file_list>
   <object_component_list>
      <object_component id="oc-f">
         <name>.intvecs</name>
         <load_address>0x0</load_address>
         <run_address>0x0</run_address>
         <size>0x26c</size>
         <input_file_ref idref="fl-5"/>
      </object_component>
      <object_component id="oc-a0">
         <name>.text</name>
         <load_address>0x26c</load_address>
         <run_address>0x26c</run_address>
         <size>0x37c</size>
         <input_file_ref idref="fl-6"/>
      </object_component>
      <object_component id="oc-94">
         <name>.text</name>
         <load_address>0x5e8</load_address>
         <run_address>0x5e8</run_address>
         <size>0x314</size>
         <input_file_ref idref="fl-7"/>
      </object_component>
      <object_component id="oc-31">
         <name>.text</name>
         <load_address>0x8fc</load_address>
         <run_address>0x8fc</run_address>
         <size>0x280</size>
         <input_file_ref idref="fl-3"/>
      </object_component>
      <object_component id="oc-1f4">
         <name>.text</name>
         <load_address>0xb7c</load_address>
         <run_address>0xb7c</run_address>
         <size>0x1b6</size>
         <input_file_ref idref="fl-ca"/>
      </object_component>
      <object_component id="oc-5f">
         <name>.text</name>
         <load_address>0xd32</load_address>
         <run_address>0xd32</run_address>
         <size>0x2</size>
         <input_file_ref idref="fl-d3"/>
      </object_component>
      <object_component id="oc-c7">
         <name>.text</name>
         <load_address>0xd34</load_address>
         <run_address>0xd34</run_address>
         <size>0x1b4</size>
         <input_file_ref idref="fl-4"/>
      </object_component>
      <object_component id="oc-b1">
         <name>.text</name>
         <load_address>0xee8</load_address>
         <run_address>0xee8</run_address>
         <size>0x136</size>
         <input_file_ref idref="fl-cc"/>
      </object_component>
      <object_component id="oc-160">
         <name>.text:GPIOPadConfigSet</name>
         <load_address>0x101e</load_address>
         <run_address>0x101e</run_address>
         <size>0x132</size>
         <input_file_ref idref="fl-db"/>
      </object_component>
      <object_component id="oc-a6">
         <name>.text:SysCtlClockGet</name>
         <load_address>0x1150</load_address>
         <run_address>0x1150</run_address>
         <size>0x110</size>
         <input_file_ref idref="fl-de"/>
      </object_component>
      <object_component id="oc-204">
         <name>.text</name>
         <load_address>0x1260</load_address>
         <run_address>0x1260</run_address>
         <size>0xfc</size>
         <input_file_ref idref="fl-cd"/>
      </object_component>
      <object_component id="oc-82">
         <name>.text:SysCtlClockSet</name>
         <load_address>0x135c</load_address>
         <run_address>0x135c</run_address>
         <size>0xf4</size>
         <input_file_ref idref="fl-de"/>
      </object_component>
      <object_component id="oc-88">
         <name>.text</name>
         <load_address>0x1450</load_address>
         <run_address>0x1450</run_address>
         <size>0xf0</size>
         <input_file_ref idref="fl-9"/>
      </object_component>
      <object_component id="oc-cd">
         <name>.text</name>
         <load_address>0x1540</load_address>
         <run_address>0x1540</run_address>
         <size>0xc4</size>
         <input_file_ref idref="fl-2"/>
      </object_component>
      <object_component id="oc-3a">
         <name>.text</name>
         <load_address>0x1604</load_address>
         <run_address>0x1604</run_address>
         <size>0x9c</size>
         <input_file_ref idref="fl-d1"/>
      </object_component>
      <object_component id="oc-1f9">
         <name>.text:__aeabi_cdcmple</name>
         <load_address>0x16a0</load_address>
         <run_address>0x16a0</run_address>
         <size>0x86</size>
         <input_file_ref idref="fl-cb"/>
      </object_component>
      <object_component id="oc-53">
         <name>.text</name>
         <load_address>0x1726</load_address>
         <run_address>0x1726</run_address>
         <size>0x7a</size>
         <input_file_ref idref="fl-d2"/>
      </object_component>
      <object_component id="oc-6b">
         <name>.text</name>
         <load_address>0x17a0</load_address>
         <run_address>0x17a0</run_address>
         <size>0x70</size>
         <input_file_ref idref="fl-d8"/>
      </object_component>
      <object_component id="oc-46">
         <name>.text</name>
         <load_address>0x1810</load_address>
         <run_address>0x1810</run_address>
         <size>0x6a</size>
         <input_file_ref idref="fl-c7"/>
      </object_component>
      <object_component id="oc-127">
         <name>.text</name>
         <load_address>0x187a</load_address>
         <run_address>0x187a</run_address>
         <size>0x2</size>
         <input_file_ref idref="fl-da"/>
      </object_component>
      <object_component id="oc-18a">
         <name>.text:IntEnable</name>
         <load_address>0x187c</load_address>
         <run_address>0x187c</run_address>
         <size>0x68</size>
         <input_file_ref idref="fl-dc"/>
      </object_component>
      <object_component id="oc-17e">
         <name>.text:TimerConfigure</name>
         <load_address>0x18e4</load_address>
         <run_address>0x18e4</run_address>
         <size>0x60</size>
         <input_file_ref idref="fl-df"/>
      </object_component>
      <object_component id="oc-172">
         <name>.text:GPIOIntTypeSet</name>
         <load_address>0x1944</load_address>
         <run_address>0x1944</run_address>
         <size>0x56</size>
         <input_file_ref idref="fl-db"/>
      </object_component>
      <object_component id="oc-24">
         <name>.text</name>
         <load_address>0x199c</load_address>
         <run_address>0x199c</run_address>
         <size>0x54</size>
         <input_file_ref idref="fl-c5"/>
      </object_component>
      <object_component id="oc-77">
         <name>.text</name>
         <load_address>0x19f0</load_address>
         <run_address>0x19f0</run_address>
         <size>0x54</size>
         <input_file_ref idref="fl-c9"/>
      </object_component>
      <object_component id="oc-121">
         <name>.text</name>
         <load_address>0x1a44</load_address>
         <run_address>0x1a44</run_address>
         <size>0x4c</size>
         <input_file_ref idref="fl-d9"/>
      </object_component>
      <object_component id="oc-19c">
         <name>.text:GPIOPinConfigure</name>
         <load_address>0x1a90</load_address>
         <run_address>0x1a90</run_address>
         <size>0x48</size>
         <input_file_ref idref="fl-db"/>
      </object_component>
      <object_component id="oc-b6">
         <name>.text</name>
         <load_address>0x1ad8</load_address>
         <run_address>0x1ad8</run_address>
         <size>0x48</size>
         <input_file_ref idref="fl-ce"/>
      </object_component>
      <object_component id="oc-1a8">
         <name>.text:UARTConfigSetExpClk</name>
         <load_address>0x1b20</load_address>
         <run_address>0x1b20</run_address>
         <size>0x46</size>
         <input_file_ref idref="fl-e0"/>
      </object_component>
      <object_component id="oc-24f">
         <name>.text:_GPIOIntNumberGet</name>
         <load_address>0x1b68</load_address>
         <run_address>0x1b68</run_address>
         <size>0x40</size>
         <input_file_ref idref="fl-db"/>
      </object_component>
      <object_component id="oc-1ff">
         <name>.text</name>
         <load_address>0x1ba8</load_address>
         <run_address>0x1ba8</run_address>
         <size>0x38</size>
         <input_file_ref idref="fl-cf"/>
      </object_component>
      <object_component id="oc-255">
         <name>.text:IntRegister</name>
         <load_address>0x1be0</load_address>
         <run_address>0x1be0</run_address>
         <size>0x34</size>
         <input_file_ref idref="fl-dc"/>
      </object_component>
      <object_component id="oc-14e">
         <name>.text:SysCtlPeripheralEnable</name>
         <load_address>0x1c14</load_address>
         <run_address>0x1c14</run_address>
         <size>0x34</size>
         <input_file_ref idref="fl-de"/>
      </object_component>
      <object_component id="oc-ac">
         <name>.text</name>
         <load_address>0x1c48</load_address>
         <run_address>0x1c48</run_address>
         <size>0x2e</size>
         <input_file_ref idref="fl-d0"/>
      </object_component>
      <object_component id="oc-245">
         <name>.text:GPIODirModeSet</name>
         <load_address>0x1c76</load_address>
         <run_address>0x1c76</run_address>
         <size>0x2a</size>
         <input_file_ref idref="fl-db"/>
      </object_component>
      <object_component id="oc-1c0">
         <name>.text:PWMGenConfigure</name>
         <load_address>0x1ca0</load_address>
         <run_address>0x1ca0</run_address>
         <size>0x22</size>
         <input_file_ref idref="fl-dd"/>
      </object_component>
      <object_component id="oc-26c">
         <name>.text:UARTDisable</name>
         <load_address>0x1cc4</load_address>
         <run_address>0x1cc4</run_address>
         <size>0x20</size>
         <input_file_ref idref="fl-e0"/>
      </object_component>
      <object_component id="oc-1e2">
         <name>.text:PWMPulseWidthSet</name>
         <load_address>0x1ce4</load_address>
         <run_address>0x1ce4</run_address>
         <size>0x1e</size>
         <input_file_ref idref="fl-dd"/>
      </object_component>
      <object_component id="oc-16c">
         <name>.text:GPIOIntRegister</name>
         <load_address>0x1d02</load_address>
         <run_address>0x1d02</run_address>
         <size>0x18</size>
         <input_file_ref idref="fl-db"/>
      </object_component>
      <object_component id="oc-154">
         <name>.text:GPIOPinTypeGPIOOutput</name>
         <load_address>0x1d1a</load_address>
         <run_address>0x1d1a</run_address>
         <size>0x18</size>
         <input_file_ref idref="fl-db"/>
      </object_component>
      <object_component id="oc-71">
         <name>.text</name>
         <load_address>0x1d34</load_address>
         <run_address>0x1d34</run_address>
         <size>0x18</size>
         <input_file_ref idref="fl-d7"/>
      </object_component>
      <object_component id="oc-1b4">
         <name>.text:SysCtlPWMClockSet</name>
         <load_address>0x1d4c</load_address>
         <run_address>0x1d4c</run_address>
         <size>0x14</size>
         <input_file_ref idref="fl-de"/>
      </object_component>
      <object_component id="oc-272">
         <name>.text:UARTEnable</name>
         <load_address>0x1d60</load_address>
         <run_address>0x1d60</run_address>
         <size>0x14</size>
         <input_file_ref idref="fl-e0"/>
      </object_component>
      <object_component id="oc-22e">
         <name>.text</name>
         <load_address>0x1d74</load_address>
         <run_address>0x1d74</run_address>
         <size>0x14</size>
         <input_file_ref idref="fl-d6"/>
      </object_component>
      <object_component id="oc-15a">
         <name>.text:GPIOPinTypeGPIOInput</name>
         <load_address>0x1d88</load_address>
         <run_address>0x1d88</run_address>
         <size>0x12</size>
         <input_file_ref idref="fl-db"/>
      </object_component>
      <object_component id="oc-1ba">
         <name>.text:GPIOPinTypePWM</name>
         <load_address>0x1d9a</load_address>
         <run_address>0x1d9a</run_address>
         <size>0x12</size>
         <input_file_ref idref="fl-db"/>
      </object_component>
      <object_component id="oc-1a2">
         <name>.text:GPIOPinTypeUART</name>
         <load_address>0x1dac</load_address>
         <run_address>0x1dac</run_address>
         <size>0x12</size>
         <input_file_ref idref="fl-db"/>
      </object_component>
      <object_component id="oc-1cc">
         <name>.text:PWMOutputState</name>
         <load_address>0x1dbe</load_address>
         <run_address>0x1dbe</run_address>
         <size>0x12</size>
         <input_file_ref idref="fl-dd"/>
      </object_component>
      <object_component id="oc-184">
         <name>.text:TimerLoadSet</name>
         <load_address>0x1dd0</load_address>
         <run_address>0x1dd0</run_address>
         <size>0x12</size>
         <input_file_ref idref="fl-df"/>
      </object_component>
      <object_component id="oc-8e">
         <name>.text:IntMasterEnable</name>
         <load_address>0x1de2</load_address>
         <run_address>0x1de2</run_address>
         <size>0x10</size>
         <input_file_ref idref="fl-dc"/>
      </object_component>
      <object_component id="oc-1c6">
         <name>.text:PWMGenPeriodSet</name>
         <load_address>0x1df2</load_address>
         <run_address>0x1df2</run_address>
         <size>0x10</size>
         <input_file_ref idref="fl-dd"/>
      </object_component>
      <object_component id="oc-166">
         <name>.text:GPIOIntDisable</name>
         <load_address>0x1e02</load_address>
         <run_address>0x1e02</run_address>
         <size>0xe</size>
         <input_file_ref idref="fl-db"/>
      </object_component>
      <object_component id="oc-196">
         <name>.text:TimerEnable</name>
         <load_address>0x1e10</load_address>
         <run_address>0x1e10</run_address>
         <size>0xe</size>
         <input_file_ref idref="fl-df"/>
      </object_component>
      <object_component id="oc-df">
         <name>.text:UARTCharGetNonBlocking</name>
         <load_address>0x1e1e</load_address>
         <run_address>0x1e1e</run_address>
         <size>0xe</size>
         <input_file_ref idref="fl-e0"/>
      </object_component>
      <object_component id="oc-12">
         <name>.text:decompress:none</name>
         <load_address>0x1e2c</load_address>
         <run_address>0x1e2c</run_address>
         <size>0xe</size>
         <input_file_ref idref="fl-c6"/>
      </object_component>
      <object_component id="oc-147">
         <name>.text:CPUcpsie</name>
         <load_address>0x1e3a</load_address>
         <run_address>0x1e3a</run_address>
         <size>0xc</size>
         <input_file_ref idref="fl-e1"/>
      </object_component>
      <object_component id="oc-178">
         <name>.text:GPIOIntEnable</name>
         <load_address>0x1e46</load_address>
         <run_address>0x1e46</run_address>
         <size>0xc</size>
         <input_file_ref idref="fl-db"/>
      </object_component>
      <object_component id="oc-1d2">
         <name>.text:PWMGenEnable</name>
         <load_address>0x1e52</load_address>
         <run_address>0x1e52</run_address>
         <size>0xc</size>
         <input_file_ref idref="fl-dd"/>
      </object_component>
      <object_component id="oc-2b">
         <name>.text</name>
         <load_address>0x1e5e</load_address>
         <run_address>0x1e5e</run_address>
         <size>0xc</size>
         <input_file_ref idref="fl-5"/>
      </object_component>
      <object_component id="oc-bb">
         <name>.text:UARTCharPut</name>
         <load_address>0x1e6a</load_address>
         <run_address>0x1e6a</run_address>
         <size>0xa</size>
         <input_file_ref idref="fl-e0"/>
      </object_component>
      <object_component id="oc-9a">
         <name>.text:UARTFIFODisable</name>
         <load_address>0x1e74</load_address>
         <run_address>0x1e74</run_address>
         <size>0xa</size>
         <input_file_ref idref="fl-e0"/>
      </object_component>
      <object_component id="oc-d3">
         <name>.text:UARTIntStatus</name>
         <load_address>0x1e7e</load_address>
         <run_address>0x1e7e</run_address>
         <size>0xa</size>
         <input_file_ref idref="fl-e0"/>
      </object_component>
      <object_component id="oc-190">
         <name>.text:TimerIntEnable</name>
         <load_address>0x1e88</load_address>
         <run_address>0x1e88</run_address>
         <size>0x8</size>
         <input_file_ref idref="fl-df"/>
      </object_component>
      <object_component id="oc-1ae">
         <name>.text:UARTIntEnable</name>
         <load_address>0x1e90</load_address>
         <run_address>0x1e90</run_address>
         <size>0x8</size>
         <input_file_ref idref="fl-e0"/>
      </object_component>
      <object_component id="oc-e5">
         <name>.text:GPIOIntClear</name>
         <load_address>0x1e98</load_address>
         <run_address>0x1e98</run_address>
         <size>0x6</size>
         <input_file_ref idref="fl-db"/>
      </object_component>
      <object_component id="oc-eb">
         <name>.text:GPIOPinRead</name>
         <load_address>0x1e9e</load_address>
         <run_address>0x1e9e</run_address>
         <size>0x6</size>
         <input_file_ref idref="fl-db"/>
      </object_component>
      <object_component id="oc-1dc">
         <name>.text:GPIOPinWrite</name>
         <load_address>0x1ea4</load_address>
         <run_address>0x1ea4</run_address>
         <size>0x6</size>
         <input_file_ref idref="fl-db"/>
      </object_component>
      <object_component id="oc-13c">
         <name>.text:SysCtlDelay</name>
         <load_address>0x1eaa</load_address>
         <run_address>0x1eaa</run_address>
         <size>0x6</size>
         <input_file_ref idref="fl-de"/>
      </object_component>
      <object_component id="oc-18">
         <name>.text:decompress:rle24</name>
         <load_address>0x1eb0</load_address>
         <run_address>0x1eb0</run_address>
         <size>0x6</size>
         <input_file_ref idref="fl-c7"/>
      </object_component>
      <object_component id="oc-c1">
         <name>.text:TimerIntClear</name>
         <load_address>0x1eb6</load_address>
         <run_address>0x1eb6</run_address>
         <size>0x4</size>
         <input_file_ref idref="fl-df"/>
      </object_component>
      <object_component id="oc-d9">
         <name>.text:UARTIntClear</name>
         <load_address>0x1eba</load_address>
         <run_address>0x1eba</run_address>
         <size>0x4</size>
         <input_file_ref idref="fl-e0"/>
      </object_component>
      <object_component id="oc-65">
         <name>.text</name>
         <load_address>0x1ebe</load_address>
         <run_address>0x1ebe</run_address>
         <size>0x4</size>
         <input_file_ref idref="fl-d4"/>
      </object_component>
      <object_component id="oc-29e">
         <name>.const:g_ppui32GPIOIntMapBlizzard</name>
         <load_address>0x1ec4</load_address>
         <run_address>0x1ec4</run_address>
         <size>0xc0</size>
         <input_file_ref idref="fl-db"/>
      </object_component>
      <object_component id="oc-2a1">
         <name>.const:g_ppui32GPIOIntMapSnowflake</name>
         <load_address>0x1f84</load_address>
         <run_address>0x1f84</run_address>
         <size>0xc0</size>
         <input_file_ref idref="fl-db"/>
      </object_component>
      <object_component id="oc-267">
         <name>.const:g_pui32GPIOBaseAddrs</name>
         <load_address>0x2044</load_address>
         <run_address>0x2044</run_address>
         <size>0x90</size>
         <input_file_ref idref="fl-db"/>
      </object_component>
      <object_component id="oc-260">
         <name>.const</name>
         <load_address>0x20d4</load_address>
         <run_address>0x20d4</run_address>
         <size>0x70</size>
         <input_file_ref idref="fl-dc"/>
      </object_component>
      <object_component id="oc-1ea">
         <name>.const:g_pui32Xtals</name>
         <load_address>0x2144</load_address>
         <run_address>0x2144</run_address>
         <size>0x6c</size>
         <input_file_ref idref="fl-de"/>
      </object_component>
      <object_component id="oc-2db">
         <name>.cinit..data.load</name>
         <load_address>0x21b0</load_address>
         <run_address>0x21b0</run_address>
         <size>0x28</size>
      </object_component>
      <object_component id="oc-2da">
         <name>.cinit..vtable.load</name>
         <load_address>0x21d8</load_address>
         <run_address>0x21d8</run_address>
         <size>0xb</size>
      </object_component>
      <object_component id="oc-2dc">
         <name>.cinit..bss.load</name>
         <load_address>0x21e8</load_address>
         <run_address>0x21e8</run_address>
         <size>0x9</size>
      </object_component>
      <object_component id="oc-2d8">
         <name>__TI_handler_table</name>
         <load_address>0x21f4</load_address>
         <run_address>0x21f4</run_address>
         <size>0x8</size>
      </object_component>
      <object_component id="oc-2d9">
         <name>__TI_cinit_table</name>
         <load_address>0x21fc</load_address>
         <run_address>0x21fc</run_address>
         <size>0x18</size>
      </object_component>
      <object_component id="oc-2a5">
         <name>.vtable</name>
         <uninitialized>true</uninitialized>
         <run_address>0x20000000</run_address>
         <size>0x26c</size>
         <input_file_ref idref="fl-dc"/>
      </object_component>
      <object_component id="oc-f4">
         <name>.data</name>
         <load_address>0x200004b4</load_address>
         <run_address>0x200004b4</run_address>
         <size>0x8</size>
         <input_file_ref idref="fl-2"/>
      </object_component>
      <object_component id="oc-f1">
         <name>.data</name>
         <load_address>0x20000488</load_address>
         <run_address>0x20000488</run_address>
         <size>0x18</size>
         <input_file_ref idref="fl-3"/>
      </object_component>
      <object_component id="oc-f7">
         <name>.data</name>
         <load_address>0x2000046c</load_address>
         <run_address>0x2000046c</run_address>
         <size>0x19</size>
         <input_file_ref idref="fl-4"/>
      </object_component>
      <object_component id="oc-131">
         <name>.data:$O1$$</name>
         <load_address>0x200004a0</load_address>
         <run_address>0x200004a0</run_address>
         <size>0xc</size>
         <input_file_ref idref="fl-c9"/>
      </object_component>
      <object_component id="oc-7d">
         <name>.data</name>
         <load_address>0x200004bc</load_address>
         <run_address>0x200004bc</run_address>
         <size>0x4</size>
         <input_file_ref idref="fl-d5"/>
      </object_component>
      <object_component id="oc-134">
         <name>.data:$O1$$</name>
         <load_address>0x200004ac</load_address>
         <run_address>0x200004ac</run_address>
         <size>0x8</size>
         <input_file_ref idref="fl-d6"/>
      </object_component>
      <object_component id="oc-144">
         <name>.common:errorIntegral</name>
         <uninitialized>true</uninitialized>
         <run_address>0x200004d8</run_address>
         <size>0x8</size>
      </object_component>
      <object_component id="oc-145">
         <name>.common:prevError</name>
         <uninitialized>true</uninitialized>
         <run_address>0x200004e0</run_address>
         <size>0x8</size>
      </object_component>
      <object_component id="oc-13f">
         <name>.common:Kp</name>
         <uninitialized>true</uninitialized>
         <run_address>0x200004d0</run_address>
         <size>0x8</size>
      </object_component>
      <object_component id="oc-142">
         <name>.common:Ki</name>
         <uninitialized>true</uninitialized>
         <run_address>0x200004c8</run_address>
         <size>0x8</size>
      </object_component>
      <object_component id="oc-143">
         <name>.common:Kd</name>
         <uninitialized>true</uninitialized>
         <run_address>0x200004c0</run_address>
         <size>0x8</size>
      </object_component>
      <object_component id="oc-2a">
         <name>.stack</name>
         <uninitialized>true</uninitialized>
         <run_address>0x2000026c</run_address>
         <size>0x0</size>
         <input_file_ref idref="fl-c5"/>
      </object_component>
      <object_component id="oc-2dd">
         <name>.stack</name>
         <uninitialized>true</uninitialized>
         <run_address>0x2000026c</run_address>
         <size>0x0</size>
      </object_component>
      <object_component id="oc-f5">
         <name>.debug_info</name>
         <load_address>0x0</load_address>
         <run_address>0x0</run_address>
         <size>0x11e</size>
         <input_file_ref idref="fl-2"/>
      </object_component>
      <object_component id="oc-ce">
         <name>.debug_info</name>
         <load_address>0x11e</load_address>
         <run_address>0x11e</run_address>
         <size>0x2f2</size>
         <input_file_ref idref="fl-2"/>
      </object_component>
      <object_component id="oc-10f">
         <name>.debug_info</name>
         <load_address>0x410</load_address>
         <run_address>0x410</run_address>
         <size>0x84</size>
         <input_file_ref idref="fl-2"/>
      </object_component>
      <object_component id="oc-100">
         <name>.debug_info</name>
         <load_address>0x494</load_address>
         <run_address>0x494</run_address>
         <size>0x18b</size>
         <input_file_ref idref="fl-2"/>
      </object_component>
      <object_component id="oc-f2">
         <name>.debug_info</name>
         <load_address>0x61f</load_address>
         <run_address>0x61f</run_address>
         <size>0x189</size>
         <input_file_ref idref="fl-3"/>
      </object_component>
      <object_component id="oc-34">
         <name>.debug_info</name>
         <load_address>0x7a8</load_address>
         <run_address>0x7a8</run_address>
         <size>0x56f</size>
         <input_file_ref idref="fl-3"/>
      </object_component>
      <object_component id="oc-fb">
         <name>.debug_info</name>
         <load_address>0xd17</load_address>
         <run_address>0xd17</run_address>
         <size>0x8b</size>
         <input_file_ref idref="fl-3"/>
      </object_component>
      <object_component id="oc-f8">
         <name>.debug_info</name>
         <load_address>0xda2</load_address>
         <run_address>0xda2</run_address>
         <size>0x1e9</size>
         <input_file_ref idref="fl-4"/>
      </object_component>
      <object_component id="oc-c8">
         <name>.debug_info</name>
         <load_address>0xf8b</load_address>
         <run_address>0xf8b</run_address>
         <size>0x2d2</size>
         <input_file_ref idref="fl-4"/>
      </object_component>
      <object_component id="oc-39">
         <name>.debug_info</name>
         <load_address>0x125d</load_address>
         <run_address>0x125d</run_address>
         <size>0x15d</size>
         <input_file_ref idref="fl-5"/>
      </object_component>
      <object_component id="oc-10">
         <name>.debug_info</name>
         <load_address>0x13ba</load_address>
         <run_address>0x13ba</run_address>
         <size>0xfc</size>
         <input_file_ref idref="fl-5"/>
      </object_component>
      <object_component id="oc-2c">
         <name>.debug_info</name>
         <load_address>0x14b6</load_address>
         <run_address>0x14b6</run_address>
         <size>0x278</size>
         <input_file_ref idref="fl-5"/>
      </object_component>
      <object_component id="oc-1e9">
         <name>.debug_info</name>
         <load_address>0x172e</load_address>
         <run_address>0x172e</run_address>
         <size>0x1cd</size>
         <input_file_ref idref="fl-6"/>
      </object_component>
      <object_component id="oc-a1">
         <name>.debug_info</name>
         <load_address>0x18fb</load_address>
         <run_address>0x18fb</run_address>
         <size>0x62c</size>
         <input_file_ref idref="fl-6"/>
      </object_component>
      <object_component id="oc-1d9">
         <name>.debug_info</name>
         <load_address>0x1f27</load_address>
         <run_address>0x1f27</run_address>
         <size>0x639</size>
         <input_file_ref idref="fl-7"/>
      </object_component>
      <object_component id="oc-97">
         <name>.debug_info</name>
         <load_address>0x2560</load_address>
         <run_address>0x2560</run_address>
         <size>0xa57</size>
         <input_file_ref idref="fl-7"/>
      </object_component>
      <object_component id="oc-140">
         <name>.debug_info</name>
         <load_address>0x2fb7</load_address>
         <run_address>0x2fb7</run_address>
         <size>0x170</size>
         <input_file_ref idref="fl-9"/>
      </object_component>
      <object_component id="oc-8b">
         <name>.debug_info</name>
         <load_address>0x3127</load_address>
         <run_address>0x3127</run_address>
         <size>0x274</size>
         <input_file_ref idref="fl-9"/>
      </object_component>
      <object_component id="oc-25">
         <name>.debug_info</name>
         <load_address>0x339b</load_address>
         <run_address>0x339b</run_address>
         <size>0x17c</size>
         <input_file_ref idref="fl-c5"/>
      </object_component>
      <object_component id="oc-45">
         <name>.debug_info</name>
         <load_address>0x3517</load_address>
         <run_address>0x3517</run_address>
         <size>0x15c</size>
         <input_file_ref idref="fl-c6"/>
      </object_component>
      <object_component id="oc-13">
         <name>.debug_info</name>
         <load_address>0x3673</load_address>
         <run_address>0x3673</run_address>
         <size>0x1fb</size>
         <input_file_ref idref="fl-c6"/>
      </object_component>
      <object_component id="oc-40">
         <name>.debug_info</name>
         <load_address>0x386e</load_address>
         <run_address>0x386e</run_address>
         <size>0x46</size>
         <input_file_ref idref="fl-c6"/>
      </object_component>
      <object_component id="oc-108">
         <name>.debug_info</name>
         <load_address>0x38b4</load_address>
         <run_address>0x38b4</run_address>
         <size>0x2c</size>
         <input_file_ref idref="fl-c6"/>
      </object_component>
      <object_component id="oc-4d">
         <name>.debug_info</name>
         <load_address>0x38e0</load_address>
         <run_address>0x38e0</run_address>
         <size>0x150</size>
         <input_file_ref idref="fl-c7"/>
      </object_component>
      <object_component id="oc-47">
         <name>.debug_info</name>
         <load_address>0x3a30</load_address>
         <run_address>0x3a30</run_address>
         <size>0x263</size>
         <input_file_ref idref="fl-c7"/>
      </object_component>
      <object_component id="oc-19">
         <name>.debug_info</name>
         <load_address>0x3c93</load_address>
         <run_address>0x3c93</run_address>
         <size>0x1cd</size>
         <input_file_ref idref="fl-c7"/>
      </object_component>
      <object_component id="oc-4e">
         <name>.debug_info</name>
         <load_address>0x3e60</load_address>
         <run_address>0x3e60</run_address>
         <size>0x39</size>
         <input_file_ref idref="fl-c7"/>
      </object_component>
      <object_component id="oc-117">
         <name>.debug_info</name>
         <load_address>0x3e99</load_address>
         <run_address>0x3e99</run_address>
         <size>0x2c</size>
         <input_file_ref idref="fl-c7"/>
      </object_component>
      <object_component id="oc-138">
         <name>.debug_info</name>
         <load_address>0x3ec5</load_address>
         <run_address>0x3ec5</run_address>
         <size>0x250</size>
         <input_file_ref idref="fl-c9"/>
      </object_component>
      <object_component id="oc-132">
         <name>.debug_info</name>
         <load_address>0x4115</load_address>
         <run_address>0x4115</run_address>
         <size>0x1a1</size>
         <input_file_ref idref="fl-c9"/>
      </object_component>
      <object_component id="oc-78">
         <name>.debug_info</name>
         <load_address>0x42b6</load_address>
         <run_address>0x42b6</run_address>
         <size>0x230</size>
         <input_file_ref idref="fl-c9"/>
      </object_component>
      <object_component id="oc-1f7">
         <name>.debug_info</name>
         <load_address>0x44e6</load_address>
         <run_address>0x44e6</run_address>
         <size>0x160</size>
         <input_file_ref idref="fl-ca"/>
      </object_component>
      <object_component id="oc-1fa">
         <name>.debug_info</name>
         <load_address>0x4646</load_address>
         <run_address>0x4646</run_address>
         <size>0x13c</size>
         <input_file_ref idref="fl-cb"/>
      </object_component>
      <object_component id="oc-b2">
         <name>.debug_info</name>
         <load_address>0x4782</load_address>
         <run_address>0x4782</run_address>
         <size>0x14e</size>
         <input_file_ref idref="fl-cc"/>
      </object_component>
      <object_component id="oc-206">
         <name>.debug_info</name>
         <load_address>0x48d0</load_address>
         <run_address>0x48d0</run_address>
         <size>0x14e</size>
         <input_file_ref idref="fl-cd"/>
      </object_component>
      <object_component id="oc-b7">
         <name>.debug_info</name>
         <load_address>0x4a1e</load_address>
         <run_address>0x4a1e</run_address>
         <size>0x142</size>
         <input_file_ref idref="fl-ce"/>
      </object_component>
      <object_component id="oc-200">
         <name>.debug_info</name>
         <load_address>0x4b60</load_address>
         <run_address>0x4b60</run_address>
         <size>0x140</size>
         <input_file_ref idref="fl-cf"/>
      </object_component>
      <object_component id="oc-af">
         <name>.debug_info</name>
         <load_address>0x4ca0</load_address>
         <run_address>0x4ca0</run_address>
         <size>0x140</size>
         <input_file_ref idref="fl-d0"/>
      </object_component>
      <object_component id="oc-3c">
         <name>.debug_info</name>
         <load_address>0x4de0</load_address>
         <run_address>0x4de0</run_address>
         <size>0x12d</size>
         <input_file_ref idref="fl-d1"/>
      </object_component>
      <object_component id="oc-55">
         <name>.debug_info</name>
         <load_address>0x4f0d</load_address>
         <run_address>0x4f0d</run_address>
         <size>0x15b</size>
         <input_file_ref idref="fl-d2"/>
      </object_component>
      <object_component id="oc-62">
         <name>.debug_info</name>
         <load_address>0x5068</load_address>
         <run_address>0x5068</run_address>
         <size>0x154</size>
         <input_file_ref idref="fl-d3"/>
      </object_component>
      <object_component id="oc-67">
         <name>.debug_info</name>
         <load_address>0x51bc</load_address>
         <run_address>0x51bc</run_address>
         <size>0x164</size>
         <input_file_ref idref="fl-d4"/>
      </object_component>
      <object_component id="oc-7e">
         <name>.debug_info</name>
         <load_address>0x5320</load_address>
         <run_address>0x5320</run_address>
         <size>0x125</size>
         <input_file_ref idref="fl-d5"/>
      </object_component>
      <object_component id="oc-236">
         <name>.debug_info</name>
         <load_address>0x5445</load_address>
         <run_address>0x5445</run_address>
         <size>0x140</size>
         <input_file_ref idref="fl-d6"/>
      </object_component>
      <object_component id="oc-135">
         <name>.debug_info</name>
         <load_address>0x5585</load_address>
         <run_address>0x5585</run_address>
         <size>0x12f</size>
         <input_file_ref idref="fl-d6"/>
      </object_component>
      <object_component id="oc-22f">
         <name>.debug_info</name>
         <load_address>0x56b4</load_address>
         <run_address>0x56b4</run_address>
         <size>0x23b</size>
         <input_file_ref idref="fl-d6"/>
      </object_component>
      <object_component id="oc-130">
         <name>.debug_info</name>
         <load_address>0x58ef</load_address>
         <run_address>0x58ef</run_address>
         <size>0x182</size>
         <input_file_ref idref="fl-d7"/>
      </object_component>
      <object_component id="oc-73">
         <name>.debug_info</name>
         <load_address>0x5a71</load_address>
         <run_address>0x5a71</run_address>
         <size>0x183</size>
         <input_file_ref idref="fl-d7"/>
      </object_component>
      <object_component id="oc-227">
         <name>.debug_info</name>
         <load_address>0x5bf4</load_address>
         <run_address>0x5bf4</run_address>
         <size>0x5e</size>
         <input_file_ref idref="fl-d7"/>
      </object_component>
      <object_component id="oc-12e">
         <name>.debug_info</name>
         <load_address>0x5c52</load_address>
         <run_address>0x5c52</run_address>
         <size>0x305</size>
         <input_file_ref idref="fl-d8"/>
      </object_component>
      <object_component id="oc-6e">
         <name>.debug_info</name>
         <load_address>0x5f57</load_address>
         <run_address>0x5f57</run_address>
         <size>0x1ac</size>
         <input_file_ref idref="fl-d8"/>
      </object_component>
      <object_component id="oc-21b">
         <name>.debug_info</name>
         <load_address>0x6103</load_address>
         <run_address>0x6103</run_address>
         <size>0x39</size>
         <input_file_ref idref="fl-d8"/>
      </object_component>
      <object_component id="oc-220">
         <name>.debug_info</name>
         <load_address>0x613c</load_address>
         <run_address>0x613c</run_address>
         <size>0xcd</size>
         <input_file_ref idref="fl-d8"/>
      </object_component>
      <object_component id="oc-217">
         <name>.debug_info</name>
         <load_address>0x6209</load_address>
         <run_address>0x6209</run_address>
         <size>0x1fc</size>
         <input_file_ref idref="fl-d9"/>
      </object_component>
      <object_component id="oc-123">
         <name>.debug_info</name>
         <load_address>0x6405</load_address>
         <run_address>0x6405</run_address>
         <size>0x19f</size>
         <input_file_ref idref="fl-d9"/>
      </object_component>
      <object_component id="oc-295">
         <name>.debug_info</name>
         <load_address>0x65a4</load_address>
         <run_address>0x65a4</run_address>
         <size>0x2c</size>
         <input_file_ref idref="fl-d9"/>
      </object_component>
      <object_component id="oc-12a">
         <name>.debug_info</name>
         <load_address>0x65d0</load_address>
         <run_address>0x65d0</run_address>
         <size>0x161</size>
         <input_file_ref idref="fl-da"/>
      </object_component>
      <object_component id="oc-20e">
         <name>.debug_info</name>
         <load_address>0x6731</load_address>
         <run_address>0x6731</run_address>
         <size>0x230</size>
         <input_file_ref idref="fl-db"/>
      </object_component>
      <object_component id="oc-29f">
         <name>.debug_info</name>
         <load_address>0x6961</load_address>
         <run_address>0x6961</run_address>
         <size>0x167</size>
         <input_file_ref idref="fl-db"/>
      </object_component>
      <object_component id="oc-2a2">
         <name>.debug_info</name>
         <load_address>0x6ac8</load_address>
         <run_address>0x6ac8</run_address>
         <size>0x169</size>
         <input_file_ref idref="fl-db"/>
      </object_component>
      <object_component id="oc-268">
         <name>.debug_info</name>
         <load_address>0x6c31</load_address>
         <run_address>0x6c31</run_address>
         <size>0x15b</size>
         <input_file_ref idref="fl-db"/>
      </object_component>
      <object_component id="oc-1dd">
         <name>.debug_info</name>
         <load_address>0x6d8c</load_address>
         <run_address>0x6d8c</run_address>
         <size>0x2a3</size>
         <input_file_ref idref="fl-db"/>
      </object_component>
      <object_component id="oc-246">
         <name>.debug_info</name>
         <load_address>0x702f</load_address>
         <run_address>0x702f</run_address>
         <size>0x2b3</size>
         <input_file_ref idref="fl-db"/>
      </object_component>
      <object_component id="oc-161">
         <name>.debug_info</name>
         <load_address>0x72e2</load_address>
         <run_address>0x72e2</run_address>
         <size>0x316</size>
         <input_file_ref idref="fl-db"/>
      </object_component>
      <object_component id="oc-1a3">
         <name>.debug_info</name>
         <load_address>0x75f8</load_address>
         <run_address>0x75f8</run_address>
         <size>0x27b</size>
         <input_file_ref idref="fl-db"/>
      </object_component>
      <object_component id="oc-1bb">
         <name>.debug_info</name>
         <load_address>0x7873</load_address>
         <run_address>0x7873</run_address>
         <size>0x279</size>
         <input_file_ref idref="fl-db"/>
      </object_component>
      <object_component id="oc-155">
         <name>.debug_info</name>
         <load_address>0x7aec</load_address>
         <run_address>0x7aec</run_address>
         <size>0x2b7</size>
         <input_file_ref idref="fl-db"/>
      </object_component>
      <object_component id="oc-15b">
         <name>.debug_info</name>
         <load_address>0x7da3</load_address>
         <run_address>0x7da3</run_address>
         <size>0x285</size>
         <input_file_ref idref="fl-db"/>
      </object_component>
      <object_component id="oc-ec">
         <name>.debug_info</name>
         <load_address>0x8028</load_address>
         <run_address>0x8028</run_address>
         <size>0x27b</size>
         <input_file_ref idref="fl-db"/>
      </object_component>
      <object_component id="oc-19d">
         <name>.debug_info</name>
         <load_address>0x82a3</load_address>
         <run_address>0x82a3</run_address>
         <size>0x280</size>
         <input_file_ref idref="fl-db"/>
      </object_component>
      <object_component id="oc-250">
         <name>.debug_info</name>
         <load_address>0x8523</load_address>
         <run_address>0x8523</run_address>
         <size>0x27e</size>
         <input_file_ref idref="fl-db"/>
      </object_component>
      <object_component id="oc-173">
         <name>.debug_info</name>
         <load_address>0x87a1</load_address>
         <run_address>0x87a1</run_address>
         <size>0x2bb</size>
         <input_file_ref idref="fl-db"/>
      </object_component>
      <object_component id="oc-16d">
         <name>.debug_info</name>
         <load_address>0x8a5c</load_address>
         <run_address>0x8a5c</run_address>
         <size>0x2cf</size>
         <input_file_ref idref="fl-db"/>
      </object_component>
      <object_component id="oc-179">
         <name>.debug_info</name>
         <load_address>0x8d2b</load_address>
         <run_address>0x8d2b</run_address>
         <size>0x28f</size>
         <input_file_ref idref="fl-db"/>
      </object_component>
      <object_component id="oc-167">
         <name>.debug_info</name>
         <load_address>0x8fba</load_address>
         <run_address>0x8fba</run_address>
         <size>0x291</size>
         <input_file_ref idref="fl-db"/>
      </object_component>
      <object_component id="oc-e6">
         <name>.debug_info</name>
         <load_address>0x924b</load_address>
         <run_address>0x924b</run_address>
         <size>0x28d</size>
         <input_file_ref idref="fl-db"/>
      </object_component>
      <object_component id="oc-264">
         <name>.debug_info</name>
         <load_address>0x94d8</load_address>
         <run_address>0x94d8</run_address>
         <size>0x20e</size>
         <input_file_ref idref="fl-dc"/>
      </object_component>
      <object_component id="oc-261">
         <name>.debug_info</name>
         <load_address>0x96e6</load_address>
         <run_address>0x96e6</run_address>
         <size>0x210</size>
         <input_file_ref idref="fl-dc"/>
      </object_component>
      <object_component id="oc-2a6">
         <name>.debug_info</name>
         <load_address>0x98f6</load_address>
         <run_address>0x98f6</run_address>
         <size>0x157</size>
         <input_file_ref idref="fl-dc"/>
      </object_component>
      <object_component id="oc-256">
         <name>.debug_info</name>
         <load_address>0x9a4d</load_address>
         <run_address>0x9a4d</run_address>
         <size>0x2c1</size>
         <input_file_ref idref="fl-dc"/>
      </object_component>
      <object_component id="oc-8f">
         <name>.debug_info</name>
         <load_address>0x9d0e</load_address>
         <run_address>0x9d0e</run_address>
         <size>0x23e</size>
         <input_file_ref idref="fl-dc"/>
      </object_component>
      <object_component id="oc-18b">
         <name>.debug_info</name>
         <load_address>0x9f4c</load_address>
         <run_address>0x9f4c</run_address>
         <size>0x268</size>
         <input_file_ref idref="fl-dc"/>
      </object_component>
      <object_component id="oc-27d">
         <name>.debug_info</name>
         <load_address>0xa1b4</load_address>
         <run_address>0xa1b4</run_address>
         <size>0x1ed</size>
         <input_file_ref idref="fl-dd"/>
      </object_component>
      <object_component id="oc-1e3">
         <name>.debug_info</name>
         <load_address>0xa3a1</load_address>
         <run_address>0xa3a1</run_address>
         <size>0x2f6</size>
         <input_file_ref idref="fl-dd"/>
      </object_component>
      <object_component id="oc-1cd">
         <name>.debug_info</name>
         <load_address>0xa697</load_address>
         <run_address>0xa697</run_address>
         <size>0x2c4</size>
         <input_file_ref idref="fl-dd"/>
      </object_component>
      <object_component id="oc-1c8">
         <name>.debug_info</name>
         <load_address>0xa95b</load_address>
         <run_address>0xa95b</run_address>
         <size>0x2b6</size>
         <input_file_ref idref="fl-dd"/>
      </object_component>
      <object_component id="oc-1d3">
         <name>.debug_info</name>
         <load_address>0xac11</load_address>
         <run_address>0xac11</run_address>
         <size>0x276</size>
         <input_file_ref idref="fl-dd"/>
      </object_component>
      <object_component id="oc-1c1">
         <name>.debug_info</name>
         <load_address>0xae87</load_address>
         <run_address>0xae87</run_address>
         <size>0x2b3</size>
         <input_file_ref idref="fl-dd"/>
      </object_component>
      <object_component id="oc-13e">
         <name>.debug_info</name>
         <load_address>0xb13a</load_address>
         <run_address>0xb13a</run_address>
         <size>0x298</size>
         <input_file_ref idref="fl-de"/>
      </object_component>
      <object_component id="oc-1eb">
         <name>.debug_info</name>
         <load_address>0xb3d2</load_address>
         <run_address>0xb3d2</run_address>
         <size>0x14d</size>
         <input_file_ref idref="fl-de"/>
      </object_component>
      <object_component id="oc-14f">
         <name>.debug_info</name>
         <load_address>0xb51f</load_address>
         <run_address>0xb51f</run_address>
         <size>0x27d</size>
         <input_file_ref idref="fl-de"/>
      </object_component>
      <object_component id="oc-1b5">
         <name>.debug_info</name>
         <load_address>0xb79c</load_address>
         <run_address>0xb79c</run_address>
         <size>0x263</size>
         <input_file_ref idref="fl-de"/>
      </object_component>
      <object_component id="oc-84">
         <name>.debug_info</name>
         <load_address>0xb9ff</load_address>
         <run_address>0xb9ff</run_address>
         <size>0x2db</size>
         <input_file_ref idref="fl-de"/>
      </object_component>
      <object_component id="oc-a8">
         <name>.debug_info</name>
         <load_address>0xbcda</load_address>
         <run_address>0xbcda</run_address>
         <size>0x2b5</size>
         <input_file_ref idref="fl-de"/>
      </object_component>
      <object_component id="oc-23c">
         <name>.debug_info</name>
         <load_address>0xbf8f</load_address>
         <run_address>0xbf8f</run_address>
         <size>0x5f</size>
         <input_file_ref idref="fl-de"/>
      </object_component>
      <object_component id="oc-1f3">
         <name>.debug_info</name>
         <load_address>0xbfee</load_address>
         <run_address>0xbfee</run_address>
         <size>0x223</size>
         <input_file_ref idref="fl-df"/>
      </object_component>
      <object_component id="oc-186">
         <name>.debug_info</name>
         <load_address>0xc211</load_address>
         <run_address>0xc211</run_address>
         <size>0x2ba</size>
         <input_file_ref idref="fl-df"/>
      </object_component>
      <object_component id="oc-192">
         <name>.debug_info</name>
         <load_address>0xc4cb</load_address>
         <run_address>0xc4cb</run_address>
         <size>0x294</size>
         <input_file_ref idref="fl-df"/>
      </object_component>
      <object_component id="oc-c3">
         <name>.debug_info</name>
         <load_address>0xc75f</load_address>
         <run_address>0xc75f</run_address>
         <size>0x292</size>
         <input_file_ref idref="fl-df"/>
      </object_component>
      <object_component id="oc-198">
         <name>.debug_info</name>
         <load_address>0xc9f1</load_address>
         <run_address>0xc9f1</run_address>
         <size>0x27f</size>
         <input_file_ref idref="fl-df"/>
      </object_component>
      <object_component id="oc-180">
         <name>.debug_info</name>
         <load_address>0xcc70</load_address>
         <run_address>0xcc70</run_address>
         <size>0x28c</size>
         <input_file_ref idref="fl-df"/>
      </object_component>
      <object_component id="oc-1db">
         <name>.debug_info</name>
         <load_address>0xcefc</load_address>
         <run_address>0xcefc</run_address>
         <size>0x227</size>
         <input_file_ref idref="fl-e0"/>
      </object_component>
      <object_component id="oc-d4">
         <name>.debug_info</name>
         <load_address>0xd123</load_address>
         <run_address>0xd123</run_address>
         <size>0x27f</size>
         <input_file_ref idref="fl-e0"/>
      </object_component>
      <object_component id="oc-1af">
         <name>.debug_info</name>
         <load_address>0xd3a2</load_address>
         <run_address>0xd3a2</run_address>
         <size>0x28f</size>
         <input_file_ref idref="fl-e0"/>
      </object_component>
      <object_component id="oc-da">
         <name>.debug_info</name>
         <load_address>0xd631</load_address>
         <run_address>0xd631</run_address>
         <size>0x28d</size>
         <input_file_ref idref="fl-e0"/>
      </object_component>
      <object_component id="oc-9b">
         <name>.debug_info</name>
         <load_address>0xd8be</load_address>
         <run_address>0xd8be</run_address>
         <size>0x251</size>
         <input_file_ref idref="fl-e0"/>
      </object_component>
      <object_component id="oc-274">
         <name>.debug_info</name>
         <load_address>0xdb0f</load_address>
         <run_address>0xdb0f</run_address>
         <size>0x247</size>
         <input_file_ref idref="fl-e0"/>
      </object_component>
      <object_component id="oc-26e">
         <name>.debug_info</name>
         <load_address>0xdd56</load_address>
         <run_address>0xdd56</run_address>
         <size>0x249</size>
         <input_file_ref idref="fl-e0"/>
      </object_component>
      <object_component id="oc-1aa">
         <name>.debug_info</name>
         <load_address>0xdf9f</load_address>
         <run_address>0xdf9f</run_address>
         <size>0x326</size>
         <input_file_ref idref="fl-e0"/>
      </object_component>
      <object_component id="oc-bd">
         <name>.debug_info</name>
         <load_address>0xe2c5</load_address>
         <run_address>0xe2c5</run_address>
         <size>0x273</size>
         <input_file_ref idref="fl-e0"/>
      </object_component>
      <object_component id="oc-e0">
         <name>.debug_info</name>
         <load_address>0xe538</load_address>
         <run_address>0xe538</run_address>
         <size>0x263</size>
         <input_file_ref idref="fl-e0"/>
      </object_component>
      <object_component id="oc-149">
         <name>.debug_info</name>
         <load_address>0xe79b</load_address>
         <run_address>0xe79b</run_address>
         <size>0x212</size>
         <input_file_ref idref="fl-e1"/>
      </object_component>
      <object_component id="oc-2de">
         <name>.debug_info</name>
         <load_address>0xe9ad</load_address>
         <run_address>0xe9ad</run_address>
         <size>0xb2</size>
      </object_component>
      <object_component id="oc-213">
         <name>.debug_line</name>
         <load_address>0x0</load_address>
         <run_address>0x0</run_address>
         <size>0x2e</size>
         <input_file_ref idref="fl-2"/>
      </object_component>
      <object_component id="oc-d1">
         <name>.debug_line</name>
         <load_address>0x2e</load_address>
         <run_address>0x2e</run_address>
         <size>0x84</size>
         <input_file_ref idref="fl-2"/>
      </object_component>
      <object_component id="oc-112">
         <name>.debug_line</name>
         <load_address>0xb2</load_address>
         <run_address>0xb2</run_address>
         <size>0x20</size>
         <input_file_ref idref="fl-2"/>
      </object_component>
      <object_component id="oc-103">
         <name>.debug_line</name>
         <load_address>0xd2</load_address>
         <run_address>0xd2</run_address>
         <size>0x66</size>
         <input_file_ref idref="fl-2"/>
      </object_component>
      <object_component id="oc-211">
         <name>.debug_line</name>
         <load_address>0x138</load_address>
         <run_address>0x138</run_address>
         <size>0x2d</size>
         <input_file_ref idref="fl-3"/>
      </object_component>
      <object_component id="oc-32">
         <name>.debug_line</name>
         <load_address>0x165</load_address>
         <run_address>0x165</run_address>
         <size>0x11e</size>
         <input_file_ref idref="fl-3"/>
      </object_component>
      <object_component id="oc-fe">
         <name>.debug_line</name>
         <load_address>0x283</load_address>
         <run_address>0x283</run_address>
         <size>0x20</size>
         <input_file_ref idref="fl-3"/>
      </object_component>
      <object_component id="oc-215">
         <name>.debug_line</name>
         <load_address>0x2a3</load_address>
         <run_address>0x2a3</run_address>
         <size>0x2e</size>
         <input_file_ref idref="fl-4"/>
      </object_component>
      <object_component id="oc-cb">
         <name>.debug_line</name>
         <load_address>0x2d1</load_address>
         <run_address>0x2d1</run_address>
         <size>0xa9</size>
         <input_file_ref idref="fl-4"/>
      </object_component>
      <object_component id="oc-106">
         <name>.debug_line</name>
         <load_address>0x37a</load_address>
         <run_address>0x37a</run_address>
         <size>0x41</size>
         <input_file_ref idref="fl-5"/>
      </object_component>
      <object_component id="oc-38">
         <name>.debug_line</name>
         <load_address>0x3bb</load_address>
         <run_address>0x3bb</run_address>
         <size>0x41</size>
         <input_file_ref idref="fl-5"/>
      </object_component>
      <object_component id="oc-30">
         <name>.debug_line</name>
         <load_address>0x3fc</load_address>
         <run_address>0x3fc</run_address>
         <size>0xa1</size>
         <input_file_ref idref="fl-5"/>
      </object_component>
      <object_component id="oc-288">
         <name>.debug_line</name>
         <load_address>0x49d</load_address>
         <run_address>0x49d</run_address>
         <size>0xd8</size>
         <input_file_ref idref="fl-6"/>
      </object_component>
      <object_component id="oc-a4">
         <name>.debug_line</name>
         <load_address>0x575</load_address>
         <run_address>0x575</run_address>
         <size>0x16f</size>
         <input_file_ref idref="fl-6"/>
      </object_component>
      <object_component id="oc-282">
         <name>.debug_line</name>
         <load_address>0x6e4</load_address>
         <run_address>0x6e4</run_address>
         <size>0x16b</size>
         <input_file_ref idref="fl-7"/>
      </object_component>
      <object_component id="oc-96">
         <name>.debug_line</name>
         <load_address>0x84f</load_address>
         <run_address>0x84f</run_address>
         <size>0x13d</size>
         <input_file_ref idref="fl-7"/>
      </object_component>
      <object_component id="oc-242">
         <name>.debug_line</name>
         <load_address>0x98c</load_address>
         <run_address>0x98c</run_address>
         <size>0x3e</size>
         <input_file_ref idref="fl-9"/>
      </object_component>
      <object_component id="oc-8a">
         <name>.debug_line</name>
         <load_address>0x9ca</load_address>
         <run_address>0x9ca</run_address>
         <size>0x78</size>
         <input_file_ref idref="fl-9"/>
      </object_component>
      <object_component id="oc-28">
         <name>.debug_line</name>
         <load_address>0xa42</load_address>
         <run_address>0xa42</run_address>
         <size>0x53</size>
         <input_file_ref idref="fl-c5"/>
      </object_component>
      <object_component id="oc-10e">
         <name>.debug_line</name>
         <load_address>0xa95</load_address>
         <run_address>0xa95</run_address>
         <size>0xa5</size>
         <input_file_ref idref="fl-c6"/>
      </object_component>
      <object_component id="oc-16">
         <name>.debug_line</name>
         <load_address>0xb3a</load_address>
         <run_address>0xb3a</run_address>
         <size>0x55</size>
         <input_file_ref idref="fl-c6"/>
      </object_component>
      <object_component id="oc-43">
         <name>.debug_line</name>
         <load_address>0xb8f</load_address>
         <run_address>0xb8f</run_address>
         <size>0x3a</size>
         <input_file_ref idref="fl-c6"/>
      </object_component>
      <object_component id="oc-10b">
         <name>.debug_line</name>
         <load_address>0xbc9</load_address>
         <run_address>0xbc9</run_address>
         <size>0xa5</size>
         <input_file_ref idref="fl-c6"/>
      </object_component>
      <object_component id="oc-116">
         <name>.debug_line</name>
         <load_address>0xc6e</load_address>
         <run_address>0xc6e</run_address>
         <size>0xa5</size>
         <input_file_ref idref="fl-c7"/>
      </object_component>
      <object_component id="oc-4a">
         <name>.debug_line</name>
         <load_address>0xd13</load_address>
         <run_address>0xd13</run_address>
         <size>0x98</size>
         <input_file_ref idref="fl-c7"/>
      </object_component>
      <object_component id="oc-1c">
         <name>.debug_line</name>
         <load_address>0xdab</load_address>
         <run_address>0xdab</run_address>
         <size>0x4b</size>
         <input_file_ref idref="fl-c7"/>
      </object_component>
      <object_component id="oc-51">
         <name>.debug_line</name>
         <load_address>0xdf6</load_address>
         <run_address>0xdf6</run_address>
         <size>0x39</size>
         <input_file_ref idref="fl-c7"/>
      </object_component>
      <object_component id="oc-11a">
         <name>.debug_line</name>
         <load_address>0xe2f</load_address>
         <run_address>0xe2f</run_address>
         <size>0xa5</size>
         <input_file_ref idref="fl-c7"/>
      </object_component>
      <object_component id="oc-239">
         <name>.debug_line</name>
         <load_address>0xed4</load_address>
         <run_address>0xed4</run_address>
         <size>0x128</size>
         <input_file_ref idref="fl-c9"/>
      </object_component>
      <object_component id="oc-22d">
         <name>.debug_line</name>
         <load_address>0xffc</load_address>
         <run_address>0xffc</run_address>
         <size>0x2a</size>
         <input_file_ref idref="fl-c9"/>
      </object_component>
      <object_component id="oc-7b">
         <name>.debug_line</name>
         <load_address>0x1026</load_address>
         <run_address>0x1026</run_address>
         <size>0x86</size>
         <input_file_ref idref="fl-c9"/>
      </object_component>
      <object_component id="oc-1f5">
         <name>.debug_line</name>
         <load_address>0x10ac</load_address>
         <run_address>0x10ac</run_address>
         <size>0xd2</size>
         <input_file_ref idref="fl-ca"/>
      </object_component>
      <object_component id="oc-1fd">
         <name>.debug_line</name>
         <load_address>0x117e</load_address>
         <run_address>0x117e</run_address>
         <size>0x77</size>
         <input_file_ref idref="fl-cb"/>
      </object_component>
      <object_component id="oc-b5">
         <name>.debug_line</name>
         <load_address>0x11f5</load_address>
         <run_address>0x11f5</run_address>
         <size>0xa8</size>
         <input_file_ref idref="fl-cc"/>
      </object_component>
      <object_component id="oc-208">
         <name>.debug_line</name>
         <load_address>0x129d</load_address>
         <run_address>0x129d</run_address>
         <size>0x8e</size>
         <input_file_ref idref="fl-cd"/>
      </object_component>
      <object_component id="oc-ba">
         <name>.debug_line</name>
         <load_address>0x132b</load_address>
         <run_address>0x132b</run_address>
         <size>0x5a</size>
         <input_file_ref idref="fl-ce"/>
      </object_component>
      <object_component id="oc-203">
         <name>.debug_line</name>
         <load_address>0x1385</load_address>
         <run_address>0x1385</run_address>
         <size>0x57</size>
         <input_file_ref idref="fl-cf"/>
      </object_component>
      <object_component id="oc-ad">
         <name>.debug_line</name>
         <load_address>0x13dc</load_address>
         <run_address>0x13dc</run_address>
         <size>0x50</size>
         <input_file_ref idref="fl-d0"/>
      </object_component>
      <object_component id="oc-3b">
         <name>.debug_line</name>
         <load_address>0x142c</load_address>
         <run_address>0x142c</run_address>
         <size>0x88</size>
         <input_file_ref idref="fl-d1"/>
      </object_component>
      <object_component id="oc-54">
         <name>.debug_line</name>
         <load_address>0x14b4</load_address>
         <run_address>0x14b4</run_address>
         <size>0x79</size>
         <input_file_ref idref="fl-d2"/>
      </object_component>
      <object_component id="oc-60">
         <name>.debug_line</name>
         <load_address>0x152d</load_address>
         <run_address>0x152d</run_address>
         <size>0x3d</size>
         <input_file_ref idref="fl-d3"/>
      </object_component>
      <object_component id="oc-66">
         <name>.debug_line</name>
         <load_address>0x156a</load_address>
         <run_address>0x156a</run_address>
         <size>0x40</size>
         <input_file_ref idref="fl-d4"/>
      </object_component>
      <object_component id="oc-13b">
         <name>.debug_line</name>
         <load_address>0x15aa</load_address>
         <run_address>0x15aa</run_address>
         <size>0x33</size>
         <input_file_ref idref="fl-d5"/>
      </object_component>
      <object_component id="oc-29c">
         <name>.debug_line</name>
         <load_address>0x15dd</load_address>
         <run_address>0x15dd</run_address>
         <size>0x20</size>
         <input_file_ref idref="fl-d6"/>
      </object_component>
      <object_component id="oc-235">
         <name>.debug_line</name>
         <load_address>0x15fd</load_address>
         <run_address>0x15fd</run_address>
         <size>0x2b</size>
         <input_file_ref idref="fl-d6"/>
      </object_component>
      <object_component id="oc-233">
         <name>.debug_line</name>
         <load_address>0x1628</load_address>
         <run_address>0x1628</run_address>
         <size>0x68</size>
         <input_file_ref idref="fl-d6"/>
      </object_component>
      <object_component id="oc-226">
         <name>.debug_line</name>
         <load_address>0x1690</load_address>
         <run_address>0x1690</run_address>
         <size>0x2b</size>
         <input_file_ref idref="fl-d7"/>
      </object_component>
      <object_component id="oc-76">
         <name>.debug_line</name>
         <load_address>0x16bb</load_address>
         <run_address>0x16bb</run_address>
         <size>0x50</size>
         <input_file_ref idref="fl-d7"/>
      </object_component>
      <object_component id="oc-22a">
         <name>.debug_line</name>
         <load_address>0x170b</load_address>
         <run_address>0x170b</run_address>
         <size>0x2b</size>
         <input_file_ref idref="fl-d7"/>
      </object_component>
      <object_component id="oc-21a">
         <name>.debug_line</name>
         <load_address>0x1736</load_address>
         <run_address>0x1736</run_address>
         <size>0xc4</size>
         <input_file_ref idref="fl-d8"/>
      </object_component>
      <object_component id="oc-6c">
         <name>.debug_line</name>
         <load_address>0x17fa</load_address>
         <run_address>0x17fa</run_address>
         <size>0x8b</size>
         <input_file_ref idref="fl-d8"/>
      </object_component>
      <object_component id="oc-21e">
         <name>.debug_line</name>
         <load_address>0x1885</load_address>
         <run_address>0x1885</run_address>
         <size>0x2e</size>
         <input_file_ref idref="fl-d8"/>
      </object_component>
      <object_component id="oc-223">
         <name>.debug_line</name>
         <load_address>0x18b3</load_address>
         <run_address>0x18b3</run_address>
         <size>0xa6</size>
         <input_file_ref idref="fl-d8"/>
      </object_component>
      <object_component id="oc-294">
         <name>.debug_line</name>
         <load_address>0x1959</load_address>
         <run_address>0x1959</run_address>
         <size>0xb3</size>
         <input_file_ref idref="fl-d9"/>
      </object_component>
      <object_component id="oc-122">
         <name>.debug_line</name>
         <load_address>0x1a0c</load_address>
         <run_address>0x1a0c</run_address>
         <size>0x68</size>
         <input_file_ref idref="fl-d9"/>
      </object_component>
      <object_component id="oc-298">
         <name>.debug_line</name>
         <load_address>0x1a74</load_address>
         <run_address>0x1a74</run_address>
         <size>0x2e</size>
         <input_file_ref idref="fl-d9"/>
      </object_component>
      <object_component id="oc-12c">
         <name>.debug_line</name>
         <load_address>0x1aa2</load_address>
         <run_address>0x1aa2</run_address>
         <size>0x3c</size>
         <input_file_ref idref="fl-da"/>
      </object_component>
      <object_component id="oc-292">
         <name>.debug_line</name>
         <load_address>0x1ade</load_address>
         <run_address>0x1ade</run_address>
         <size>0x82</size>
         <input_file_ref idref="fl-db"/>
      </object_component>
      <object_component id="oc-2b4">
         <name>.debug_line</name>
         <load_address>0x1b60</load_address>
         <run_address>0x1b60</run_address>
         <size>0x7d</size>
         <input_file_ref idref="fl-db"/>
      </object_component>
      <object_component id="oc-2b6">
         <name>.debug_line</name>
         <load_address>0x1bdd</load_address>
         <run_address>0x1bdd</run_address>
         <size>0x7d</size>
         <input_file_ref idref="fl-db"/>
      </object_component>
      <object_component id="oc-2ae">
         <name>.debug_line</name>
         <load_address>0x1c5a</load_address>
         <run_address>0x1c5a</run_address>
         <size>0x7d</size>
         <input_file_ref idref="fl-db"/>
      </object_component>
      <object_component id="oc-1e0">
         <name>.debug_line</name>
         <load_address>0x1cd7</load_address>
         <run_address>0x1cd7</run_address>
         <size>0x92</size>
         <input_file_ref idref="fl-db"/>
      </object_component>
      <object_component id="oc-249">
         <name>.debug_line</name>
         <load_address>0x1d69</load_address>
         <run_address>0x1d69</run_address>
         <size>0x95</size>
         <input_file_ref idref="fl-db"/>
      </object_component>
      <object_component id="oc-164">
         <name>.debug_line</name>
         <load_address>0x1dfe</load_address>
         <run_address>0x1dfe</run_address>
         <size>0xd1</size>
         <input_file_ref idref="fl-db"/>
      </object_component>
      <object_component id="oc-1a6">
         <name>.debug_line</name>
         <load_address>0x1ecf</load_address>
         <run_address>0x1ecf</run_address>
         <size>0x93</size>
         <input_file_ref idref="fl-db"/>
      </object_component>
      <object_component id="oc-1be">
         <name>.debug_line</name>
         <load_address>0x1f62</load_address>
         <run_address>0x1f62</run_address>
         <size>0x93</size>
         <input_file_ref idref="fl-db"/>
      </object_component>
      <object_component id="oc-158">
         <name>.debug_line</name>
         <load_address>0x1ff5</load_address>
         <run_address>0x1ff5</run_address>
         <size>0x99</size>
         <input_file_ref idref="fl-db"/>
      </object_component>
      <object_component id="oc-15e">
         <name>.debug_line</name>
         <load_address>0x208e</load_address>
         <run_address>0x208e</run_address>
         <size>0x93</size>
         <input_file_ref idref="fl-db"/>
      </object_component>
      <object_component id="oc-ef">
         <name>.debug_line</name>
         <load_address>0x2121</load_address>
         <run_address>0x2121</run_address>
         <size>0x92</size>
         <input_file_ref idref="fl-db"/>
      </object_component>
      <object_component id="oc-1a0">
         <name>.debug_line</name>
         <load_address>0x21b3</load_address>
         <run_address>0x21b3</run_address>
         <size>0xa7</size>
         <input_file_ref idref="fl-db"/>
      </object_component>
      <object_component id="oc-253">
         <name>.debug_line</name>
         <load_address>0x225a</load_address>
         <run_address>0x225a</run_address>
         <size>0xa9</size>
         <input_file_ref idref="fl-db"/>
      </object_component>
      <object_component id="oc-176">
         <name>.debug_line</name>
         <load_address>0x2303</load_address>
         <run_address>0x2303</run_address>
         <size>0x99</size>
         <input_file_ref idref="fl-db"/>
      </object_component>
      <object_component id="oc-170">
         <name>.debug_line</name>
         <load_address>0x239c</load_address>
         <run_address>0x239c</run_address>
         <size>0x99</size>
         <input_file_ref idref="fl-db"/>
      </object_component>
      <object_component id="oc-17c">
[...]
      </symbol>
      <symbol id="sm-92">
         <name>load</name>
         <value>0x20000498</value>
         <object_component_ref idref="oc-f1"/>
      </symbol>
      <symbol id="sm-93">
         <name>plane_angle</name>
         <value>0x2000049c</value>
         <object_component_ref idref="oc-f1"/>
      </symbol>
      <symbol id="sm-94">
         <name>ISR_ANGLE</name>
         <value>0xabd</value>
         <object_component_ref idref="oc-31"/>
      </symbol>
      <symbol id="sm-95">
         <name>ISR_THROW</name>
         <value>0xae5</value>
         <object_component_ref idref="oc-31"/>
      </symbol>
      <symbol id="sm-96">
         <name>UARTIntHandler</name>
         <value>0x9eb</value>
         <object_component_ref idref="oc-31"/>
      </symbol>
      <symbol id="sm-97">
         <name>main</name>
         <value>0x8fd</value>
         <object_component_ref idref="oc-31"/>
      </symbol>
      <symbol id="sm-98">
         <name>minPWM_angle</name>
         <value>0x20000490</value>
         <object_component_ref idref="oc-f1"/>
      </symbol>
      <symbol id="sm-99">
         <name>shoot</name>
         <value>0x20000494</value>
         <object_component_ref idref="oc-f1"/>
      </symbol>
      <symbol id="sm-9a">
         <name>Timer0IntHandler</name>
         <value>0x9d7</value>
         <object_component_ref idref="oc-31"/>
      </symbol>
      <symbol id="sm-9b">
         <name>maxPWM</name>
         <value>0x20000488</value>
         <object_component_ref idref="oc-f1"/>
      </symbol>
      <symbol id="sm-9c">
         <name>minPWM_throw</name>
         <value>0x2000048c</value>
         <object_component_ref idref="oc-f1"/>
      </symbol>
      <symbol id="sm-c8">
         <name>FIRST_STAGE</name>
         <value>0x2000047c</value>
         <object_component_ref idref="oc-f7"/>
      </symbol>
      <symbol id="sm-c9">
         <name>shootDisc</name>
         <value>0xd35</value>
         <object_component_ref idref="oc-c7"/>
      </symbol>
      <symbol id="sm-ca">
         <name>steady_state_counter</name>
         <value>0x20000480</value>
         <object_component_ref idref="oc-f7"/>
      </symbol>
      <symbol id="sm-cb">
         <name>steady</name>
         <value>0x20000484</value>
         <object_component_ref idref="oc-f7"/>
      </symbol>
      <symbol id="sm-cc">
         <name>des_throw_counter</name>
         <value>0x20000478</value>
         <object_component_ref idref="oc-f7"/>
      </symbol>
      <symbol id="sm-cd">
         <name>throw_counter</name>
         <value>0x20000474</value>
         <object_component_ref idref="oc-f7"/>
      </symbol>
      <symbol id="sm-ce">
         <name>cmd_throw</name>
         <value>0xe3d</value>
         <object_component_ref idref="oc-c7"/>
      </symbol>
      <symbol id="sm-cf">
         <name>triggered</name>
         <value>0x20000470</value>
         <object_component_ref idref="oc-f7"/>
      </symbol>
      <symbol id="sm-d0">
         <name>shootComplete</name>
         <value>0x2000046c</value>
         <object_component_ref idref="oc-f7"/>
      </symbol>
      <symbol id="sm-ec">
         <name>ResetISR</name>
         <value>0x1e5f</value>
         <object_component_ref idref="oc-2b"/>
      </symbol>
      <symbol id="sm-ed">
         <name>g_pfnVectors</name>
         <value>0x0</value>
         <object_component_ref idref="oc-f"/>
      </symbol>
      <symbol id="sm-144">
         <name>setPWM</name>
         <value>0x26d</value>
         <object_component_ref idref="oc-a0"/>
      </symbol>
      <symbol id="sm-145">
         <name>UART_OutUDec</name>
         <value>0x44d</value>
         <object_component_ref idref="oc-a0"/>
      </symbol>
      <symbol id="sm-146">
         <name>absolute</name>
         <value>0x377</value>
         <object_component_ref idref="oc-a0"/>
      </symbol>
      <symbol id="sm-147">
         <name>UART_TransmitString</name>
         <value>0x3a7</value>
         <object_component_ref idref="oc-a0"/>
      </symbol>
      <symbol id="sm-148">
         <name>UART_OutDec</name>
         <value>0x525</value>
         <object_component_ref idref="oc-a0"/>
      </symbol>
      <symbol id="sm-17d">
         <name>timerInit</name>
         <value>0x6f9</value>
         <object_component_ref idref="oc-94"/>
      </symbol>
      <symbol id="sm-17e">
         <name>uart5Init</name>
         <value>0x7a5</value>
         <object_component_ref idref="oc-94"/>
      </symbol>
      <symbol id="sm-17f">
         <name>encoderInit</name>
         <value>0x62f</value>
         <object_component_ref idref="oc-94"/>
      </symbol>
      <symbol id="sm-180">
         <name>uart1Init</name>
         <value>0x76d</value>
         <object_component_ref idref="oc-94"/>
      </symbol>
      <symbol id="sm-181">
         <name>uart0Init</name>
         <value>0x733</value>
         <object_component_ref idref="oc-94"/>
      </symbol>
      <symbol id="sm-182">
         <name>motorDirInit</name>
         <value>0x5e9</value>
         <object_component_ref idref="oc-94"/>
      </symbol>
      <symbol id="sm-183">
         <name>pwmInit</name>
         <value>0x7ef</value>
         <object_component_ref idref="oc-94"/>
      </symbol>
      <symbol id="sm-19b">
         <name>errorIntegral</name>
         <value>0x200004d8</value>
      </symbol>
      <symbol id="sm-19c">
         <name>prevError</name>
         <value>0x200004e0</value>
      </symbol>
      <symbol id="sm-19d">
         <name>Kp</name>
         <value>0x200004d0</value>
      </symbol>
      <symbol id="sm-19e">
         <name>Ki</name>
         <value>0x200004c8</value>
      </symbol>
      <symbol id="sm-19f">
         <name>Kd</name>
         <value>0x200004c0</value>
      </symbol>
      <symbol id="sm-1a0">
         <name>PID</name>
         <value>0x1499</value>
         <object_component_ref idref="oc-88"/>
      </symbol>
      <symbol id="sm-1a1">
         <name>initPIDController</name>
         <value>0x1451</value>
         <object_component_ref idref="oc-88"/>
      </symbol>
      <symbol id="sm-1b2">
         <name>_c_int00</name>
         <value>0x199d</value>
         <object_component_ref idref="oc-24"/>
      </symbol>
      <symbol id="sm-1b3">
         <name>__stack</name>
         <value>0x2000026c</value>
         <object_component_ref idref="oc-2a"/>
      </symbol>
      <symbol id="sm-1ca">
         <name>__TI_decompress_none</name>
         <value>0x1e2d</value>
         <object_component_ref idref="oc-12"/>
      </symbol>
      <symbol id="sm-1f2">
         <name>__TI_decompress_rle24</name>
         <value>0x1eb1</value>
         <object_component_ref idref="oc-18"/>
      </symbol>
      <symbol id="sm-214">
         <name>C$$EXIT</name>
         <value>0x19f1</value>
         <object_component_ref idref="oc-77"/>
      </symbol>
      <symbol id="sm-215">
         <name>abort</name>
         <value>0x19f5</value>
         <object_component_ref idref="oc-77"/>
      </symbol>
      <symbol id="sm-216">
         <name>exit</name>
         <value>0x19fd</value>
         <object_component_ref idref="oc-77"/>
      </symbol>
      <symbol id="sm-217">
         <name>__TI_dtors_ptr</name>
         <value>0x200004a4</value>
         <object_component_ref idref="oc-131"/>
      </symbol>
      <symbol id="sm-218">
         <name>__TI_cleanup_ptr</name>
         <value>0x200004a0</value>
         <object_component_ref idref="oc-131"/>
      </symbol>
      <symbol id="sm-219">
         <name>__TI_enable_exit_profile_output</name>
         <value>0x200004a8</value>
         <object_component_ref idref="oc-131"/>
      </symbol>
      <symbol id="sm-230">
         <name>__aeabi_dsub</name>
         <value>0xb7d</value>
         <object_component_ref idref="oc-1f4"/>
      </symbol>
      <symbol id="sm-231">
         <name>__aeabi_dadd</name>
         <value>0xb87</value>
         <object_component_ref idref="oc-1f4"/>
      </symbol>
      <symbol id="sm-243">
         <name>__aeabi_cdcmpeq</name>
         <value>0x16a1</value>
         <object_component_ref idref="oc-1f9"/>
      </symbol>
      <symbol id="sm-244">
         <name>__aeabi_cdcmple</name>
         <value>0x16a1</value>
         <object_component_ref idref="oc-1f9"/>
      </symbol>
      <symbol id="sm-258">
         <name>__aeabi_ddiv</name>
         <value>0xee9</value>
         <object_component_ref idref="oc-b1"/>
      </symbol>
      <symbol id="sm-263">
         <name>__aeabi_dmul</name>
         <value>0x1261</value>
         <object_component_ref idref="oc-204"/>
      </symbol>
      <symbol id="sm-26d">
         <name>__aeabi_d2iz</name>
         <value>0x1ad9</value>
         <object_component_ref idref="oc-b6"/>
      </symbol>
      <symbol id="sm-278">
         <name>__aeabi_f2d</name>
         <value>0x1ba9</value>
         <object_component_ref idref="oc-1ff"/>
      </symbol>
      <symbol id="sm-282">
         <name>__aeabi_i2d</name>
         <value>0x1c49</value>
         <object_component_ref idref="oc-ac"/>
      </symbol>
      <symbol id="sm-29d">
         <name>memcpy</name>
         <value>0x1605</value>
         <object_component_ref idref="oc-3a"/>
      </symbol>
      <symbol id="sm-29e">
         <name>__aeabi_memcpy</name>
         <value>0x1605</value>
         <object_component_ref idref="oc-3a"/>
      </symbol>
      <symbol id="sm-29f">
         <name>__aeabi_memcpy8</name>
         <value>0x1605</value>
         <object_component_ref idref="oc-3a"/>
      </symbol>
      <symbol id="sm-2a0">
         <name>__aeabi_memcpy4</name>
         <value>0x1605</value>
         <object_component_ref idref="oc-3a"/>
      </symbol>
      <symbol id="sm-2af">
         <name>__aeabi_memset</name>
         <value>0x1729</value>
         <object_component_ref idref="oc-53"/>
      </symbol>
      <symbol id="sm-2b0">
         <name>memset</name>
         <value>0x172f</value>
         <object_component_ref idref="oc-53"/>
      </symbol>
      <symbol id="sm-2b1">
         <name>__aeabi_memset8</name>
         <value>0x1729</value>
         <object_component_ref idref="oc-53"/>
      </symbol>
      <symbol id="sm-2b2">
         <name>__aeabi_memset4</name>
         <value>0x1729</value>
         <object_component_ref idref="oc-53"/>
      </symbol>
      <symbol id="sm-2b3">
         <name>__aeabi_memclr8</name>
         <value>0x1727</value>
         <object_component_ref idref="oc-53"/>
      </symbol>
      <symbol id="sm-2b4">
         <name>__aeabi_memclr4</name>
         <value>0x1727</value>
         <object_component_ref idref="oc-53"/>
      </symbol>
      <symbol id="sm-2b5">
         <name>__aeabi_memclr</name>
         <value>0x1727</value>
         <object_component_ref idref="oc-53"/>
      </symbol>
      <symbol id="sm-2bf">
         <name>__mpu_init</name>
         <value>0xd33</value>
         <object_component_ref idref="oc-5f"/>
      </symbol>
      <symbol id="sm-2c9">
         <name>_system_pre_init</name>
         <value>0x1ebf</value>
         <object_component_ref idref="oc-65"/>
      </symbol>
      <symbol id="sm-2d1">
         <name>main_func_sp</name>
         <value>0x200004bc</value>
         <object_component_ref idref="oc-7d"/>
      </symbol>
      <symbol id="sm-2ea">
         <name>_nop</name>
         <value>0x1d83</value>
         <object_component_ref idref="oc-22e"/>
      </symbol>
      <symbol id="sm-2eb">
         <name>_lock</name>
         <value>0x200004ac</value>
         <object_component_ref idref="oc-134"/>
      </symbol>
      <symbol id="sm-2ec">
         <name>_unlock</name>
         <value>0x200004b0</value>
         <object_component_ref idref="oc-134"/>
      </symbol>
      <symbol id="sm-2ed">
         <name>_register_lock</name>
         <value>0x1d7b</value>
         <object_component_ref idref="oc-22e"/>
      </symbol>
      <symbol id="sm-2ee">
         <name>_register_unlock</name>
         <value>0x1d75</value>
         <object_component_ref idref="oc-22e"/>
      </symbol>
      <symbol id="sm-302">
         <name>_args_main</name>
         <value>0x1d35</value>
         <object_component_ref idref="oc-71"/>
      </symbol>
      <symbol id="sm-327">
         <name>__TI_auto_init</name>
         <value>0x17a1</value>
         <object_component_ref idref="oc-6b"/>
      </symbol>
      <symbol id="sm-341">
         <name>copy_in</name>
         <value>0x1a45</value>
         <object_component_ref idref="oc-121"/>
      </symbol>
      <symbol id="sm-34b">
         <name>_system_post_cinit</name>
         <value>0x187b</value>
         <object_component_ref idref="oc-127"/>
      </symbol>
      <symbol id="sm-3ec">
         <name>GPIOPinTypePWM</name>
         <value>0x1d9b</value>
         <object_component_ref idref="oc-1ba"/>
      </symbol>
      <symbol id="sm-3ed">
         <name>GPIOIntRegister</name>
         <value>0x1d03</value>
         <object_component_ref idref="oc-16c"/>
      </symbol>
      <symbol id="sm-3ee">
         <name>GPIOPinConfigure</name>
         <value>0x1a91</value>
         <object_component_ref idref="oc-19c"/>
      </symbol>
      <symbol id="sm-3ef">
         <name>GPIOIntDisable</name>
         <value>0x1e03</value>
         <object_component_ref idref="oc-166"/>
      </symbol>
      <symbol id="sm-3f0">
         <name>GPIOIntEnable</name>
         <value>0x1e47</value>
         <object_component_ref idref="oc-178"/>
      </symbol>
      <symbol id="sm-3f1">
         <name>GPIOIntTypeSet</name>
         <value>0x1945</value>
         <object_component_ref idref="oc-172"/>
      </symbol>
      <symbol id="sm-3f2">
         <name>GPIOPinTypeGPIOInput</name>
         <value>0x1d89</value>
         <object_component_ref idref="oc-15a"/>
      </symbol>
      <symbol id="sm-3f3">
         <name>GPIOIntClear</name>
         <value>0x1e99</value>
         <object_component_ref idref="oc-e5"/>
      </symbol>
      <symbol id="sm-3f4">
         <name>GPIOPinTypeUART</name>
         <value>0x1dad</value>
         <object_component_ref idref="oc-1a2"/>
      </symbol>
      <symbol id="sm-3f5">
         <name>GPIOPinTypeGPIOOutput</name>
         <value>0x1d1b</value>
         <object_component_ref idref="oc-154"/>
      </symbol>
      <symbol id="sm-3f6">
         <name>GPIOPinRead</name>
         <value>0x1e9f</value>
         <object_component_ref idref="oc-eb"/>
      </symbol>
      <symbol id="sm-3f7">
         <name>GPIODirModeSet</name>
         <value>0x1c77</value>
         <object_component_ref idref="oc-245"/>
      </symbol>
      <symbol id="sm-3f8">
         <name>GPIOPinWrite</name>
         <value>0x1ea5</value>
         <object_component_ref idref="oc-1dc"/>
      </symbol>
      <symbol id="sm-3f9">
         <name>GPIOPadConfigSet</name>
         <value>0x101f</value>
         <object_component_ref idref="oc-160"/>
      </symbol>
      <symbol id="sm-43b">
         <name>IntEnable</name>
         <value>0x187d</value>
         <object_component_ref idref="oc-18a"/>
      </symbol>
      <symbol id="sm-43c">
         <name>IntRegister</name>
         <value>0x1be1</value>
         <object_component_ref idref="oc-255"/>
      </symbol>
      <symbol id="sm-43d">
         <name>g_pfnRAMVectors</name>
         <value>0x20000000</value>
         <object_component_ref idref="oc-2a5"/>
      </symbol>
      <symbol id="sm-43e">
         <name>IntMasterEnable</name>
         <value>0x1de3</value>
         <object_component_ref idref="oc-8e"/>
      </symbol>
      <symbol id="sm-46b">
         <name>PWMGenPeriodSet</name>
         <value>0x1df3</value>
         <object_component_ref idref="oc-1c6"/>
      </symbol>
      <symbol id="sm-46c">
         <name>PWMPulseWidthSet</name>
         <value>0x1ce5</value>
         <object_component_ref idref="oc-1e2"/>
      </symbol>
      <symbol id="sm-46d">
         <name>PWMOutputState</name>
         <value>0x1dbf</value>
         <object_component_ref idref="oc-1cc"/>
      </symbol>
      <symbol id="sm-46e">
         <name>PWMGenEnable</name>
         <value>0x1e53</value>
         <object_component_ref idref="oc-1d2"/>
      </symbol>
      <symbol id="sm-46f">
         <name>PWMGenConfigure</name>
         <value>0x1ca1</value>
         <object_component_ref idref="oc-1c0"/>
      </symbol>
      <symbol id="sm-4cb">
         <name>SysCtlClockSet</name>
         <value>0x135d</value>
         <object_component_ref idref="oc-82"/>
      </symbol>
      <symbol id="sm-4cc">
         <name>SysCtlDelay</name>
         <value>0x1eab</value>
         <object_component_ref idref="oc-13c"/>
      </symbol>
      <symbol id="sm-4cd">
         <name>SysCtlPeripheralEnable</name>
         <value>0x1c15</value>
         <object_component_ref idref="oc-14e"/>
      </symbol>
      <symbol id="sm-4ce">
         <name>SysCtlClockGet</name>
         <value>0x1151</value>
         <object_component_ref idref="oc-a6"/>
      </symbol>
      <symbol id="sm-4cf">
         <name>SysCtlPWMClockSet</name>
         <value>0x1d4d</value>
         <object_component_ref idref="oc-1b4"/>
      </symbol>
      <symbol id="sm-503">
         <name>TimerLoadSet</name>
         <value>0x1dd1</value>
         <object_component_ref idref="oc-184"/>
      </symbol>
      <symbol id="sm-504">
         <name>TimerEnable</name>
         <value>0x1e11</value>
         <object_component_ref idref="oc-196"/>
      </symbol>
      <symbol id="sm-505">
         <name>TimerIntEnable</name>
         <value>0x1e89</value>
         <object_component_ref idref="oc-190"/>
      </symbol>
      <symbol id="sm-506">
         <name>TimerConfigure</name>
         <value>0x18e5</value>
         <object_component_ref idref="oc-17e"/>
      </symbol>
      <symbol id="sm-507">
         <name>TimerIntClear</name>
         <value>0x1eb7</value>
         <object_component_ref idref="oc-c1"/>
      </symbol>
      <symbol id="sm-559">
         <name>UARTFIFODisable</name>
         <value>0x1e75</value>
         <object_component_ref idref="oc-9a"/>
      </symbol>
      <symbol id="sm-55a">
         <name>UARTConfigSetExpClk</name>
         <value>0x1b21</value>
         <object_component_ref idref="oc-1a8"/>
      </symbol>
      <symbol id="sm-55b">
         <name>UARTDisable</name>
         <value>0x1cc5</value>
         <object_component_ref idref="oc-26c"/>
      </symbol>
      <symbol id="sm-55c">
         <name>UARTIntEnable</name>
         <value>0x1e91</value>
         <object_component_ref idref="oc-1ae"/>
      </symbol>
      <symbol id="sm-55d">
         <name>UARTCharGetNonBlocking</name>
         <value>0x1e1f</value>
         <object_component_ref idref="oc-df"/>
      </symbol>
      <symbol id="sm-55e">
         <name>UARTCharPut</name>
         <value>0x1e6b</value>
         <object_component_ref idref="oc-bb"/>
      </symbol>
      <symbol id="sm-55f">
         <name>UARTEnable</name>
         <value>0x1d61</value>
         <object_component_ref idref="oc-272"/>
      </symbol>
      <symbol id="sm-560">
         <name>UARTIntClear</name>
         <value>0x1ebb</value>
         <object_component_ref idref="oc-d9"/>
      </symbol>
      <symbol id="sm-561">
         <name>UARTIntStatus</name>
         <value>0x1e7f</value>
         <object_component_ref idref="oc-d3"/>
      </symbol>
      <symbol id="sm-56b">
         <name>CPUcpsie</name>
         <value>0x1e3b</value>
         <object_component_ref idref="oc-147"/>
      </symbol>
      <symbol id="sm-56c">
         <name>__TI_static_base__</name>
         <value>0x0</value>
      </symbol>
      <symbol id="sm-56f">
         <name>SHT$$INIT_ARRAY$$Limit</name>
         <value>0x0</value>
      </symbol>
      <symbol id="sm-570">
         <name>SHT$$INIT_ARRAY$$Base</name>
         <value>0x0</value>
      </symbol>
   </symbol_table>
   <title>Link successful</title>
</link_info>
