******************************************************************************
                  TI ARM Linker PC v15.12.1                    
******************************************************************************
>> Linked Sun Dec 25 20:13:33 2016

OUTPUT FILE NAME:   <Mech_Control.out>
ENTRY POINT SYMBOL: "_c_int00"  address: 0000198d


MEMORY CONFIGURATION

         name            origin    length      used     unused   attr    fill
----------------------  --------  ---------  --------  --------  ----  --------
  FLASH                 00000000   00040000  00002206  0003ddfa  R  X
  SRAM                  20000000   00008000  000004ec  00007b14  RW X


SEGMENT ALLOCATION MAP

run origin  load origin   length   init length attrs members
----------  ----------- ---------- ----------- ----- -------
00000000    00000000    0000220c   0000220c    r-x
  00000000    00000000    0000026c   0000026c    r-- .intvecs
  0000026c    0000026c    00001c42   00001c42    r-x .text
  00001eb0    00001eb0    000002ec   000002ec    r-- .const
  000021a0    000021a0    0000006c   0000006c    r-- .cinit
20000000    20000000    000004ec   00000000    rw-
  20000000    20000000    0000026c   00000000    rw- .vtable
  2000026c    2000026c    00000200   00000000    rw- .stack
  2000046c    2000046c    00000058   00000000    rw- .data
  200004c4    200004c4    00000028   00000000    rw- .bss


SECTION ALLOCATION MAP

 output                                  attributes/
section   page    origin      length       input sections
--------  ----  ----------  ----------   ----------------
.intvecs   0    00000000    0000026c     
                  00000000    0000026c     tm4c123gh6pm_startup_ccs.obj (.intvecs)

.text      0    0000026c    00001c42     
                  0000026c    000003bc     common.obj (.text)
                  00000628    00000318     init.obj (.text)
                  00000940    0000026c     main.obj (.text)
                  00000bac    000001b6     rtsv7M4_T_le_v4SPD16_eabi.lib : fd_add_t2.obj (.text)
                  00000d62    00000002                                   : mpu_init.obj (.text)
                  00000d64    00000174     shoot.obj (.text)
                  00000ed8    00000136     rtsv7M4_T_le_v4SPD16_eabi.lib : fd_div_t2.obj (.text)
                  0000100e    00000132     driverlib.lib : gpio.obj (.text:GPIOPadConfigSet)
                  00001140    00000110                   : sysctl.obj (.text:SysCtlClockGet)
                  00001250    000000fc     rtsv7M4_T_le_v4SPD16_eabi.lib : fd_mul_t2.obj (.text)
                  0000134c    000000f4     driverlib.lib : sysctl.obj (.text:SysCtlClockSet)
                  00001440    000000f0     pidController.obj (.text)
                  00001530    000000c4     angle.obj (.text)
                  000015f4    0000009c     rtsv7M4_T_le_v4SPD16_eabi.lib : memcpy_t2.obj (.text)
                  00001690    00000086                                   : fd_cmp_t2.obj (.text:__aeabi_cdcmple)
                  00001716    0000007a                                   : memset_t2.obj (.text)
                  00001790    00000070                                   : autoinit.obj (.text)
                  00001800    0000006a                                   : copy_decompress_rle.obj (.text)
                  0000186a    00000002                                   : startup.obj (.text)
                  0000186c    00000068     driverlib.lib : interrupt.obj (.text:IntEnable)
                  000018d4    00000060                   : timer.obj (.text:TimerConfigure)
                  00001934    00000056                   : gpio.obj (.text:GPIOIntTypeSet)
                  0000198a    00000002     --HOLE-- [fill = 0]
                  0000198c    00000054     rtsv7M4_T_le_v4SPD16_eabi.lib : boot.obj (.text)
                  000019e0    00000054                                   : exit.obj (.text)
                  00001a34    0000004c                                   : cpy_tbl.obj (.text)
                  00001a80    00000048     driverlib.lib : gpio.obj (.text:GPIOPinConfigure)
                  00001ac8    00000048     rtsv7M4_T_le_v4SPD16_eabi.lib : fd_toi_t2.obj (.text)
                  00001b10    00000046     driverlib.lib : uart.obj (.text:UARTConfigSetExpClk)
                  00001b56    00000002     --HOLE-- [fill = 0]
                  00001b58    00000040                   : gpio.obj (.text:_GPIOIntNumberGet)
                  00001b98    00000038     rtsv7M4_T_le_v4SPD16_eabi.lib : fs_tod_t2.obj (.text)
                  00001bd0    00000034     driverlib.lib : interrupt.obj (.text:IntRegister)
                  00001c04    00000034                   : sysctl.obj (.text:SysCtlPeripheralEnable)
                  00001c38    0000002e     rtsv7M4_T_le_v4SPD16_eabi.lib : i_tofd_t2.obj (.text)
                  00001c66    0000002a     driverlib.lib : gpio.obj (.text:GPIODirModeSet)
                  00001c90    00000022                   : pwm.obj (.text:PWMGenConfigure)
                  00001cb2    00000002     --HOLE-- [fill = 0]
                  00001cb4    00000020                   : uart.obj (.text:UARTDisable)
                  00001cd4    0000001e                   : pwm.obj (.text:PWMPulseWidthSet)
                  00001cf2    00000018                   : gpio.obj (.text:GPIOIntRegister)
                  00001d0a    00000018                   : gpio.obj (.text:GPIOPinTypeGPIOOutput)
                  00001d22    00000002     --HOLE-- [fill = 0]
                  00001d24    00000018     rtsv7M4_T_le_v4SPD16_eabi.lib : args_main.obj (.text)
                  00001d3c    00000014     driverlib.lib : sysctl.obj (.text:SysCtlPWMClockSet)
                  00001d50    00000014                   : uart.obj (.text:UARTEnable)
                  00001d64    00000014     rtsv7M4_T_le_v4SPD16_eabi.lib : _lock.obj (.text)
                  00001d78    00000012     driverlib.lib : gpio.obj (.text:GPIOPinTypeGPIOInput)
                  00001d8a    00000012                   : gpio.obj (.text:GPIOPinTypePWM)
                  00001d9c    00000012                   : gpio.obj (.text:GPIOPinTypeUART)
                  00001dae    00000012                   : pwm.obj (.text:PWMOutputState)
                  00001dc0    00000012                   : timer.obj (.text:TimerLoadSet)
                  00001dd2    00000010                   : interrupt.obj (.text:IntMasterEnable)
                  00001de2    00000010                   : pwm.obj (.text:PWMGenPeriodSet)
                  00001df2    0000000e                   : gpio.obj (.text:GPIOIntDisable)
                  00001e00    0000000e                   : timer.obj (.text:TimerEnable)
                  00001e0e    0000000e     rtsv7M4_T_le_v4SPD16_eabi.lib : copy_decompress_none.obj (.text:decompress:none)
                  00001e1c    0000000c     driverlib.lib : cpu.obj (.text:CPUcpsie)
                  00001e28    0000000c                   : gpio.obj (.text:GPIOIntEnable)
                  00001e34    0000000c                   : pwm.obj (.text:PWMGenEnable)
                  00001e40    0000000c     tm4c123gh6pm_startup_ccs.obj (.text)
                  00001e4c    0000000a     driverlib.lib : uart.obj (.text:UARTCharGet)
                  00001e56    0000000a                   : uart.obj (.text:UARTCharPut)
                  00001e60    0000000a                   : uart.obj (.text:UARTFIFODisable)
                  00001e6a    0000000a                   : uart.obj (.text:UARTIntStatus)
                  00001e74    00000008                   : timer.obj (.text:TimerIntEnable)
                  00001e7c    00000008                   : uart.obj (.text:UARTIntEnable)
                  00001e84    00000006                   : gpio.obj (.text:GPIOIntClear)
                  00001e8a    00000006                   : gpio.obj (.text:GPIOPinRead)
                  00001e90    00000006                   : gpio.obj (.text:GPIOPinWrite)
                  00001e96    00000006                   : sysctl.obj (.text:SysCtlDelay)
                  00001e9c    00000006     rtsv7M4_T_le_v4SPD16_eabi.lib : copy_decompress_rle.obj (.text:decompress:rle24)
                  00001ea2    00000004     driverlib.lib : timer.obj (.text:TimerIntClear)
                  00001ea6    00000004                   : uart.obj (.text:UARTIntClear)
                  00001eaa    00000004     rtsv7M4_T_le_v4SPD16_eabi.lib : pre_init.obj (.text)

.const     0    00001eb0    000002ec     
                  00001eb0    000000c0     driverlib.lib : gpio.obj (.const:g_ppui32GPIOIntMapBlizzard)
                  00001f70    000000c0                   : gpio.obj (.const:g_ppui32GPIOIntMapSnowflake)
                  00002030    00000090                   : gpio.obj (.const:g_pui32GPIOBaseAddrs)
                  000020c0    00000070                   : interrupt.obj (.const)
                  00002130    0000006c                   : sysctl.obj (.const:g_pui32Xtals)

.cinit     0    000021a0    0000006c     
                  000021a0    0000002c     (.cinit..data.load) [load image, compression = rle]
                  000021cc    00000004     --HOLE-- [fill = 0]
                  000021d0    0000000b     (.cinit..vtable.load) [load image, compression = rle]
                  000021db    00000005     --HOLE-- [fill = 0]
                  000021e0    00000009     (.cinit..bss.load) [load image, compression = rle]
                  000021e9    00000003     --HOLE-- [fill = 0]
                  000021ec    00000008     (__TI_handler_table)
                  000021f4    00000018     (__TI_cinit_table)

.init_array 
*          0    00000000    00000000     UNINITIALIZED

.vtable    0    20000000    0000026c     UNINITIALIZED
                  20000000    0000026c     driverlib.lib : interrupt.obj (.vtable)

.stack     0    2000026c    00000200     UNINITIALIZED
                  2000026c    00000200     --HOLE--

.data      0    2000046c    00000058     UNINITIALIZED
                  2000046c    0000001c     main.obj (.data)
                  20000488    00000019     shoot.obj (.data)
                  200004a1    00000003     --HOLE--
                  200004a4    0000000c     rtsv7M4_T_le_v4SPD16_eabi.lib : exit.obj (.data:$O1$$)
                  200004b0    00000008                                   : _lock.obj (.data:$O1$$)
                  200004b8    00000008     angle.obj (.data)
                  200004c0    00000004     rtsv7M4_T_le_v4SPD16_eabi.lib : stkdepth_vars.obj (.data)

.bss       0    200004c4    00000028     UNINITIALIZED
                  200004c4    00000008     (.common:Kd)
                  200004cc    00000008     (.common:Ki)
                  200004d4    00000008     (.common:Kp)
                  200004dc    00000008     (.common:errorIntegral)
                  200004e4    00000008     (.common:prevError)

MODULE SUMMARY

       Module                         code   ro data   rw data
       ------                         ----   -------   -------
    .\
       main.obj                       620    0         28     
       tm4c123gh6pm_startup_ccs.obj   12     620       0      
       shoot.obj                      372    0         25     
       angle.obj                      196    0         8      
    +--+------------------------------+------+---------+---------+
       Total:                         1200   620       61     
                                                              
    .\userLib\
       common.obj                     956    0         0      
       init.obj                       792    0         0      
       pidController.obj              240    0         40     
    +--+------------------------------+------+---------+---------+
       Total:                         1988   0         40     
                                                              
    C:/ti/TivaWare_C_Series-2.1.3.156/driverlib/ccs/Debug/driverlib.lib
       gpio.obj                       716    528       0      
       interrupt.obj                  172    112       620    
       sysctl.obj                     594    108       0      
       uart.obj                       174    0         0      
       timer.obj                      140    0         0      
       pwm.obj                        110    0         0      
       cpu.obj                        12     0         0      
    +--+------------------------------+------+---------+---------+
       Total:                         1918   748       620    
                                                              
    C:\ti\ccsv6\tools\compiler\ti-cgt-arm_15.12.1.LTS\lib\rtsv7M4_T_le_v4SPD16_eabi.lib
       fd_add_t2.obj                  438    0         0      
       fd_div_t2.obj                  310    0         0      
       fd_mul_t2.obj                  252    0         0      
       memcpy_t2.obj                  156    0         0      
       fd_cmp_t2.obj                  134    0         0      
       memset_t2.obj                  122    0         0      
       autoinit.obj                   112    0         0      
       copy_decompress_rle.obj        112    0         0      
       exit.obj                       84     0         12     
       boot.obj                       84     0         0      
       cpy_tbl.obj                    76     0         0      
       fd_toi_t2.obj                  72     0         0      
       fs_tod_t2.obj                  56     0         0      
       i_tofd_t2.obj                  46     0         0      
       _lock.obj                      20     0         8      
       args_main.obj                  24     0         0      
       copy_decompress_none.obj       14     0         0      
       pre_init.obj                   4      0         0      
       stkdepth_vars.obj              0      0         4      
       mpu_init.obj                   2      0         0      
       startup.obj                    2      0         0      
    +--+------------------------------+------+---------+---------+
       Total:                         2120   0         24     
                                                              
       Stack:                         0      0         512    
       Linker Generated:              0      96        0      
    +--+------------------------------+------+---------+---------+
       Grand Total:                   7226   1464      1257   


LINKER GENERATED COPY TABLES

__TI_cinit_table @ 000021f4 records: 3, size/record: 8, table size: 24
	.data: load addr=000021a0, load size=0000002c bytes, run addr=2000046c, run size=00000058 bytes, compression=rle
	.vtable: load addr=000021d0, load size=0000000b bytes, run addr=20000000, run size=0000026c bytes, compression=rle
	.bss: load addr=000021e0, load size=00000009 bytes, run addr=200004c4, run size=00000028 bytes, compression=rle


LINKER GENERATED HANDLER TABLE

__TI_handler_table @ 000021ec records: 2, size/record: 4, table size: 8
	index: 0, handler: __TI_decompress_rle24
	index: 1, handler: __TI_decompress_none


GLOBAL SYMBOLS: SORTED ALPHABETICALLY BY Name 

address   name                           
-------   ----                           
000019e1  C$$EXIT                        
00001e1d  CPUcpsie                       
20000498  FIRST_STAGE                    
00001c67  GPIODirModeSet                 
00001e85  GPIOIntClear                   
00001df3  GPIOIntDisable                 
00001e29  GPIOIntEnable                  
00001cf3  GPIOIntRegister                
00001935  GPIOIntTypeSet                 
0000100f  GPIOPadConfigSet               
00001a81  GPIOPinConfigure               
00001e8b  GPIOPinRead                    
00001d79  GPIOPinTypeGPIOInput           
00001d0b  GPIOPinTypeGPIOOutput          
00001d8b  GPIOPinTypePWM                 
00001d9d  GPIOPinTypeUART                
00001e91  GPIOPinWrite                   
00000af5  ISR_ANGLE                      
00000b1d  ISR_THROW                      
0000186d  IntEnable                      
00001dd3  IntMasterEnable                
00001bd1  IntRegister                    
200004c4  Kd                             
200004cc  Ki                             
200004d4  Kp                             
00001489  PID                            
00001c91  PWMGenConfigure                
00001e35  PWMGenEnable                   
00001de3  PWMGenPeriodSet                
00001daf  PWMOutputState                 
00001cd5  PWMPulseWidthSet               
00001e41  ResetISR                       
UNDEFED   SHT$$INIT_ARRAY$$Base          
UNDEFED   SHT$$INIT_ARRAY$$Limit         
00001141  SysCtlClockGet                 
0000134d  SysCtlClockSet                 
00001e97  SysCtlDelay                    
00001d3d  SysCtlPWMClockSet              
00001c05  SysCtlPeripheralEnable         
00000a05  Timer0IntHandler               
000018d5  TimerConfigure                 
00001e01  TimerEnable                    
00001ea3  TimerIntClear                  
00001e75  TimerIntEnable                 
00001dc1  TimerLoadSet                   
00001e4d  UARTCharGet                    
00001e57  UARTCharPut                    
00001b11  UARTConfigSetExpClk            
00001cb5  UARTDisable                    
00001d51  UARTEnable                     
00001e61  UARTFIFODisable                
00001ea7  UARTIntClear                   
00001e7d  UARTIntEnable                  
00000a19  UARTIntHandler                 
00001e6b  UARTIntStatus                  
00000561  UART_OutDec                    
00000489  UART_OutUDec                   
000003e1  UART_TransmitString            
2000046c  __STACK_END                    
00000200  __STACK_SIZE                   
2000046c  __STACK_TOP                    
000021f4  __TI_CINIT_Base                
0000220c  __TI_CINIT_Limit               
000021ec  __TI_Handler_Table_Base        
000021f4  __TI_Handler_Table_Limit       
00001791  __TI_auto_init                 
200004a4  __TI_cleanup_ptr               
00001e0f  __TI_decompress_none           
00001e9d  __TI_decompress_rle24          
200004a8  __TI_dtors_ptr                 
200004ac  __TI_enable_exit_profile_output
ffffffff  __TI_pprof_out_hndl            
ffffffff  __TI_prof_data_size            
ffffffff  __TI_prof_data_start           
00000000  __TI_static_base__             
00001691  __aeabi_cdcmpeq                
00001691  __aeabi_cdcmple                
00001ac9  __aeabi_d2iz                   
00000bb7  __aeabi_dadd                   
00000ed9  __aeabi_ddiv                   
00001251  __aeabi_dmul                   
00000bad  __aeabi_dsub                   
00001b99  __aeabi_f2d                    
00001c39  __aeabi_i2d                    
00001717  __aeabi_memclr                 
00001717  __aeabi_memclr4                
00001717  __aeabi_memclr8                
000015f5  __aeabi_memcpy                 
000015f5  __aeabi_memcpy4                
000015f5  __aeabi_memcpy8                
00001719  __aeabi_memset                 
00001719  __aeabi_memset4                
00001719  __aeabi_memset8                
ffffffff  __binit__                      
ffffffff  __c_args__                     
00000d63  __mpu_init                     
2000026c  __stack                        
00001d25  _args_main                     
0000198d  _c_int00                       
200004b0  _lock                          
00001d73  _nop                           
00001d6b  _register_lock                 
00001d65  _register_unlock               
0000186b  _system_post_cinit             
00001eab  _system_pre_init               
200004b4  _unlock                        
000019e5  abort                          
000003b1  absolute                       
200004b8  angle_counter                  
ffffffff  binit                          
0000155b  change_angle                   
000015b3  cmd_angle                      
00000e2b  cmd_throw                      
00001531  convertAngleToTicks            
00001a35  copy_in                        
200004bc  des_angle_counter              
20000494  des_throw_counter              
0000066f  encoderInit                    
200004dc  errorIntegral                  
000019ed  exit                           
20000000  g_pfnRAMVectors                
00000000  g_pfnVectors                   
00001441  initPIDController              
20000480  load                           
00000941  main                           
200004c0  main_func_sp                   
20000470  maxPWM_angle                   
2000046c  maxPWM_throw                   
000015f5  memcpy                         
0000171f  memset                         
20000478  minPWM_angle                   
20000474  minPWM_throw                   
00000629  motorDirInit                   
20000484  plane_angle                    
200004e4  prevError                      
00000837  pwmInit                        
0000026d  setPWM                         
2000047c  shoot                          
20000488  shootComplete                  
00000d65  shootDisc                      
200004a0  steady                         
2000049c  steady_state_counter           
20000490  throw_counter                  
00000733  timerInit                      
2000048c  triggered                      
0000076d  uart0Init                      
000007a7  uart1Init                      
000007f3  uart5Init                      


GLOBAL SYMBOLS: SORTED BY Symbol Address 

address   name                           
-------   ----                           
00000000  __TI_static_base__             
00000000  g_pfnVectors                   
00000200  __STACK_SIZE                   
0000026d  setPWM                         
000003b1  absolute                       
000003e1  UART_TransmitString            
00000489  UART_OutUDec                   
00000561  UART_OutDec                    
00000629  motorDirInit                   
0000066f  encoderInit                    
00000733  timerInit                      
0000076d  uart0Init                      
000007a7  uart1Init                      
000007f3  uart5Init                      
00000837  pwmInit                        
00000941  main                           
00000a05  Timer0IntHandler               
00000a19  UARTIntHandler                 
00000af5  ISR_ANGLE                      
00000b1d  ISR_THROW                      
00000bad  __aeabi_dsub                   
00000bb7  __aeabi_dadd                   
00000d63  __mpu_init                     
00000d65  shootDisc                      
00000e2b  cmd_throw                      
00000ed9  __aeabi_ddiv                   
0000100f  GPIOPadConfigSet               
00001141  SysCtlClockGet                 
00001251  __aeabi_dmul                   
0000134d  SysCtlClockSet                 
00001441  initPIDController              
00001489  PID                            
00001531  convertAngleToTicks            
0000155b  change_angle                   
000015b3  cmd_angle                      
000015f5  __aeabi_memcpy                 
000015f5  __aeabi_memcpy4                
000015f5  __aeabi_memcpy8                
000015f5  memcpy                         
00001691  __aeabi_cdcmpeq                
00001691  __aeabi_cdcmple                
00001717  __aeabi_memclr                 
00001717  __aeabi_memclr4                
00001717  __aeabi_memclr8                
00001719  __aeabi_memset                 
00001719  __aeabi_memset4                
00001719  __aeabi_memset8                
0000171f  memset                         
00001791  __TI_auto_init                 
0000186b  _system_post_cinit             
0000186d  IntEnable                      
000018d5  TimerConfigure                 
00001935  GPIOIntTypeSet                 
0000198d  _c_int00                       
000019e1  C$$EXIT                        
000019e5  abort                          
000019ed  exit                           
00001a35  copy_in                        
00001a81  GPIOPinConfigure               
00001ac9  __aeabi_d2iz                   
00001b11  UARTConfigSetExpClk            
00001b99  __aeabi_f2d                    
00001bd1  IntRegister                    
00001c05  SysCtlPeripheralEnable         
00001c39  __aeabi_i2d                    
00001c67  GPIODirModeSet                 
00001c91  PWMGenConfigure                
00001cb5  UARTDisable                    
00001cd5  PWMPulseWidthSet               
00001cf3  GPIOIntRegister                
00001d0b  GPIOPinTypeGPIOOutput          
00001d25  _args_main                     
00001d3d  SysCtlPWMClockSet              
00001d51  UARTEnable                     
00001d65  _register_unlock               
00001d6b  _register_lock                 
00001d73  _nop                           
00001d79  GPIOPinTypeGPIOInput           
00001d8b  GPIOPinTypePWM                 
00001d9d  GPIOPinTypeUART                
00001daf  PWMOutputState                 
00001dc1  TimerLoadSet                   
00001dd3  IntMasterEnable                
00001de3  PWMGenPeriodSet                
00001df3  GPIOIntDisable                 
00001e01  TimerEnable                    
00001e0f  __TI_decompress_none           
00001e1d  CPUcpsie                       
00001e29  GPIOIntEnable                  
00001e35  PWMGenEnable                   
00001e41  ResetISR                       
00001e4d  UARTCharGet                    
00001e57  UARTCharPut                    
00001e61  UARTFIFODisable                
00001e6b  UARTIntStatus                  
00001e75  TimerIntEnable                 
00001e7d  UARTIntEnable                  
00001e85  GPIOIntClear                   
00001e8b  GPIOPinRead                    
00001e91  GPIOPinWrite                   
00001e97  SysCtlDelay                    
00001e9d  __TI_decompress_rle24          
00001ea3  TimerIntClear                  
00001ea7  UARTIntClear                   
00001eab  _system_pre_init               
000021ec  __TI_Handler_Table_Base        
000021f4  __TI_CINIT_Base                
000021f4  __TI_Handler_Table_Limit       
0000220c  __TI_CINIT_Limit               
20000000  g_pfnRAMVectors                
2000026c  __stack                        
2000046c  __STACK_END                    
2000046c  __STACK_TOP                    
2000046c  maxPWM_throw                   
20000470  maxPWM_angle                   
20000474  minPWM_throw                   
20000478  minPWM_angle                   
2000047c  shoot                          
20000480  load                           
20000484  plane_angle                    
20000488  shootComplete                  
2000048c  triggered                      
20000490  throw_counter                  
20000494  des_throw_counter              
20000498  FIRST_STAGE                    
2000049c  steady_state_counter           
200004a0  steady                         
200004a4  __TI_cleanup_ptr               
200004a8  __TI_dtors_ptr                 
200004ac  __TI_enable_exit_profile_output
200004b0  _lock                          
200004b4  _unlock                        
200004b8  angle_counter                  
200004bc  des_angle_counter              
200004c0  main_func_sp                   
200004c4  Kd                             
200004cc  Ki                             
200004d4  Kp                             
200004dc  errorIntegral                  
200004e4  prevError                      
ffffffff  __TI_pprof_out_hndl            
ffffffff  __TI_prof_data_size            
ffffffff  __TI_prof_data_start           
ffffffff  __binit__                      
ffffffff  __c_args__                     
ffffffff  binit                          
UNDEFED   SHT$$INIT_ARRAY$$Base          
UNDEFED   SHT$$INIT_ARRAY$$Limit         

[148 symbols]
