<?xml version="1.0"?>
<link_info>
   <banner>TI ARM Linker PC v15.12.1.LTS</banner>
   <copyright>Copyright (c) 1996-2015 Texas Instruments Incorporated</copyright>
   <link_time>0x585658a2</link_time>
   <link_errors>0x0</link_errors>
   <output_file>mechanismControlSys.out</output_file>
   <entry_point>
      <name>_c_int00</name>
      <address>0x1955</address>
   </entry_point>
   <input_file_list>
      <input_file id="fl-2">
         <path>.\</path>
         <kind>object</kind>
         <file>angle.obj</file>
         <name>angle.obj</name>
      </input_file>
      <input_file id="fl-3">
         <path>.\</path>
         <kind>object</kind>
         <file>main.obj</file>
         <name>main.obj</name>
      </input_file>
      <input_file id="fl-4">
         <path>.\</path>
         <kind>object</kind>
         <file>shoot.obj</file>
         <name>shoot.obj</name>
      </input_file>
      <input_file id="fl-5">
         <path>.\</path>
         <kind>object</kind>
         <file>tm4c123gh6pm_startup_ccs.obj</file>
         <name>tm4c123gh6pm_startup_ccs.obj</name>
      </input_file>
      <input_file id="fl-6">
         <path>.\userLib\</path>
         <kind>object</kind>
         <file>common.obj</file>
         <name>common.obj</name>
      </input_file>
      <input_file id="fl-7">
         <path>.\userLib\</path>
         <kind>object</kind>
         <file>init.obj</file>
         <name>init.obj</name>
      </input_file>
      <input_file id="fl-8">
         <path>.\userLib\</path>
         <kind>object</kind>
         <file>movingArray.obj</file>
         <name>movingArray.obj</name>
      </input_file>
      <input_file id="fl-9">
         <path>.\userLib\</path>
         <kind>object</kind>
         <file>pidController.obj</file>
         <name>pidController.obj</name>
      </input_file>
      <input_file id="fl-c4">
         <path>C:\ti\ccsv6\tools\compiler\ti-cgt-arm_15.12.1.LTS\lib\</path>
         <kind>archive</kind>
         <file>rtsv7M4_T_le_v4SPD16_eabi.lib</file>
         <name>boot.obj</name>
      </input_file>
      <input_file id="fl-c5">
         <path>C:\ti\ccsv6\tools\compiler\ti-cgt-arm_15.12.1.LTS\lib\</path>
         <kind>archive</kind>
         <file>rtsv7M4_T_le_v4SPD16_eabi.lib</file>
         <name>copy_decompress_none.obj</name>
      </input_file>
      <input_file id="fl-c6">
         <path>C:\ti\ccsv6\tools\compiler\ti-cgt-arm_15.12.1.LTS\lib\</path>
         <kind>archive</kind>
         <file>rtsv7M4_T_le_v4SPD16_eabi.lib</file>
         <name>copy_decompress_rle.obj</name>
      </input_file>
      <input_file id="fl-c7">
         <path>C:\ti\ccsv6\tools\compiler\ti-cgt-arm_15.12.1.LTS\lib\</path>
         <kind>archive</kind>
         <file>rtsv7M4_T_le_v4SPD16_eabi.lib</file>
         <name>copy_zero_init.obj</name>
      </input_file>
      <input_file id="fl-c8">
         <path>C:\ti\ccsv6\tools\compiler\ti-cgt-arm_15.12.1.LTS\lib\</path>
         <kind>archive</kind>
         <file>rtsv7M4_T_le_v4SPD16_eabi.lib</file>
         <name>exit.obj</name>
      </input_file>
      <input_file id="fl-c9">
         <path>C:\ti\ccsv6\tools\compiler\ti-cgt-arm_15.12.1.LTS\lib\</path>
         <kind>archive</kind>
         <file>rtsv7M4_T_le_v4SPD16_eabi.lib</file>
         <name>fd_add_t2.obj</name>
      </input_file>
      <input_file id="fl-ca">
         <path>C:\ti\ccsv6\tools\compiler\ti-cgt-arm_15.12.1.LTS\lib\</path>
         <kind>archive</kind>
         <file>rtsv7M4_T_le_v4SPD16_eabi.lib</file>
         <name>fd_cmp_t2.obj</name>
      </input_file>
      <input_file id="fl-cb">
         <path>C:\ti\ccsv6\tools\compiler\ti-cgt-arm_15.12.1.LTS\lib\</path>
         <kind>archive</kind>
         <file>rtsv7M4_T_le_v4SPD16_eabi.lib</file>
         <name>fd_div_t2.obj</name>
      </input_file>
      <input_file id="fl-cc">
         <path>C:\ti\ccsv6\tools\compiler\ti-cgt-arm_15.12.1.LTS\lib\</path>
         <kind>archive</kind>
         <file>rtsv7M4_T_le_v4SPD16_eabi.lib</file>
         <name>fd_mul_t2.obj</name>
      </input_file>
      <input_file id="fl-cd">
         <path>C:\ti\ccsv6\tools\compiler\ti-cgt-arm_15.12.1.LTS\lib\</path>
         <kind>archive</kind>
         <file>rtsv7M4_T_le_v4SPD16_eabi.lib</file>
         <name>fd_toi_t2.obj</name>
      </input_file>
      <input_file id="fl-ce">
         <path>C:\ti\ccsv6\tools\compiler\ti-cgt-arm_15.12.1.LTS\lib\</path>
         <kind>archive</kind>
         <file>rtsv7M4_T_le_v4SPD16_eabi.lib</file>
         <name>fs_tod_t2.obj</name>
      </input_file>
      <input_file id="fl-cf">
         <path>C:\ti\ccsv6\tools\compiler\ti-cgt-arm_15.12.1.LTS\lib\</path>
         <kind>archive</kind>
         <file>rtsv7M4_T_le_v4SPD16_eabi.lib</file>
         <name>i_tofd_t2.obj</name>
      </input_file>
      <input_file id="fl-d0">
         <path>C:\ti\ccsv6\tools\compiler\ti-cgt-arm_15.12.1.LTS\lib\</path>
         <kind>archive</kind>
         <file>rtsv7M4_T_le_v4SPD16_eabi.lib</file>
         <name>memcpy_t2.obj</name>
      </input_file>
      <input_file id="fl-d1">
         <path>C:\ti\ccsv6\tools\compiler\ti-cgt-arm_15.12.1.LTS\lib\</path>
         <kind>archive</kind>
         <file>rtsv7M4_T_le_v4SPD16_eabi.lib</file>
         <name>memset_t2.obj</name>
      </input_file>
      <input_file id="fl-d2">
         <path>C:\ti\ccsv6\tools\compiler\ti-cgt-arm_15.12.1.LTS\lib\</path>
         <kind>archive</kind>
         <file>rtsv7M4_T_le_v4SPD16_eabi.lib</file>
         <name>mpu_init.obj</name>
      </input_file>
      <input_file id="fl-d3">
         <path>C:\ti\ccsv6\tools\compiler\ti-cgt-arm_15.12.1.LTS\lib\</path>
         <kind>archive</kind>
         <file>rtsv7M4_T_le_v4SPD16_eabi.lib</file>
         <name>pre_init.obj</name>
      </input_file>
      <input_file id="fl-d4">
         <path>C:\ti\ccsv6\tools\compiler\ti-cgt-arm_15.12.1.LTS\lib\</path>
         <kind>archive</kind>
         <file>rtsv7M4_T_le_v4SPD16_eabi.lib</file>
         <name>stkdepth_vars.obj</name>
      </input_file>
      <input_file id="fl-d5">
         <path>C:\ti\ccsv6\tools\compiler\ti-cgt-arm_15.12.1.LTS\lib\</path>
         <kind>archive</kind>
         <file>rtsv7M4_T_le_v4SPD16_eabi.lib</file>
         <name>_lock.obj</name>
      </input_file>
      <input_file id="fl-d6">
         <path>C:\ti\ccsv6\tools\compiler\ti-cgt-arm_15.12.1.LTS\lib\</path>
         <kind>archive</kind>
         <file>rtsv7M4_T_le_v4SPD16_eabi.lib</file>
         <name>args_main.obj</name>
      </input_file>
      <input_file id="fl-d7">
         <path>C:\ti\ccsv6\tools\compiler\ti-cgt-arm_15.12.1.LTS\lib\</path>
         <kind>archive</kind>
         <file>rtsv7M4_T_le_v4SPD16_eabi.lib</file>
         <name>autoinit.obj</name>
      </input_file>
      <input_file id="fl-d8">
         <path>C:\ti\ccsv6\tools\compiler\ti-cgt-arm_15.12.1.LTS\lib\</path>
         <kind>archive</kind>
         <file>rtsv7M4_T_le_v4SPD16_eabi.lib</file>
         <name>cpy_tbl.obj</name>
      </input_file>
      <input_file id="fl-d9">
         <path>C:\ti\ccsv6\tools\compiler\ti-cgt-arm_15.12.1.LTS\lib\</path>
         <kind>archive</kind>
         <file>rtsv7M4_T_le_v4SPD16_eabi.lib</file>
         <name>startup.obj</name>
      </input_file>
      <input_file id="fl-da">
         <path>C:\ti\TivaWare_C_Series-2.1.2.111\driverlib\ccs\Debug\</path>
         <kind>archive</kind>
         <file>driverlib.lib</file>
         <name>gpio.obj</name>
      </input_file>
      <input_file id="fl-db">
         <path>C:\ti\TivaWare_C_Series-2.1.2.111\driverlib\ccs\Debug\</path>
         <kind>archive</kind>
         <file>driverlib.lib</file>
         <name>interrupt.obj</name>
      </input_file>
      <input_file id="fl-dc">
         <path>C:\ti\TivaWare_C_Series-2.1.2.111\driverlib\ccs\Debug\</path>
         <kind>archive</kind>
         <file>driverlib.lib</file>
         <name>pwm.obj</name>
      </input_file>
      <input_file id="fl-dd">
         <path>C:\ti\TivaWare_C_Series-2.1.2.111\driverlib\ccs\Debug\</path>
         <kind>archive</kind>
         <file>driverlib.lib</file>
         <name>sysctl.obj</name>
      </input_file>
      <input_file id="fl-de">
         <path>C:\ti\TivaWare_C_Series-2.1.2.111\driverlib\ccs\Debug\</path>
         <kind>archive</kind>
         <file>driverlib.lib</file>
         <name>timer.obj</name>
      </input_file>
      <input_file id="fl-df">
         <path>C:\ti\TivaWare_C_Series-2.1.2.111\driverlib\ccs\Debug\</path>
         <kind>archive</kind>
         <file>driverlib.lib</file>
         <name>uart.obj</name>
      </input_file>
      <input_file id="fl-e0">
         <path>C:\ti\TivaWare_C_Series-2.1.2.111\driverlib\ccs\Debug\</path>
         <kind>archive</kind>
         <file>driverlib.lib</file>
         <name>cpu.obj</name>
      </input_file>
   </input_file_list>
   <object_component_list>
      <object_component id="oc-f">
         <name>.intvecs</name>
         <load_address>0x0</load_address>
         <run_address>0x0</run_address>
         <size>0x26c</size>
         <input_file_ref idref="fl-5"/>
      </object_component>
      <object_component id="oc-a0">
         <name>.text</name>
         <load_address>0x26c</load_address>
         <run_address>0x26c</run_address>
         <size>0x37c</size>
         <input_file_ref idref="fl-6"/>
      </object_component>
      <object_component id="oc-94">
         <name>.text</name>
         <load_address>0x5e8</load_address>
         <run_address>0x5e8</run_address>
         <size>0x318</size>
         <input_file_ref idref="fl-7"/>
      </object_component>
      <object_component id="oc-31">
         <name>.text</name>
         <load_address>0x900</load_address>
         <run_address>0x900</run_address>
         <size>0x23c</size>
         <input_file_ref idref="fl-3"/>
      </object_component>
      <object_component id="oc-203">
         <name>.text</name>
         <load_address>0xb3c</load_address>
         <run_address>0xb3c</run_address>
         <size>0x1b6</size>
         <input_file_ref idref="fl-c9"/>
      </object_component>
      <object_component id="oc-5f">
         <name>.text</name>
         <load_address>0xcf2</load_address>
         <run_address>0xcf2</run_address>
         <size>0x2</size>
         <input_file_ref idref="fl-d2"/>
      </object_component>
      <object_component id="oc-c7">
         <name>.text</name>
         <load_address>0xcf4</load_address>
         <run_address>0xcf4</run_address>
         <size>0x1b4</size>
         <input_file_ref idref="fl-4"/>
      </object_component>
      <object_component id="oc-b1">
         <name>.text</name>
         <load_address>0xea8</load_address>
         <run_address>0xea8</run_address>
         <size>0x136</size>
         <input_file_ref idref="fl-cb"/>
      </object_component>
      <object_component id="oc-160">
         <name>.text:GPIOPadConfigSet</name>
         <load_address>0xfde</load_address>
         <run_address>0xfde</run_address>
         <size>0x132</size>
         <input_file_ref idref="fl-da"/>
      </object_component>
      <object_component id="oc-a6">
         <name>.text:SysCtlClockGet</name>
         <load_address>0x1110</load_address>
         <run_address>0x1110</run_address>
         <size>0x110</size>
         <input_file_ref idref="fl-dd"/>
      </object_component>
      <object_component id="oc-1f6">
         <name>.text</name>
         <load_address>0x1220</load_address>
         <run_address>0x1220</run_address>
         <size>0xfc</size>
         <input_file_ref idref="fl-cc"/>
      </object_component>
      <object_component id="oc-82">
         <name>.text:SysCtlClockSet</name>
         <load_address>0x131c</load_address>
         <run_address>0x131c</run_address>
         <size>0xf4</size>
         <input_file_ref idref="fl-dd"/>
      </object_component>
      <object_component id="oc-88">
         <name>.text</name>
         <load_address>0x1410</load_address>
         <run_address>0x1410</run_address>
         <size>0xf0</size>
         <input_file_ref idref="fl-9"/>
      </object_component>
      <object_component id="oc-bb">
         <name>.text</name>
         <load_address>0x1500</load_address>
         <run_address>0x1500</run_address>
         <size>0xbc</size>
         <input_file_ref idref="fl-2"/>
      </object_component>
      <object_component id="oc-3a">
         <name>.text</name>
         <load_address>0x15bc</load_address>
         <run_address>0x15bc</run_address>
         <size>0x9c</size>
         <input_file_ref idref="fl-d0"/>
      </object_component>
      <object_component id="oc-1fb">
         <name>.text:__aeabi_cdcmple</name>
         <load_address>0x1658</load_address>
         <run_address>0x1658</run_address>
         <size>0x86</size>
         <input_file_ref idref="fl-ca"/>
      </object_component>
      <object_component id="oc-53">
         <name>.text</name>
         <load_address>0x16de</load_address>
         <run_address>0x16de</run_address>
         <size>0x7a</size>
         <input_file_ref idref="fl-d1"/>
      </object_component>
      <object_component id="oc-6b">
         <name>.text</name>
         <load_address>0x1758</load_address>
         <run_address>0x1758</run_address>
         <size>0x70</size>
         <input_file_ref idref="fl-d7"/>
      </object_component>
      <object_component id="oc-46">
         <name>.text</name>
         <load_address>0x17c8</load_address>
         <run_address>0x17c8</run_address>
         <size>0x6a</size>
         <input_file_ref idref="fl-c6"/>
      </object_component>
      <object_component id="oc-127">
         <name>.text</name>
         <load_address>0x1832</load_address>
         <run_address>0x1832</run_address>
         <size>0x2</size>
         <input_file_ref idref="fl-d9"/>
      </object_component>
      <object_component id="oc-18a">
         <name>.text:IntEnable</name>
         <load_address>0x1834</load_address>
         <run_address>0x1834</run_address>
         <size>0x68</size>
         <input_file_ref idref="fl-db"/>
      </object_component>
      <object_component id="oc-17e">
         <name>.text:TimerConfigure</name>
         <load_address>0x189c</load_address>
         <run_address>0x189c</run_address>
         <size>0x60</size>
         <input_file_ref idref="fl-de"/>
      </object_component>
      <object_component id="oc-172">
         <name>.text:GPIOIntTypeSet</name>
         <load_address>0x18fc</load_address>
         <run_address>0x18fc</run_address>
         <size>0x56</size>
         <input_file_ref idref="fl-da"/>
      </object_component>
      <object_component id="oc-24">
         <name>.text</name>
         <load_address>0x1954</load_address>
         <run_address>0x1954</run_address>
         <size>0x54</size>
         <input_file_ref idref="fl-c4"/>
      </object_component>
      <object_component id="oc-77">
         <name>.text</name>
         <load_address>0x19a8</load_address>
         <run_address>0x19a8</run_address>
         <size>0x54</size>
         <input_file_ref idref="fl-c8"/>
      </object_component>
      <object_component id="oc-121">
         <name>.text</name>
         <load_address>0x19fc</load_address>
         <run_address>0x19fc</run_address>
         <size>0x4c</size>
         <input_file_ref idref="fl-d8"/>
      </object_component>
      <object_component id="oc-19c">
         <name>.text:GPIOPinConfigure</name>
         <load_address>0x1a48</load_address>
         <run_address>0x1a48</run_address>
         <size>0x48</size>
         <input_file_ref idref="fl-da"/>
      </object_component>
      <object_component id="oc-b6">
         <name>.text</name>
         <load_address>0x1a90</load_address>
         <run_address>0x1a90</run_address>
         <size>0x48</size>
         <input_file_ref idref="fl-cd"/>
      </object_component>
      <object_component id="oc-1a8">
         <name>.text:UARTConfigSetExpClk</name>
         <load_address>0x1ad8</load_address>
         <run_address>0x1ad8</run_address>
         <size>0x46</size>
         <input_file_ref idref="fl-df"/>
      </object_component>
      <object_component id="oc-24f">
         <name>.text:_GPIOIntNumberGet</name>
         <load_address>0x1b20</load_address>
         <run_address>0x1b20</run_address>
         <size>0x40</size>
         <input_file_ref idref="fl-da"/>
      </object_component>
      <object_component id="oc-1f1">
         <name>.text</name>
         <load_address>0x1b60</load_address>
         <run_address>0x1b60</run_address>
         <size>0x38</size>
         <input_file_ref idref="fl-ce"/>
      </object_component>
      <object_component id="oc-255">
         <name>.text:IntRegister</name>
         <load_address>0x1b98</load_address>
         <run_address>0x1b98</run_address>
         <size>0x34</size>
         <input_file_ref idref="fl-db"/>
      </object_component>
      <object_component id="oc-14e">
         <name>.text:SysCtlPeripheralEnable</name>
         <load_address>0x1bcc</load_address>
         <run_address>0x1bcc</run_address>
         <size>0x34</size>
         <input_file_ref idref="fl-dd"/>
      </object_component>
      <object_component id="oc-ac">
         <name>.text</name>
         <load_address>0x1c00</load_address>
         <run_address>0x1c00</run_address>
         <size>0x2e</size>
         <input_file_ref idref="fl-cf"/>
      </object_component>
      <object_component id="oc-245">
         <name>.text:GPIODirModeSet</name>
         <load_address>0x1c2e</load_address>
         <run_address>0x1c2e</run_address>
         <size>0x2a</size>
         <input_file_ref idref="fl-da"/>
      </object_component>
      <object_component id="oc-1c0">
         <name>.text:PWMGenConfigure</name>
         <load_address>0x1c58</load_address>
         <run_address>0x1c58</run_address>
         <size>0x22</size>
         <input_file_ref idref="fl-dc"/>
      </object_component>
      <object_component id="oc-26c">
         <name>.text:UARTDisable</name>
         <load_address>0x1c7c</load_address>
         <run_address>0x1c7c</run_address>
         <size>0x20</size>
         <input_file_ref idref="fl-df"/>
      </object_component>
      <object_component id="oc-1e2">
         <name>.text:PWMPulseWidthSet</name>
         <load_address>0x1c9c</load_address>
         <run_address>0x1c9c</run_address>
         <size>0x1e</size>
         <input_file_ref idref="fl-dc"/>
      </object_component>
      <object_component id="oc-16c">
         <name>.text:GPIOIntRegister</name>
         <load_address>0x1cba</load_address>
         <run_address>0x1cba</run_address>
         <size>0x18</size>
         <input_file_ref idref="fl-da"/>
      </object_component>
      <object_component id="oc-154">
         <name>.text:GPIOPinTypeGPIOOutput</name>
         <load_address>0x1cd2</load_address>
         <run_address>0x1cd2</run_address>
         <size>0x18</size>
         <input_file_ref idref="fl-da"/>
      </object_component>
      <object_component id="oc-71">
         <name>.text</name>
         <load_address>0x1cec</load_address>
         <run_address>0x1cec</run_address>
         <size>0x18</size>
         <input_file_ref idref="fl-d6"/>
      </object_component>
      <object_component id="oc-1b4">
         <name>.text:SysCtlPWMClockSet</name>
         <load_address>0x1d04</load_address>
         <run_address>0x1d04</run_address>
         <size>0x14</size>
         <input_file_ref idref="fl-dd"/>
      </object_component>
      <object_component id="oc-272">
         <name>.text:UARTEnable</name>
         <load_address>0x1d18</load_address>
         <run_address>0x1d18</run_address>
         <size>0x14</size>
         <input_file_ref idref="fl-df"/>
      </object_component>
      <object_component id="oc-22e">
         <name>.text</name>
         <load_address>0x1d2c</load_address>
         <run_address>0x1d2c</run_address>
         <size>0x14</size>
         <input_file_ref idref="fl-d5"/>
      </object_component>
      <object_component id="oc-15a">
         <name>.text:GPIOPinTypeGPIOInput</name>
         <load_address>0x1d40</load_address>
         <run_address>0x1d40</run_address>
         <size>0x12</size>
         <input_file_ref idref="fl-da"/>
      </object_component>
      <object_component id="oc-1ba">
         <name>.text:GPIOPinTypePWM</name>
         <load_address>0x1d52</load_address>
         <run_address>0x1d52</run_address>
         <size>0x12</size>
         <input_file_ref idref="fl-da"/>
      </object_component>
      <object_component id="oc-1a2">
         <name>.text:GPIOPinTypeUART</name>
         <load_address>0x1d64</load_address>
         <run_address>0x1d64</run_address>
         <size>0x12</size>
         <input_file_ref idref="fl-da"/>
      </object_component>
      <object_component id="oc-1cc">
         <name>.text:PWMOutputState</name>
         <load_address>0x1d76</load_address>
         <run_address>0x1d76</run_address>
         <size>0x12</size>
         <input_file_ref idref="fl-dc"/>
      </object_component>
      <object_component id="oc-184">
         <name>.text:TimerLoadSet</name>
         <load_address>0x1d88</load_address>
         <run_address>0x1d88</run_address>
         <size>0x12</size>
         <input_file_ref idref="fl-de"/>
      </object_component>
      <object_component id="oc-8e">
         <name>.text:IntMasterEnable</name>
         <load_address>0x1d9a</load_address>
         <run_address>0x1d9a</run_address>
         <size>0x10</size>
         <input_file_ref idref="fl-db"/>
      </object_component>
      <object_component id="oc-1c6">
         <name>.text:PWMGenPeriodSet</name>
         <load_address>0x1daa</load_address>
         <run_address>0x1daa</run_address>
         <size>0x10</size>
         <input_file_ref idref="fl-dc"/>
      </object_component>
      <object_component id="oc-166">
         <name>.text:GPIOIntDisable</name>
         <load_address>0x1dba</load_address>
         <run_address>0x1dba</run_address>
         <size>0xe</size>
         <input_file_ref idref="fl-da"/>
      </object_component>
      <object_component id="oc-196">
         <name>.text:TimerEnable</name>
         <load_address>0x1dc8</load_address>
         <run_address>0x1dc8</run_address>
         <size>0xe</size>
         <input_file_ref idref="fl-de"/>
      </object_component>
      <object_component id="oc-d9">
         <name>.text:UARTCharGetNonBlocking</name>
         <load_address>0x1dd6</load_address>
         <run_address>0x1dd6</run_address>
         <size>0xe</size>
         <input_file_ref idref="fl-df"/>
      </object_component>
      <object_component id="oc-12">
         <name>.text:decompress:none</name>
         <load_address>0x1de4</load_address>
         <run_address>0x1de4</run_address>
         <size>0xe</size>
         <input_file_ref idref="fl-c5"/>
      </object_component>
      <object_component id="oc-147">
         <name>.text:CPUcpsie</name>
         <load_address>0x1df2</load_address>
         <run_address>0x1df2</run_address>
         <size>0xc</size>
         <input_file_ref idref="fl-e0"/>
      </object_component>
      <object_component id="oc-178">
         <name>.text:GPIOIntEnable</name>
         <load_address>0x1dfe</load_address>
         <run_address>0x1dfe</run_address>
         <size>0xc</size>
         <input_file_ref idref="fl-da"/>
      </object_component>
      <object_component id="oc-1d2">
         <name>.text:PWMGenEnable</name>
         <load_address>0x1e0a</load_address>
         <run_address>0x1e0a</run_address>
         <size>0xc</size>
         <input_file_ref idref="fl-dc"/>
      </object_component>
      <object_component id="oc-2b">
         <name>.text</name>
         <load_address>0x1e16</load_address>
         <run_address>0x1e16</run_address>
         <size>0xc</size>
         <input_file_ref idref="fl-5"/>
      </object_component>
      <object_component id="oc-df">
         <name>.text:UARTCharPut</name>
         <load_address>0x1e22</load_address>
         <run_address>0x1e22</run_address>
         <size>0xa</size>
         <input_file_ref idref="fl-df"/>
      </object_component>
      <object_component id="oc-9a">
         <name>.text:UARTFIFODisable</name>
         <load_address>0x1e2c</load_address>
         <run_address>0x1e2c</run_address>
         <size>0xa</size>
         <input_file_ref idref="fl-df"/>
      </object_component>
      <object_component id="oc-cd">
         <name>.text:UARTIntStatus</name>
         <load_address>0x1e36</load_address>
         <run_address>0x1e36</run_address>
         <size>0xa</size>
         <input_file_ref idref="fl-df"/>
      </object_component>
      <object_component id="oc-190">
         <name>.text:TimerIntEnable</name>
         <load_address>0x1e40</load_address>
         <run_address>0x1e40</run_address>
         <size>0x8</size>
         <input_file_ref idref="fl-de"/>
      </object_component>
      <object_component id="oc-1ae">
         <name>.text:UARTIntEnable</name>
         <load_address>0x1e48</load_address>
         <run_address>0x1e48</run_address>
         <size>0x8</size>
         <input_file_ref idref="fl-df"/>
      </object_component>
      <object_component id="oc-e5">
         <name>.text:GPIOIntClear</name>
         <load_address>0x1e50</load_address>
         <run_address>0x1e50</run_address>
         <size>0x6</size>
         <input_file_ref idref="fl-da"/>
      </object_component>
      <object_component id="oc-eb">
         <name>.text:GPIOPinRead</name>
         <load_address>0x1e56</load_address>
         <run_address>0x1e56</run_address>
         <size>0x6</size>
         <input_file_ref idref="fl-da"/>
      </object_component>
      <object_component id="oc-1dc">
         <name>.text:GPIOPinWrite</name>
         <load_address>0x1e5c</load_address>
         <run_address>0x1e5c</run_address>
         <size>0x6</size>
         <input_file_ref idref="fl-da"/>
      </object_component>
      <object_component id="oc-13c">
         <name>.text:SysCtlDelay</name>
         <load_address>0x1e62</load_address>
         <run_address>0x1e62</run_address>
         <size>0x6</size>
         <input_file_ref idref="fl-dd"/>
      </object_component>
      <object_component id="oc-18">
         <name>.text:decompress:rle24</name>
         <load_address>0x1e68</load_address>
         <run_address>0x1e68</run_address>
         <size>0x6</size>
         <input_file_ref idref="fl-c6"/>
      </object_component>
      <object_component id="oc-c1">
         <name>.text:TimerIntClear</name>
         <load_address>0x1e6e</load_address>
         <run_address>0x1e6e</run_address>
         <size>0x4</size>
         <input_file_ref idref="fl-de"/>
      </object_component>
      <object_component id="oc-d3">
         <name>.text:UARTIntClear</name>
         <load_address>0x1e72</load_address>
         <run_address>0x1e72</run_address>
         <size>0x4</size>
         <input_file_ref idref="fl-df"/>
      </object_component>
      <object_component id="oc-65">
         <name>.text</name>
         <load_address>0x1e76</load_address>
         <run_address>0x1e76</run_address>
         <size>0x4</size>
         <input_file_ref idref="fl-d3"/>
      </object_component>
      <object_component id="oc-29e">
         <name>.const:g_ppui32GPIOIntMapBlizzard</name>
         <load_address>0x1e7c</load_address>
         <run_address>0x1e7c</run_address>
         <size>0xc0</size>
         <input_file_ref idref="fl-da"/>
      </object_component>
      <object_component id="oc-2a1">
         <name>.const:g_ppui32GPIOIntMapSnowflake</name>
         <load_address>0x1f3c</load_address>
         <run_address>0x1f3c</run_address>
         <size>0xc0</size>
         <input_file_ref idref="fl-da"/>
      </object_component>
      <object_component id="oc-267">
         <name>.const:g_pui32GPIOBaseAddrs</name>
         <load_address>0x1ffc</load_address>
         <run_address>0x1ffc</run_address>
         <size>0x90</size>
         <input_file_ref idref="fl-da"/>
      </object_component>
      <object_component id="oc-260">
         <name>.const</name>
         <load_address>0x208c</load_address>
         <run_address>0x208c</run_address>
         <size>0x70</size>
         <input_file_ref idref="fl-db"/>
      </object_component>
      <object_component id="oc-1ea">
         <name>.const:g_pui32Xtals</name>
         <load_address>0x20fc</load_address>
         <run_address>0x20fc</run_address>
         <size>0x6c</size>
         <input_file_ref idref="fl-dd"/>
      </object_component>
      <object_component id="oc-2db">
         <name>.cinit..data.load</name>
         <load_address>0x2168</load_address>
         <run_address>0x2168</run_address>
         <size>0x28</size>
      </object_component>
      <object_component id="oc-2da">
         <name>.cinit..vtable.load</name>
         <load_address>0x2190</load_address>
         <run_address>0x2190</run_address>
         <size>0xb</size>
      </object_component>
      <object_component id="oc-2dc">
         <name>.cinit..bss.load</name>
         <load_address>0x21a0</load_address>
         <run_address>0x21a0</run_address>
         <size>0x9</size>
      </object_component>
      <object_component id="oc-2d8">
         <name>__TI_handler_table</name>
         <load_address>0x21ac</load_address>
         <run_address>0x21ac</run_address>
         <size>0x8</size>
      </object_component>
      <object_component id="oc-2d9">
         <name>__TI_cinit_table</name>
         <load_address>0x21b4</load_address>
         <run_address>0x21b4</run_address>
         <size>0x18</size>
      </object_component>
      <object_component id="oc-2a5">
         <name>.vtable</name>
         <uninitialized>true</uninitialized>
         <run_address>0x20000000</run_address>
         <size>0x26c</size>
         <input_file_ref idref="fl-db"/>
      </object_component>
      <object_component id="oc-f7">
         <name>.data</name>
         <load_address>0x200004b4</load_address>
         <run_address>0x200004b4</run_address>
         <size>0x8</size>
         <input_file_ref idref="fl-2"/>
      </object_component>
      <object_component id="oc-f1">
         <name>.data</name>
         <load_address>0x20000488</load_address>
         <run_address>0x20000488</run_address>
         <size>0x18</size>
         <input_file_ref idref="fl-3"/>
      </object_component>
      <object_component id="oc-f4">
         <name>.data</name>
         <load_address>0x2000046c</load_address>
         <run_address>0x2000046c</run_address>
         <size>0x19</size>
         <input_file_ref idref="fl-4"/>
      </object_component>
      <object_component id="oc-131">
         <name>.data:$O1$$</name>
         <load_address>0x200004a0</load_address>
         <run_address>0x200004a0</run_address>
         <size>0xc</size>
         <input_file_ref idref="fl-c8"/>
      </object_component>
      <object_component id="oc-7d">
         <name>.data</name>
         <load_address>0x200004bc</load_address>
         <run_address>0x200004bc</run_address>
         <size>0x4</size>
         <input_file_ref idref="fl-d4"/>
      </object_component>
      <object_component id="oc-134">
         <name>.data:$O1$$</name>
         <load_address>0x200004ac</load_address>
         <run_address>0x200004ac</run_address>
         <size>0x8</size>
         <input_file_ref idref="fl-d5"/>
      </object_component>
      <object_component id="oc-144">
         <name>.common:errorIntegral</name>
         <uninitialized>true</uninitialized>
         <run_address>0x200004d8</run_address>
         <size>0x8</size>
      </object_component>
      <object_component id="oc-145">
         <name>.common:prevError</name>
         <uninitialized>true</uninitialized>
         <run_address>0x200004e0</run_address>
         <size>0x8</size>
      </object_component>
      <object_component id="oc-13f">
         <name>.common:Kp</name>
         <uninitialized>true</uninitialized>
         <run_address>0x200004d0</run_address>
         <size>0x8</size>
      </object_component>
      <object_component id="oc-142">
         <name>.common:Ki</name>
         <uninitialized>true</uninitialized>
         <run_address>0x200004c8</run_address>
         <size>0x8</size>
      </object_component>
      <object_component id="oc-143">
         <name>.common:Kd</name>
         <uninitialized>true</uninitialized>
         <run_address>0x200004c0</run_address>
         <size>0x8</size>
      </object_component>
      <object_component id="oc-2a">
         <name>.stack</name>
         <uninitialized>true</uninitialized>
         <run_address>0x2000026c</run_address>
         <size>0x0</size>
         <input_file_ref idref="fl-c4"/>
      </object_component>
      <object_component id="oc-2dd">
         <name>.stack</name>
         <uninitialized>true</uninitialized>
         <run_address>0x2000026c</run_address>
         <size>0x0</size>
      </object_component>
      <object_component id="oc-f8">
         <name>.debug_info</name>
         <load_address>0x0</load_address>
         <run_address>0x0</run_address>
         <size>0x131</size>
         <input_file_ref idref="fl-2"/>
      </object_component>
      <object_component id="oc-bc">
         <name>.debug_info</name>
         <load_address>0x131</load_address>
         <run_address>0x131</run_address>
         <size>0x305</size>
         <input_file_ref idref="fl-2"/>
      </object_component>
      <object_component id="oc-10f">
         <name>.debug_info</name>
         <load_address>0x436</load_address>
         <run_address>0x436</run_address>
         <size>0x84</size>
         <input_file_ref idref="fl-2"/>
      </object_component>
      <object_component id="oc-100">
         <name>.debug_info</name>
         <load_address>0x4ba</load_address>
         <run_address>0x4ba</run_address>
         <size>0x18b</size>
         <input_file_ref idref="fl-2"/>
      </object_component>
      <object_component id="oc-f2">
         <name>.debug_info</name>
         <load_address>0x645</load_address>
         <run_address>0x645</run_address>
         <size>0x19c</size>
         <input_file_ref idref="fl-3"/>
      </object_component>
      <object_component id="oc-32">
         <name>.debug_info</name>
         <load_address>0x7e1</load_address>
         <run_address>0x7e1</run_address>
         <size>0x52d</size>
         <input_file_ref idref="fl-3"/>
      </object_component>
      <object_component id="oc-fb">
         <name>.debug_info</name>
         <load_address>0xd0e</load_address>
         <run_address>0xd0e</run_address>
         <size>0x8b</size>
         <input_file_ref idref="fl-3"/>
      </object_component>
      <object_component id="oc-f5">
         <name>.debug_info</name>
         <load_address>0xd99</load_address>
         <run_address>0xd99</run_address>
         <size>0x1fc</size>
         <input_file_ref idref="fl-4"/>
      </object_component>
      <object_component id="oc-c8">
         <name>.debug_info</name>
         <load_address>0xf95</load_address>
         <run_address>0xf95</run_address>
         <size>0x2e5</size>
         <input_file_ref idref="fl-4"/>
      </object_component>
      <object_component id="oc-39">
         <name>.debug_info</name>
         <load_address>0x127a</load_address>
         <run_address>0x127a</run_address>
         <size>0x170</size>
         <input_file_ref idref="fl-5"/>
      </object_component>
      <object_component id="oc-10">
         <name>.debug_info</name>
         <load_address>0x13ea</load_address>
         <run_address>0x13ea</run_address>
         <size>0x10f</size>
         <input_file_ref idref="fl-5"/>
      </object_component>
      <object_component id="oc-2c">
         <name>.debug_info</name>
         <load_address>0x14f9</load_address>
         <run_address>0x14f9</run_address>
         <size>0x28b</size>
         <input_file_ref idref="fl-5"/>
      </object_component>
      <object_component id="oc-1e9">
         <name>.debug_info</name>
         <load_address>0x1784</load_address>
         <run_address>0x1784</run_address>
         <size>0x1e0</size>
         <input_file_ref idref="fl-6"/>
      </object_component>
      <object_component id="oc-a1">
         <name>.debug_info</name>
         <load_address>0x1964</load_address>
         <run_address>0x1964</run_address>
         <size>0x63f</size>
         <input_file_ref idref="fl-6"/>
      </object_component>
      <object_component id="oc-1d9">
         <name>.debug_info</name>
         <load_address>0x1fa3</load_address>
         <run_address>0x1fa3</run_address>
         <size>0x64c</size>
         <input_file_ref idref="fl-7"/>
      </object_component>
      <object_component id="oc-95">
         <name>.debug_info</name>
         <load_address>0x25ef</load_address>
         <run_address>0x25ef</run_address>
         <size>0xa4d</size>
         <input_file_ref idref="fl-7"/>
      </object_component>
      <object_component id="oc-140">
         <name>.debug_info</name>
         <load_address>0x303c</load_address>
         <run_address>0x303c</run_address>
         <size>0x183</size>
         <input_file_ref idref="fl-9"/>
      </object_component>
      <object_component id="oc-89">
         <name>.debug_info</name>
         <load_address>0x31bf</load_address>
         <run_address>0x31bf</run_address>
         <size>0x287</size>
         <input_file_ref idref="fl-9"/>
      </object_component>
      <object_component id="oc-25">
         <name>.debug_info</name>
         <load_address>0x3446</load_address>
         <run_address>0x3446</run_address>
         <size>0x17c</size>
         <input_file_ref idref="fl-c4"/>
      </object_component>
      <object_component id="oc-45">
         <name>.debug_info</name>
         <load_address>0x35c2</load_address>
         <run_address>0x35c2</run_address>
         <size>0x15c</size>
         <input_file_ref idref="fl-c5"/>
      </object_component>
      <object_component id="oc-14">
         <name>.debug_info</name>
         <load_address>0x371e</load_address>
         <run_address>0x371e</run_address>
         <size>0x1fb</size>
         <input_file_ref idref="fl-c5"/>
      </object_component>
      <object_component id="oc-40">
         <name>.debug_info</name>
         <load_address>0x3919</load_address>
         <run_address>0x3919</run_address>
         <size>0x46</size>
         <input_file_ref idref="fl-c5"/>
      </object_component>
      <object_component id="oc-108">
         <name>.debug_info</name>
         <load_address>0x395f</load_address>
         <run_address>0x395f</run_address>
         <size>0x2c</size>
         <input_file_ref idref="fl-c5"/>
      </object_component>
      <object_component id="oc-4d">
         <name>.debug_info</name>
         <load_address>0x398b</load_address>
         <run_address>0x398b</run_address>
         <size>0x150</size>
         <input_file_ref idref="fl-c6"/>
      </object_component>
      <object_component id="oc-4a">
         <name>.debug_info</name>
         <load_address>0x3adb</load_address>
         <run_address>0x3adb</run_address>
         <size>0x263</size>
         <input_file_ref idref="fl-c6"/>
      </object_component>
      <object_component id="oc-1c">
         <name>.debug_info</name>
         <load_address>0x3d3e</load_address>
         <run_address>0x3d3e</run_address>
         <size>0x1cd</size>
         <input_file_ref idref="fl-c6"/>
      </object_component>
      <object_component id="oc-4e">
         <name>.debug_info</name>
         <load_address>0x3f0b</load_address>
         <run_address>0x3f0b</run_address>
         <size>0x39</size>
         <input_file_ref idref="fl-c6"/>
      </object_component>
      <object_component id="oc-117">
         <name>.debug_info</name>
         <load_address>0x3f44</load_address>
         <run_address>0x3f44</run_address>
         <size>0x2c</size>
         <input_file_ref idref="fl-c6"/>
      </object_component>
      <object_component id="oc-138">
         <name>.debug_info</name>
         <load_address>0x3f70</load_address>
         <run_address>0x3f70</run_address>
         <size>0x250</size>
         <input_file_ref idref="fl-c8"/>
      </object_component>
      <object_component id="oc-132">
         <name>.debug_info</name>
         <load_address>0x41c0</load_address>
         <run_address>0x41c0</run_address>
         <size>0x1a1</size>
         <input_file_ref idref="fl-c8"/>
      </object_component>
      <object_component id="oc-78">
         <name>.debug_info</name>
         <load_address>0x4361</load_address>
         <run_address>0x4361</run_address>
         <size>0x230</size>
         <input_file_ref idref="fl-c8"/>
      </object_component>
      <object_component id="oc-204">
         <name>.debug_info</name>
         <load_address>0x4591</load_address>
         <run_address>0x4591</run_address>
         <size>0x160</size>
         <input_file_ref idref="fl-c9"/>
      </object_component>
      <object_component id="oc-1fc">
         <name>.debug_info</name>
         <load_address>0x46f1</load_address>
         <run_address>0x46f1</run_address>
         <size>0x13c</size>
         <input_file_ref idref="fl-ca"/>
      </object_component>
      <object_component id="oc-b2">
         <name>.debug_info</name>
         <load_address>0x482d</load_address>
         <run_address>0x482d</run_address>
         <size>0x14e</size>
         <input_file_ref idref="fl-cb"/>
      </object_component>
      <object_component id="oc-1f7">
         <name>.debug_info</name>
         <load_address>0x497b</load_address>
         <run_address>0x497b</run_address>
         <size>0x14e</size>
         <input_file_ref idref="fl-cc"/>
      </object_component>
      <object_component id="oc-b7">
         <name>.debug_info</name>
         <load_address>0x4ac9</load_address>
         <run_address>0x4ac9</run_address>
         <size>0x142</size>
         <input_file_ref idref="fl-cd"/>
      </object_component>
      <object_component id="oc-1f2">
         <name>.debug_info</name>
         <load_address>0x4c0b</load_address>
         <run_address>0x4c0b</run_address>
         <size>0x140</size>
         <input_file_ref idref="fl-ce"/>
      </object_component>
      <object_component id="oc-ad">
         <name>.debug_info</name>
         <load_address>0x4d4b</load_address>
         <run_address>0x4d4b</run_address>
         <size>0x140</size>
         <input_file_ref idref="fl-cf"/>
      </object_component>
      <object_component id="oc-3b">
         <name>.debug_info</name>
         <load_address>0x4e8b</load_address>
         <run_address>0x4e8b</run_address>
         <size>0x12d</size>
         <input_file_ref idref="fl-d0"/>
      </object_component>
      <object_component id="oc-54">
         <name>.debug_info</name>
         <load_address>0x4fb8</load_address>
         <run_address>0x4fb8</run_address>
         <size>0x15b</size>
         <input_file_ref idref="fl-d1"/>
      </object_component>
      <object_component id="oc-60">
         <name>.debug_info</name>
         <load_address>0x5113</load_address>
         <run_address>0x5113</run_address>
         <size>0x154</size>
         <input_file_ref idref="fl-d2"/>
      </object_component>
      <object_component id="oc-66">
         <name>.debug_info</name>
         <load_address>0x5267</load_address>
         <run_address>0x5267</run_address>
         <size>0x164</size>
         <input_file_ref idref="fl-d3"/>
      </object_component>
      <object_component id="oc-7e">
         <name>.debug_info</name>
         <load_address>0x53cb</load_address>
         <run_address>0x53cb</run_address>
         <size>0x125</size>
         <input_file_ref idref="fl-d4"/>
      </object_component>
      <object_component id="oc-236">
         <name>.debug_info</name>
         <load_address>0x54f0</load_address>
         <run_address>0x54f0</run_address>
         <size>0x140</size>
         <input_file_ref idref="fl-d5"/>
      </object_component>
      <object_component id="oc-135">
         <name>.debug_info</name>
         <load_address>0x5630</load_address>
         <run_address>0x5630</run_address>
         <size>0x12f</size>
         <input_file_ref idref="fl-d5"/>
      </object_component>
      <object_component id="oc-230">
         <name>.debug_info</name>
         <load_address>0x575f</load_address>
         <run_address>0x575f</run_address>
         <size>0x23b</size>
         <input_file_ref idref="fl-d5"/>
      </object_component>
      <object_component id="oc-130">
         <name>.debug_info</name>
         <load_address>0x599a</load_address>
         <run_address>0x599a</run_address>
         <size>0x182</size>
         <input_file_ref idref="fl-d6"/>
      </object_component>
      <object_component id="oc-72">
         <name>.debug_info</name>
         <load_address>0x5b1c</load_address>
         <run_address>0x5b1c</run_address>
         <size>0x183</size>
         <input_file_ref idref="fl-d6"/>
      </object_component>
      <object_component id="oc-227">
         <name>.debug_info</name>
         <load_address>0x5c9f</load_address>
         <run_address>0x5c9f</run_address>
         <size>0x5e</size>
         <input_file_ref idref="fl-d6"/>
      </object_component>
      <object_component id="oc-12e">
         <name>.debug_info</name>
         <load_address>0x5cfd</load_address>
         <run_address>0x5cfd</run_address>
         <size>0x305</size>
         <input_file_ref idref="fl-d7"/>
      </object_component>
      <object_component id="oc-6c">
         <name>.debug_info</name>
         <load_address>0x6002</load_address>
         <run_address>0x6002</run_address>
         <size>0x1ac</size>
         <input_file_ref idref="fl-d7"/>
      </object_component>
      <object_component id="oc-21b">
         <name>.debug_info</name>
         <load_address>0x61ae</load_address>
         <run_address>0x61ae</run_address>
         <size>0x39</size>
         <input_file_ref idref="fl-d7"/>
      </object_component>
      <object_component id="oc-220">
         <name>.debug_info</name>
         <load_address>0x61e7</load_address>
         <run_address>0x61e7</run_address>
         <size>0xcd</size>
         <input_file_ref idref="fl-d7"/>
      </object_component>
      <object_component id="oc-217">
         <name>.debug_info</name>
         <load_address>0x62b4</load_address>
         <run_address>0x62b4</run_address>
         <size>0x1fc</size>
         <input_file_ref idref="fl-d8"/>
      </object_component>
      <object_component id="oc-122">
         <name>.debug_info</name>
         <load_address>0x64b0</load_address>
         <run_address>0x64b0</run_address>
         <size>0x19f</size>
         <input_file_ref idref="fl-d8"/>
      </object_component>
      <object_component id="oc-295">
         <name>.debug_info</name>
         <load_address>0x664f</load_address>
         <run_address>0x664f</run_address>
         <size>0x2c</size>
         <input_file_ref idref="fl-d8"/>
      </object_component>
      <object_component id="oc-128">
         <name>.debug_info</name>
         <load_address>0x667b</load_address>
         <run_address>0x667b</run_address>
         <size>0x161</size>
         <input_file_ref idref="fl-d9"/>
      </object_component>
      <object_component id="oc-20e">
         <name>.debug_info</name>
         <load_address>0x67dc</load_address>
         <run_address>0x67dc</run_address>
         <size>0x230</size>
         <input_file_ref idref="fl-da"/>
      </object_component>
      <object_component id="oc-29f">
         <name>.debug_info</name>
         <load_address>0x6a0c</load_address>
         <run_address>0x6a0c</run_address>
         <size>0x167</size>
         <input_file_ref idref="fl-da"/>
      </object_component>
      <object_component id="oc-2a2">
         <name>.debug_info</name>
         <load_address>0x6b73</load_address>
         <run_address>0x6b73</run_address>
         <size>0x169</size>
         <input_file_ref idref="fl-da"/>
      </object_component>
      <object_component id="oc-268">
         <name>.debug_info</name>
         <load_address>0x6cdc</load_address>
         <run_address>0x6cdc</run_address>
         <size>0x15b</size>
         <input_file_ref idref="fl-da"/>
      </object_component>
      <object_component id="oc-1dd">
         <name>.debug_info</name>
         <load_address>0x6e37</load_address>
         <run_address>0x6e37</run_address>
         <size>0x2a3</size>
         <input_file_ref idref="fl-da"/>
      </object_component>
      <object_component id="oc-246">
         <name>.debug_info</name>
         <load_address>0x70da</load_address>
         <run_address>0x70da</run_address>
         <size>0x2b3</size>
         <input_file_ref idref="fl-da"/>
      </object_component>
      <object_component id="oc-161">
         <name>.debug_info</name>
         <load_address>0x738d</load_address>
         <run_address>0x738d</run_address>
         <size>0x316</size>
         <input_file_ref idref="fl-da"/>
      </object_component>
      <object_component id="oc-1a3">
         <name>.debug_info</name>
         <load_address>0x76a3</load_address>
         <run_address>0x76a3</run_address>
         <size>0x27b</size>
         <input_file_ref idref="fl-da"/>
      </object_component>
      <object_component id="oc-1bb">
         <name>.debug_info</name>
         <load_address>0x791e</load_address>
         <run_address>0x791e</run_address>
         <size>0x279</size>
         <input_file_ref idref="fl-da"/>
      </object_component>
      <object_component id="oc-155">
         <name>.debug_info</name>
         <load_address>0x7b97</load_address>
         <run_address>0x7b97</run_address>
         <size>0x2b7</size>
         <input_file_ref idref="fl-da"/>
      </object_component>
      <object_component id="oc-15b">
         <name>.debug_info</name>
         <load_address>0x7e4e</load_address>
         <run_address>0x7e4e</run_address>
         <size>0x285</size>
         <input_file_ref idref="fl-da"/>
      </object_component>
      <object_component id="oc-ec">
         <name>.debug_info</name>
         <load_address>0x80d3</load_address>
         <run_address>0x80d3</run_address>
         <size>0x27b</size>
         <input_file_ref idref="fl-da"/>
      </object_component>
      <object_component id="oc-19d">
         <name>.debug_info</name>
         <load_address>0x834e</load_address>
         <run_address>0x834e</run_address>
         <size>0x280</size>
         <input_file_ref idref="fl-da"/>
      </object_component>
      <object_component id="oc-250">
         <name>.debug_info</name>
         <load_address>0x85ce</load_address>
         <run_address>0x85ce</run_address>
         <size>0x27e</size>
         <input_file_ref idref="fl-da"/>
      </object_component>
      <object_component id="oc-173">
         <name>.debug_info</name>
         <load_address>0x884c</load_address>
         <run_address>0x884c</run_address>
         <size>0x2bb</size>
         <input_file_ref idref="fl-da"/>
      </object_component>
      <object_component id="oc-16d">
         <name>.debug_info</name>
         <load_address>0x8b07</load_address>
         <run_address>0x8b07</run_address>
         <size>0x2cf</size>
         <input_file_ref idref="fl-da"/>
      </object_component>
      <object_component id="oc-179">
         <name>.debug_info</name>
         <load_address>0x8dd6</load_address>
         <run_address>0x8dd6</run_address>
         <size>0x28f</size>
         <input_file_ref idref="fl-da"/>
      </object_component>
      <object_component id="oc-167">
         <name>.debug_info</name>
         <load_address>0x9065</load_address>
         <run_address>0x9065</run_address>
         <size>0x291</size>
         <input_file_ref idref="fl-da"/>
      </object_component>
      <object_component id="oc-e6">
         <name>.debug_info</name>
         <load_address>0x92f6</load_address>
         <run_address>0x92f6</run_address>
         <size>0x28d</size>
         <input_file_ref idref="fl-da"/>
      </object_component>
      <object_component id="oc-264">
         <name>.debug_info</name>
         <load_address>0x9583</load_address>
         <run_address>0x9583</run_address>
         <size>0x20e</size>
         <input_file_ref idref="fl-db"/>
      </object_component>
      <object_component id="oc-261">
         <name>.debug_info</name>
         <load_address>0x9791</load_address>
         <run_address>0x9791</run_address>
         <size>0x210</size>
         <input_file_ref idref="fl-db"/>
      </object_component>
      <object_component id="oc-2a6">
         <name>.debug_info</name>
         <load_address>0x99a1</load_address>
         <run_address>0x99a1</run_address>
         <size>0x157</size>
         <input_file_ref idref="fl-db"/>
      </object_component>
      <object_component id="oc-256">
         <name>.debug_info</name>
         <load_address>0x9af8</load_address>
         <run_address>0x9af8</run_address>
         <size>0x2c1</size>
         <input_file_ref idref="fl-db"/>
      </object_component>
      <object_component id="oc-8f">
         <name>.debug_info</name>
         <load_address>0x9db9</load_address>
         <run_address>0x9db9</run_address>
         <size>0x23e</size>
         <input_file_ref idref="fl-db"/>
      </object_component>
      <object_component id="oc-18b">
         <name>.debug_info</name>
         <load_address>0x9ff7</load_address>
         <run_address>0x9ff7</run_address>
         <size>0x268</size>
         <input_file_ref idref="fl-db"/>
      </object_component>
      <object_component id="oc-27d">
         <name>.debug_info</name>
         <load_address>0xa25f</load_address>
         <run_address>0xa25f</run_address>
         <size>0x1ed</size>
         <input_file_ref idref="fl-dc"/>
      </object_component>
      <object_component id="oc-1e3">
         <name>.debug_info</name>
         <load_address>0xa44c</load_address>
         <run_address>0xa44c</run_address>
         <size>0x2f6</size>
         <input_file_ref idref="fl-dc"/>
      </object_component>
      <object_component id="oc-1cd">
         <name>.debug_info</name>
         <load_address>0xa742</load_address>
         <run_address>0xa742</run_address>
         <size>0x2c4</size>
         <input_file_ref idref="fl-dc"/>
      </object_component>
      <object_component id="oc-1c7">
         <name>.debug_info</name>
         <load_address>0xaa06</load_address>
         <run_address>0xaa06</run_address>
         <size>0x2b6</size>
         <input_file_ref idref="fl-dc"/>
      </object_component>
      <object_component id="oc-1d3">
         <name>.debug_info</name>
         <load_address>0xacbc</load_address>
         <run_address>0xacbc</run_address>
         <size>0x276</size>
         <input_file_ref idref="fl-dc"/>
      </object_component>
      <object_component id="oc-1c1">
         <name>.debug_info</name>
         <load_address>0xaf32</load_address>
         <run_address>0xaf32</run_address>
         <size>0x2b3</size>
         <input_file_ref idref="fl-dc"/>
      </object_component>
      <object_component id="oc-13e">
         <name>.debug_info</name>
         <load_address>0xb1e5</load_address>
         <run_address>0xb1e5</run_address>
         <size>0x27f</size>
         <input_file_ref idref="fl-dd"/>
      </object_component>
      <object_component id="oc-1eb">
         <name>.debug_info</name>
         <load_address>0xb464</load_address>
         <run_address>0xb464</run_address>
         <size>0x14d</size>
         <input_file_ref idref="fl-dd"/>
      </object_component>
      <object_component id="oc-14f">
         <name>.debug_info</name>
         <load_address>0xb5b1</load_address>
         <run_address>0xb5b1</run_address>
         <size>0x27d</size>
         <input_file_ref idref="fl-dd"/>
      </object_component>
      <object_component id="oc-1b5">
         <name>.debug_info</name>
         <load_address>0xb82e</load_address>
         <run_address>0xb82e</run_address>
         <size>0x263</size>
         <input_file_ref idref="fl-dd"/>
      </object_component>
      <object_component id="oc-83">
         <name>.debug_info</name>
         <load_address>0xba91</load_address>
         <run_address>0xba91</run_address>
         <size>0x2db</size>
         <input_file_ref idref="fl-dd"/>
      </object_component>
      <object_component id="oc-a7">
         <name>.debug_info</name>
         <load_address>0xbd6c</load_address>
         <run_address>0xbd6c</run_address>
         <size>0x2b5</size>
         <input_file_ref idref="fl-dd"/>
      </object_component>
      <object_component id="oc-23c">
         <name>.debug_info</name>
         <load_address>0xc021</load_address>
         <run_address>0xc021</run_address>
         <size>0x5f</size>
         <input_file_ref idref="fl-dd"/>
      </object_component>
      <object_component id="oc-202">
         <name>.debug_info</name>
         <load_address>0xc080</load_address>
         <run_address>0xc080</run_address>
         <size>0x223</size>
         <input_file_ref idref="fl-de"/>
      </object_component>
      <object_component id="oc-185">
         <name>.debug_info</name>
         <load_address>0xc2a3</load_address>
         <run_address>0xc2a3</run_address>
         <size>0x2ba</size>
         <input_file_ref idref="fl-de"/>
      </object_component>
      <object_component id="oc-191">
         <name>.debug_info</name>
         <load_address>0xc55d</load_address>
         <run_address>0xc55d</run_address>
         <size>0x294</size>
         <input_file_ref idref="fl-de"/>
      </object_component>
      <object_component id="oc-c2">
         <name>.debug_info</name>
         <load_address>0xc7f1</load_address>
         <run_address>0xc7f1</run_address>
         <size>0x292</size>
         <input_file_ref idref="fl-de"/>
      </object_component>
      <object_component id="oc-197">
         <name>.debug_info</name>
         <load_address>0xca83</load_address>
         <run_address>0xca83</run_address>
         <size>0x27f</size>
         <input_file_ref idref="fl-de"/>
      </object_component>
      <object_component id="oc-17f">
         <name>.debug_info</name>
         <load_address>0xcd02</load_address>
         <run_address>0xcd02</run_address>
         <size>0x28c</size>
         <input_file_ref idref="fl-de"/>
      </object_component>
      <object_component id="oc-1db">
         <name>.debug_info</name>
         <load_address>0xcf8e</load_address>
         <run_address>0xcf8e</run_address>
         <size>0x227</size>
         <input_file_ref idref="fl-df"/>
      </object_component>
      <object_component id="oc-ce">
         <name>.debug_info</name>
         <load_address>0xd1b5</load_address>
         <run_address>0xd1b5</run_address>
         <size>0x27f</size>
         <input_file_ref idref="fl-df"/>
      </object_component>
      <object_component id="oc-1af">
         <name>.debug_info</name>
         <load_address>0xd434</load_address>
         <run_address>0xd434</run_address>
         <size>0x28f</size>
         <input_file_ref idref="fl-df"/>
      </object_component>
      <object_component id="oc-d4">
         <name>.debug_info</name>
         <load_address>0xd6c3</load_address>
         <run_address>0xd6c3</run_address>
         <size>0x28d</size>
         <input_file_ref idref="fl-df"/>
      </object_component>
      <object_component id="oc-9b">
         <name>.debug_info</name>
         <load_address>0xd950</load_address>
         <run_address>0xd950</run_address>
         <size>0x251</size>
         <input_file_ref idref="fl-df"/>
      </object_component>
      <object_component id="oc-273">
         <name>.debug_info</name>
         <load_address>0xdba1</load_address>
         <run_address>0xdba1</run_address>
         <size>0x247</size>
         <input_file_ref idref="fl-df"/>
      </object_component>
      <object_component id="oc-26d">
         <name>.debug_info</name>
         <load_address>0xdde8</load_address>
         <run_address>0xdde8</run_address>
         <size>0x249</size>
         <input_file_ref idref="fl-df"/>
      </object_component>
      <object_component id="oc-1a9">
         <name>.debug_info</name>
         <load_address>0xe031</load_address>
         <run_address>0xe031</run_address>
         <size>0x326</size>
         <input_file_ref idref="fl-df"/>
      </object_component>
      <object_component id="oc-e0">
         <name>.debug_info</name>
         <load_address>0xe357</load_address>
         <run_address>0xe357</run_address>
         <size>0x273</size>
         <input_file_ref idref="fl-df"/>
      </object_component>
      <object_component id="oc-da">
         <name>.debug_info</name>
         <load_address>0xe5ca</load_address>
         <run_address>0xe5ca</run_address>
         <size>0x263</size>
         <input_file_ref idref="fl-df"/>
      </object_component>
      <object_component id="oc-148">
         <name>.debug_info</name>
         <load_address>0xe82d</load_address>
         <run_address>0xe82d</run_address>
         <size>0x212</size>
         <input_file_ref idref="fl-e0"/>
      </object_component>
      <object_component id="oc-2de">
         <name>.debug_info</name>
         <load_address>0xea3f</load_address>
         <run_address>0xea3f</run_address>
         <size>0xc5</size>
      </object_component>
      <object_component id="oc-215">
         <name>.debug_line</name>
         <load_address>0x0</load_address>
         <run_address>0x0</run_address>
         <size>0x2e</size>
         <input_file_ref idref="fl-2"/>
      </object_component>
      <object_component id="oc-bf">
         <name>.debug_line</name>
         <load_address>0x2e</load_address>
         <run_address>0x2e</run_address>
         <size>0x84</size>
         <input_file_ref idref="fl-2"/>
      </object_component>
      <object_component id="oc-112">
         <name>.debug_line</name>
         <load_address>0xb2</load_address>
         <run_address>0xb2</run_address>
         <size>0x20</size>
         <input_file_ref idref="fl-2"/>
      </object_component>
      <object_component id="oc-103">
         <name>.debug_line</name>
         <load_address>0xd2</load_address>
         <run_address>0xd2</run_address>
         <size>0x66</size>
         <input_file_ref idref="fl-2"/>
      </object_component>
      <object_component id="oc-211">
         <name>.debug_line</name>
         <load_address>0x138</load_address>
         <run_address>0x138</run_address>
         <size>0x2d</size>
         <input_file_ref idref="fl-3"/>
      </object_component>
      <object_component id="oc-35">
         <name>.debug_line</name>
         <load_address>0x165</load_address>
         <run_address>0x165</run_address>
         <size>0xfd</size>
         <input_file_ref idref="fl-3"/>
      </object_component>
      <object_component id="oc-fe">
         <name>.debug_line</name>
         <load_address>0x262</load_address>
         <run_address>0x262</run_address>
         <size>0x20</size>
         <input_file_ref idref="fl-3"/>
      </object_component>
      <object_component id="oc-213">
         <name>.debug_line</name>
         <load_address>0x282</load_address>
         <run_address>0x282</run_address>
         <size>0x2e</size>
         <input_file_ref idref="fl-4"/>
      </object_component>
      <object_component id="oc-cb">
         <name>.debug_line</name>
         <load_address>0x2b0</load_address>
         <run_address>0x2b0</run_address>
         <size>0xa9</size>
         <input_file_ref idref="fl-4"/>
      </object_component>
      <object_component id="oc-106">
         <name>.debug_line</name>
         <load_address>0x359</load_address>
         <run_address>0x359</run_address>
         <size>0x41</size>
         <input_file_ref idref="fl-5"/>
      </object_component>
      <object_component id="oc-38">
         <name>.debug_line</name>
         <load_address>0x39a</load_address>
         <run_address>0x39a</run_address>
         <size>0x41</size>
         <input_file_ref idref="fl-5"/>
      </object_component>
      <object_component id="oc-2f">
         <name>.debug_line</name>
         <load_address>0x3db</load_address>
         <run_address>0x3db</run_address>
         <size>0xa1</size>
         <input_file_ref idref="fl-5"/>
      </object_component>
      <object_component id="oc-288">
         <name>.debug_line</name>
         <load_address>0x47c</load_address>
         <run_address>0x47c</run_address>
         <size>0xd8</size>
         <input_file_ref idref="fl-6"/>
      </object_component>
      <object_component id="oc-a4">
         <name>.debug_line</name>
         <load_address>0x554</load_address>
         <run_address>0x554</run_address>
         <size>0x16f</size>
         <input_file_ref idref="fl-6"/>
      </object_component>
      <object_component id="oc-282">
         <name>.debug_line</name>
         <load_address>0x6c3</load_address>
         <run_address>0x6c3</run_address>
         <size>0x16b</size>
         <input_file_ref idref="fl-7"/>
      </object_component>
      <object_component id="oc-98">
         <name>.debug_line</name>
         <load_address>0x82e</load_address>
         <run_address>0x82e</run_address>
         <size>0x13b</size>
         <input_file_ref idref="fl-7"/>
      </object_component>
      <object_component id="oc-242">
         <name>.debug_line</name>
         <load_address>0x969</load_address>
         <run_address>0x969</run_address>
         <size>0x3e</size>
         <input_file_ref idref="fl-9"/>
      </object_component>
      <object_component id="oc-8c">
         <name>.debug_line</name>
         <load_address>0x9a7</load_address>
         <run_address>0x9a7</run_address>
         <size>0x78</size>
         <input_file_ref idref="fl-9"/>
      </object_component>
      <object_component id="oc-28">
         <name>.debug_line</name>
         <load_address>0xa1f</load_address>
         <run_address>0xa1f</run_address>
         <size>0x53</size>
         <input_file_ref idref="fl-c4"/>
      </object_component>
      <object_component id="oc-10e">
         <name>.debug_line</name>
         <load_address>0xa72</load_address>
         <run_address>0xa72</run_address>
         <size>0xa5</size>
         <input_file_ref idref="fl-c5"/>
      </object_component>
      <object_component id="oc-16">
         <name>.debug_line</name>
         <load_address>0xb17</load_address>
         <run_address>0xb17</run_address>
         <size>0x55</size>
         <input_file_ref idref="fl-c5"/>
      </object_component>
      <object_component id="oc-43">
         <name>.debug_line</name>
         <load_address>0xb6c</load_address>
         <run_address>0xb6c</run_address>
         <size>0x3a</size>
         <input_file_ref idref="fl-c5"/>
      </object_component>
      <object_component id="oc-10b">
         <name>.debug_line</name>
         <load_address>0xba6</load_address>
         <run_address>0xba6</run_address>
         <size>0xa5</size>
         <input_file_ref idref="fl-c5"/>
      </object_component>
      <object_component id="oc-116">
         <name>.debug_line</name>
         <load_address>0xc4b</load_address>
         <run_address>0xc4b</run_address>
         <size>0xa5</size>
         <input_file_ref idref="fl-c6"/>
      </object_component>
      <object_component id="oc-49">
         <name>.debug_line</name>
         <load_address>0xcf0</load_address>
         <run_address>0xcf0</run_address>
         <size>0x98</size>
         <input_file_ref idref="fl-c6"/>
      </object_component>
      <object_component id="oc-1a">
         <name>.debug_line</name>
         <load_address>0xd88</load_address>
         <run_address>0xd88</run_address>
         <size>0x4b</size>
         <input_file_ref idref="fl-c6"/>
      </object_component>
      <object_component id="oc-51">
         <name>.debug_line</name>
         <load_address>0xdd3</load_address>
         <run_address>0xdd3</run_address>
         <size>0x39</size>
         <input_file_ref idref="fl-c6"/>
      </object_component>
      <object_component id="oc-11a">
         <name>.debug_line</name>
         <load_address>0xe0c</load_address>
         <run_address>0xe0c</run_address>
         <size>0xa5</size>
         <input_file_ref idref="fl-c6"/>
      </object_component>
      <object_component id="oc-239">
         <name>.debug_line</name>
         <load_address>0xeb1</load_address>
         <run_address>0xeb1</run_address>
         <size>0x128</size>
         <input_file_ref idref="fl-c8"/>
      </object_component>
      <object_component id="oc-22d">
         <name>.debug_line</name>
         <load_address>0xfd9</load_address>
         <run_address>0xfd9</run_address>
         <size>0x2a</size>
         <input_file_ref idref="fl-c8"/>
      </object_component>
      <object_component id="oc-7b">
         <name>.debug_line</name>
         <load_address>0x1003</load_address>
         <run_address>0x1003</run_address>
         <size>0x86</size>
         <input_file_ref idref="fl-c8"/>
      </object_component>
      <object_component id="oc-207">
         <name>.debug_line</name>
         <load_address>0x1089</load_address>
         <run_address>0x1089</run_address>
         <size>0xd2</size>
         <input_file_ref idref="fl-c9"/>
      </object_component>
      <object_component id="oc-1ff">
         <name>.debug_line</name>
         <load_address>0x115b</load_address>
         <run_address>0x115b</run_address>
         <size>0x77</size>
         <input_file_ref idref="fl-ca"/>
      </object_component>
      <object_component id="oc-b5">
         <name>.debug_line</name>
         <load_address>0x11d2</load_address>
         <run_address>0x11d2</run_address>
         <size>0xa8</size>
         <input_file_ref idref="fl-cb"/>
      </object_component>
      <object_component id="oc-1fa">
         <name>.debug_line</name>
         <load_address>0x127a</load_address>
         <run_address>0x127a</run_address>
         <size>0x8e</size>
         <input_file_ref idref="fl-cc"/>
      </object_component>
      <object_component id="oc-ba">
         <name>.debug_line</name>
         <load_address>0x1308</load_address>
         <run_address>0x1308</run_address>
         <size>0x5a</size>
         <input_file_ref idref="fl-cd"/>
      </object_component>
      <object_component id="oc-1f5">
         <name>.debug_line</name>
         <load_address>0x1362</load_address>
         <run_address>0x1362</run_address>
         <size>0x57</size>
         <input_file_ref idref="fl-ce"/>
      </object_component>
      <object_component id="oc-b0">
         <name>.debug_line</name>
         <load_address>0x13b9</load_address>
         <run_address>0x13b9</run_address>
         <size>0x50</size>
         <input_file_ref idref="fl-cf"/>
      </object_component>
      <object_component id="oc-3e">
         <name>.debug_line</name>
         <load_address>0x1409</load_address>
         <run_address>0x1409</run_address>
         <size>0x88</size>
         <input_file_ref idref="fl-d0"/>
      </object_component>
      <object_component id="oc-57">
         <name>.debug_line</name>
         <load_address>0x1491</load_address>
         <run_address>0x1491</run_address>
         <size>0x79</size>
         <input_file_ref idref="fl-d1"/>
      </object_component>
      <object_component id="oc-63">
         <name>.debug_line</name>
         <load_address>0x150a</load_address>
         <run_address>0x150a</run_address>
         <size>0x3d</size>
         <input_file_ref idref="fl-d2"/>
      </object_component>
      <object_component id="oc-69">
         <name>.debug_line</name>
         <load_address>0x1547</load_address>
         <run_address>0x1547</run_address>
         <size>0x40</size>
         <input_file_ref idref="fl-d3"/>
      </object_component>
      <object_component id="oc-13b">
         <name>.debug_line</name>
         <load_address>0x1587</load_address>
         <run_address>0x1587</run_address>
         <size>0x33</size>
         <input_file_ref idref="fl-d4"/>
      </object_component>
      <object_component id="oc-29c">
         <name>.debug_line</name>
         <load_address>0x15ba</load_address>
         <run_address>0x15ba</run_address>
         <size>0x20</size>
         <input_file_ref idref="fl-d5"/>
      </object_component>
      <object_component id="oc-235">
         <name>.debug_line</name>
         <load_address>0x15da</load_address>
         <run_address>0x15da</run_address>
         <size>0x2b</size>
         <input_file_ref idref="fl-d5"/>
      </object_component>
      <object_component id="oc-22f">
         <name>.debug_line</name>
         <load_address>0x1605</load_address>
         <run_address>0x1605</run_address>
         <size>0x68</size>
         <input_file_ref idref="fl-d5"/>
      </object_component>
      <object_component id="oc-226">
         <name>.debug_line</name>
         <load_address>0x166d</load_address>
         <run_address>0x166d</run_address>
         <size>0x2b</size>
         <input_file_ref idref="fl-d6"/>
      </object_component>
      <object_component id="oc-75">
         <name>.debug_line</name>
         <load_address>0x1698</load_address>
         <run_address>0x1698</run_address>
         <size>0x50</size>
         <input_file_ref idref="fl-d6"/>
      </object_component>
      <object_component id="oc-22a">
         <name>.debug_line</name>
         <load_address>0x16e8</load_address>
         <run_address>0x16e8</run_address>
         <size>0x2b</size>
         <input_file_ref idref="fl-d6"/>
      </object_component>
      <object_component id="oc-21a">
         <name>.debug_line</name>
         <load_address>0x1713</load_address>
         <run_address>0x1713</run_address>
         <size>0xc4</size>
         <input_file_ref idref="fl-d7"/>
      </object_component>
      <object_component id="oc-6f">
         <name>.debug_line</name>
         <load_address>0x17d7</load_address>
         <run_address>0x17d7</run_address>
         <size>0x8b</size>
         <input_file_ref idref="fl-d7"/>
      </object_component>
      <object_component id="oc-21e">
         <name>.debug_line</name>
         <load_address>0x1862</load_address>
         <run_address>0x1862</run_address>
         <size>0x2e</size>
         <input_file_ref idref="fl-d7"/>
      </object_component>
      <object_component id="oc-223">
         <name>.debug_line</name>
         <load_address>0x1890</load_address>
         <run_address>0x1890</run_address>
         <size>0xa6</size>
         <input_file_ref idref="fl-d7"/>
      </object_component>
      <object_component id="oc-294">
         <name>.debug_line</name>
         <load_address>0x1936</load_address>
         <run_address>0x1936</run_address>
         <size>0xb3</size>
         <input_file_ref idref="fl-d8"/>
      </object_component>
      <object_component id="oc-125">
         <name>.debug_line</name>
         <load_address>0x19e9</load_address>
         <run_address>0x19e9</run_address>
         <size>0x68</size>
         <input_file_ref idref="fl-d8"/>
      </object_component>
      <object_component id="oc-298">
         <name>.debug_line</name>
         <load_address>0x1a51</load_address>
         <run_address>0x1a51</run_address>
         <size>0x2e</size>
         <input_file_ref idref="fl-d8"/>
      </object_component>
      <object_component id="oc-12c">
         <name>.debug_line</name>
         <load_address>0x1a7f</load_address>
         <run_address>0x1a7f</run_address>
         <size>0x3c</size>
         <input_file_ref idref="fl-d9"/>
      </object_component>
      <object_component id="oc-292">
         <name>.debug_line</name>
         <load_address>0x1abb</load_address>
         <run_address>0x1abb</run_address>
         <size>0x82</size>
         <input_file_ref idref="fl-da"/>
      </object_component>
      <object_component id="oc-2b4">
         <name>.debug_line</name>
         <load_address>0x1b3d</load_address>
         <run_address>0x1b3d</run_address>
         <size>0x7d</size>
         <input_file_ref idref="fl-da"/>
      </object_component>
      <object_component id="oc-2b6">
         <name>.debug_line</name>
         <load_address>0x1bba</load_address>
         <run_address>0x1bba</run_address>
         <size>0x7d</size>
         <input_file_ref idref="fl-da"/>
      </object_component>
      <object_component id="oc-2ae">
         <name>.debug_line</name>
         <load_address>0x1c37</load_address>
         <run_address>0x1c37</run_address>
         <size>0x7d</size>
         <input_file_ref idref="fl-da"/>
      </object_component>
      <object_component id="oc-1e0">
         <name>.debug_line</name>
         <load_address>0x1cb4</load_address>
         <run_address>0x1cb4</run_address>
         <size>0x92</size>
         <input_file_ref idref="fl-da"/>
      </object_component>
      <object_component id="oc-249">
         <name>.debug_line</name>
         <load_address>0x1d46</load_address>
         <run_address>0x1d46</run_address>
         <size>0x95</size>
         <input_file_ref idref="fl-da"/>
      </object_component>
      <object_component id="oc-164">
         <name>.debug_line</name>
         <load_address>0x1ddb</load_address>
         <run_address>0x1ddb</run_address>
         <size>0xd1</size>
         <input_file_ref idref="fl-da"/>
      </object_component>
      <object_component id="oc-1a6">
         <name>.debug_line</name>
         <load_address>0x1eac</load_address>
         <run_address>0x1eac</run_address>
         <size>0x93</size>
         <input_file_ref idref="fl-da"/>
      </object_component>
      <object_component id="oc-1be">
         <name>.debug_line</name>
         <load_address>0x1f3f</load_address>
         <run_address>0x1f3f</run_address>
         <size>0x93</size>
         <input_file_ref idref="fl-da"/>
      </object_component>
      <object_component id="oc-158">
         <name>.debug_line</name>
         <load_address>0x1fd2</load_address>
         <run_address>0x1fd2</run_address>
         <size>0x99</size>
         <input_file_ref idref="fl-da"/>
      </object_component>
      <object_component id="oc-15e">
         <name>.debug_line</name>
         <load_address>0x206b</load_address>
         <run_address>0x206b</run_address>
         <size>0x93</size>
         <input_file_ref idref="fl-da"/>
      </object_component>
      <object_component id="oc-ef">
         <name>.debug_line</name>
         <load_address>0x20fe</load_address>
         <run_address>0x20fe</run_address>
         <size>0x92</size>
         <input_file_ref idref="fl-da"/>
      </object_component>
      <object_component id="oc-1a0">
         <name>.debug_line</name>
         <load_address>0x2190</load_address>
         <run_address>0x2190</run_address>
         <size>0xa7</size>
         <input_file_ref idref="fl-da"/>
      </object_component>
      <object_component id="oc-253">
         <name>.debug_line</name>
         <load_address>0x2237</load_address>
         <run_address>0x2237</run_address>
         <size>0xa9</size>
         <input_file_ref idref="fl-da"/>
      </object_component>
      <object_component id="oc-176">
         <name>.debug_line</name>
         <load_address>0x22e0</load_address>
         <run_address>0x22e0</run_address>
         <size>0x99</size>
         <input_file_ref idref="fl-da"/>
      </object_component>
      <object_component id="oc-170">
         <name>.debug_line</name>
         <load_address>0x2379</load_address>
         <run_address>0x2379</run_address>
         <size>0x99</size>
         <input_file_ref idref="fl-da"/>
      </object_component>
      <object_component id="oc-17c">
[...]
      </symbol>
      <symbol id="sm-8c">
         <name>load</name>
         <value>0x20000498</value>
         <object_component_ref idref="oc-f1"/>
      </symbol>
      <symbol id="sm-8d">
         <name>plane_angle</name>
         <value>0x2000049c</value>
         <object_component_ref idref="oc-f1"/>
      </symbol>
      <symbol id="sm-8e">
         <name>ISR_ANGLE</name>
         <value>0xa7f</value>
         <object_component_ref idref="oc-31"/>
      </symbol>
      <symbol id="sm-8f">
         <name>ISR_THROW</name>
         <value>0xaa7</value>
         <object_component_ref idref="oc-31"/>
      </symbol>
      <symbol id="sm-90">
         <name>UARTIntHandler</name>
         <value>0x9e3</value>
         <object_component_ref idref="oc-31"/>
      </symbol>
      <symbol id="sm-91">
         <name>main</name>
         <value>0x901</value>
         <object_component_ref idref="oc-31"/>
      </symbol>
      <symbol id="sm-92">
         <name>minPWM_angle</name>
         <value>0x20000490</value>
         <object_component_ref idref="oc-f1"/>
      </symbol>
      <symbol id="sm-93">
         <name>shoot</name>
         <value>0x20000494</value>
         <object_component_ref idref="oc-f1"/>
      </symbol>
      <symbol id="sm-94">
         <name>Timer0IntHandler</name>
         <value>0x9cf</value>
         <object_component_ref idref="oc-31"/>
      </symbol>
      <symbol id="sm-95">
         <name>maxPWM</name>
         <value>0x20000488</value>
         <object_component_ref idref="oc-f1"/>
      </symbol>
      <symbol id="sm-96">
         <name>minPWM_throw</name>
         <value>0x2000048c</value>
         <object_component_ref idref="oc-f1"/>
      </symbol>
      <symbol id="sm-c2">
         <name>FIRST_STAGE</name>
         <value>0x2000047c</value>
         <object_component_ref idref="oc-f4"/>
      </symbol>
      <symbol id="sm-c3">
         <name>shootDisc</name>
         <value>0xcf5</value>
         <object_component_ref idref="oc-c7"/>
      </symbol>
      <symbol id="sm-c4">
         <name>steady_state_counter</name>
         <value>0x20000480</value>
         <object_component_ref idref="oc-f4"/>
      </symbol>
      <symbol id="sm-c5">
         <name>steady</name>
         <value>0x20000484</value>
         <object_component_ref idref="oc-f4"/>
      </symbol>
      <symbol id="sm-c6">
         <name>des_throw_counter</name>
         <value>0x20000478</value>
         <object_component_ref idref="oc-f4"/>
      </symbol>
      <symbol id="sm-c7">
         <name>throw_counter</name>
         <value>0x20000474</value>
         <object_component_ref idref="oc-f4"/>
      </symbol>
      <symbol id="sm-c8">
         <name>cmd_throw</name>
         <value>0xdfd</value>
         <object_component_ref idref="oc-c7"/>
      </symbol>
      <symbol id="sm-c9">
         <name>triggered</name>
         <value>0x20000470</value>
         <object_component_ref idref="oc-f4"/>
      </symbol>
      <symbol id="sm-ca">
         <name>shootComplete</name>
         <value>0x2000046c</value>
         <object_component_ref idref="oc-f4"/>
      </symbol>
      <symbol id="sm-e6">
         <name>ResetISR</name>
         <value>0x1e17</value>
         <object_component_ref idref="oc-2b"/>
      </symbol>
      <symbol id="sm-e7">
         <name>g_pfnVectors</name>
         <value>0x0</value>
         <object_component_ref idref="oc-f"/>
      </symbol>
      <symbol id="sm-13e">
         <name>setPWM</name>
         <value>0x26d</value>
         <object_component_ref idref="oc-a0"/>
      </symbol>
      <symbol id="sm-13f">
         <name>UART_OutUDec</name>
         <value>0x44d</value>
         <object_component_ref idref="oc-a0"/>
      </symbol>
      <symbol id="sm-140">
         <name>absolute</name>
         <value>0x377</value>
         <object_component_ref idref="oc-a0"/>
      </symbol>
      <symbol id="sm-141">
         <name>UART_TransmitString</name>
         <value>0x3a7</value>
         <object_component_ref idref="oc-a0"/>
      </symbol>
      <symbol id="sm-142">
         <name>UART_OutDec</name>
         <value>0x525</value>
         <object_component_ref idref="oc-a0"/>
      </symbol>
      <symbol id="sm-175">
         <name>timerInit</name>
         <value>0x705</value>
         <object_component_ref idref="oc-94"/>
      </symbol>
      <symbol id="sm-176">
         <name>uart5Init</name>
         <value>0x7b1</value>
         <object_component_ref idref="oc-94"/>
      </symbol>
      <symbol id="sm-177">
         <name>encoderInit</name>
         <value>0x62f</value>
         <object_component_ref idref="oc-94"/>
      </symbol>
      <symbol id="sm-178">
         <name>uart1Init</name>
         <value>0x779</value>
         <object_component_ref idref="oc-94"/>
      </symbol>
      <symbol id="sm-179">
         <name>uart0Init</name>
         <value>0x73f</value>
         <object_component_ref idref="oc-94"/>
      </symbol>
      <symbol id="sm-17a">
         <name>motorDirInit</name>
         <value>0x5e9</value>
         <object_component_ref idref="oc-94"/>
      </symbol>
      <symbol id="sm-17b">
         <name>pwmInit</name>
         <value>0x7fb</value>
         <object_component_ref idref="oc-94"/>
      </symbol>
      <symbol id="sm-193">
         <name>errorIntegral</name>
         <value>0x200004d8</value>
      </symbol>
      <symbol id="sm-194">
         <name>prevError</name>
         <value>0x200004e0</value>
      </symbol>
      <symbol id="sm-195">
         <name>Kp</name>
         <value>0x200004d0</value>
      </symbol>
      <symbol id="sm-196">
         <name>Ki</name>
         <value>0x200004c8</value>
      </symbol>
      <symbol id="sm-197">
         <name>Kd</name>
         <value>0x200004c0</value>
      </symbol>
      <symbol id="sm-198">
         <name>PID</name>
         <value>0x1459</value>
         <object_component_ref idref="oc-88"/>
      </symbol>
      <symbol id="sm-199">
         <name>initPIDController</name>
         <value>0x1411</value>
         <object_component_ref idref="oc-88"/>
      </symbol>
      <symbol id="sm-1aa">
         <name>_c_int00</name>
         <value>0x1955</value>
         <object_component_ref idref="oc-24"/>
      </symbol>
      <symbol id="sm-1ab">
         <name>__stack</name>
         <value>0x2000026c</value>
         <object_component_ref idref="oc-2a"/>
      </symbol>
      <symbol id="sm-1c2">
         <name>__TI_decompress_none</name>
         <value>0x1de5</value>
         <object_component_ref idref="oc-12"/>
      </symbol>
      <symbol id="sm-1ea">
         <name>__TI_decompress_rle24</name>
         <value>0x1e69</value>
         <object_component_ref idref="oc-18"/>
      </symbol>
      <symbol id="sm-20c">
         <name>C$$EXIT</name>
         <value>0x19a9</value>
         <object_component_ref idref="oc-77"/>
      </symbol>
      <symbol id="sm-20d">
         <name>abort</name>
         <value>0x19ad</value>
         <object_component_ref idref="oc-77"/>
      </symbol>
      <symbol id="sm-20e">
         <name>exit</name>
         <value>0x19b5</value>
         <object_component_ref idref="oc-77"/>
      </symbol>
      <symbol id="sm-20f">
         <name>__TI_dtors_ptr</name>
         <value>0x200004a4</value>
         <object_component_ref idref="oc-131"/>
      </symbol>
      <symbol id="sm-210">
         <name>__TI_cleanup_ptr</name>
         <value>0x200004a0</value>
         <object_component_ref idref="oc-131"/>
      </symbol>
      <symbol id="sm-211">
         <name>__TI_enable_exit_profile_output</name>
         <value>0x200004a8</value>
         <object_component_ref idref="oc-131"/>
      </symbol>
      <symbol id="sm-228">
         <name>__aeabi_dsub</name>
         <value>0xb3d</value>
         <object_component_ref idref="oc-203"/>
      </symbol>
      <symbol id="sm-229">
         <name>__aeabi_dadd</name>
         <value>0xb47</value>
         <object_component_ref idref="oc-203"/>
      </symbol>
      <symbol id="sm-23b">
         <name>__aeabi_cdcmpeq</name>
         <value>0x1659</value>
         <object_component_ref idref="oc-1fb"/>
      </symbol>
      <symbol id="sm-23c">
         <name>__aeabi_cdcmple</name>
         <value>0x1659</value>
         <object_component_ref idref="oc-1fb"/>
      </symbol>
      <symbol id="sm-250">
         <name>__aeabi_ddiv</name>
         <value>0xea9</value>
         <object_component_ref idref="oc-b1"/>
      </symbol>
      <symbol id="sm-25b">
         <name>__aeabi_dmul</name>
         <value>0x1221</value>
         <object_component_ref idref="oc-1f6"/>
      </symbol>
      <symbol id="sm-265">
         <name>__aeabi_d2iz</name>
         <value>0x1a91</value>
         <object_component_ref idref="oc-b6"/>
      </symbol>
      <symbol id="sm-270">
         <name>__aeabi_f2d</name>
         <value>0x1b61</value>
         <object_component_ref idref="oc-1f1"/>
      </symbol>
      <symbol id="sm-27a">
         <name>__aeabi_i2d</name>
         <value>0x1c01</value>
         <object_component_ref idref="oc-ac"/>
      </symbol>
      <symbol id="sm-295">
         <name>memcpy</name>
         <value>0x15bd</value>
         <object_component_ref idref="oc-3a"/>
      </symbol>
      <symbol id="sm-296">
         <name>__aeabi_memcpy</name>
         <value>0x15bd</value>
         <object_component_ref idref="oc-3a"/>
      </symbol>
      <symbol id="sm-297">
         <name>__aeabi_memcpy8</name>
         <value>0x15bd</value>
         <object_component_ref idref="oc-3a"/>
      </symbol>
      <symbol id="sm-298">
         <name>__aeabi_memcpy4</name>
         <value>0x15bd</value>
         <object_component_ref idref="oc-3a"/>
      </symbol>
      <symbol id="sm-2a7">
         <name>__aeabi_memset</name>
         <value>0x16e1</value>
         <object_component_ref idref="oc-53"/>
      </symbol>
      <symbol id="sm-2a8">
         <name>memset</name>
         <value>0x16e7</value>
         <object_component_ref idref="oc-53"/>
      </symbol>
      <symbol id="sm-2a9">
         <name>__aeabi_memset8</name>
         <value>0x16e1</value>
         <object_component_ref idref="oc-53"/>
      </symbol>
      <symbol id="sm-2aa">
         <name>__aeabi_memset4</name>
         <value>0x16e1</value>
         <object_component_ref idref="oc-53"/>
      </symbol>
      <symbol id="sm-2ab">
         <name>__aeabi_memclr8</name>
         <value>0x16df</value>
         <object_component_ref idref="oc-53"/>
      </symbol>
      <symbol id="sm-2ac">
         <name>__aeabi_memclr4</name>
         <value>0x16df</value>
         <object_component_ref idref="oc-53"/>
      </symbol>
      <symbol id="sm-2ad">
         <name>__aeabi_memclr</name>
         <value>0x16df</value>
         <object_component_ref idref="oc-53"/>
      </symbol>
      <symbol id="sm-2b7">
         <name>__mpu_init</name>
         <value>0xcf3</value>
         <object_component_ref idref="oc-5f"/>
      </symbol>
      <symbol id="sm-2c1">
         <name>_system_pre_init</name>
         <value>0x1e77</value>
         <object_component_ref idref="oc-65"/>
      </symbol>
      <symbol id="sm-2c9">
         <name>main_func_sp</name>
         <value>0x200004bc</value>
         <object_component_ref idref="oc-7d"/>
      </symbol>
      <symbol id="sm-2e2">
         <name>_nop</name>
         <value>0x1d3b</value>
         <object_component_ref idref="oc-22e"/>
      </symbol>
      <symbol id="sm-2e3">
         <name>_lock</name>
         <value>0x200004ac</value>
         <object_component_ref idref="oc-134"/>
      </symbol>
      <symbol id="sm-2e4">
         <name>_unlock</name>
         <value>0x200004b0</value>
         <object_component_ref idref="oc-134"/>
      </symbol>
      <symbol id="sm-2e5">
         <name>_register_lock</name>
         <value>0x1d33</value>
         <object_component_ref idref="oc-22e"/>
      </symbol>
      <symbol id="sm-2e6">
         <name>_register_unlock</name>
         <value>0x1d2d</value>
         <object_component_ref idref="oc-22e"/>
      </symbol>
      <symbol id="sm-2fa">
         <name>_args_main</name>
         <value>0x1ced</value>
         <object_component_ref idref="oc-71"/>
      </symbol>
      <symbol id="sm-31f">
         <name>__TI_auto_init</name>
         <value>0x1759</value>
         <object_component_ref idref="oc-6b"/>
      </symbol>
      <symbol id="sm-339">
         <name>copy_in</name>
         <value>0x19fd</value>
         <object_component_ref idref="oc-121"/>
      </symbol>
      <symbol id="sm-343">
         <name>_system_post_cinit</name>
         <value>0x1833</value>
         <object_component_ref idref="oc-127"/>
      </symbol>
      <symbol id="sm-3e4">
         <name>GPIOPinTypePWM</name>
         <value>0x1d53</value>
         <object_component_ref idref="oc-1ba"/>
      </symbol>
      <symbol id="sm-3e5">
         <name>GPIOIntRegister</name>
         <value>0x1cbb</value>
         <object_component_ref idref="oc-16c"/>
      </symbol>
      <symbol id="sm-3e6">
         <name>GPIOPinConfigure</name>
         <value>0x1a49</value>
         <object_component_ref idref="oc-19c"/>
      </symbol>
      <symbol id="sm-3e7">
         <name>GPIOIntDisable</name>
         <value>0x1dbb</value>
         <object_component_ref idref="oc-166"/>
      </symbol>
      <symbol id="sm-3e8">
         <name>GPIOIntEnable</name>
         <value>0x1dff</value>
         <object_component_ref idref="oc-178"/>
      </symbol>
      <symbol id="sm-3e9">
         <name>GPIOIntTypeSet</name>
         <value>0x18fd</value>
         <object_component_ref idref="oc-172"/>
      </symbol>
      <symbol id="sm-3ea">
         <name>GPIOPinTypeGPIOInput</name>
         <value>0x1d41</value>
         <object_component_ref idref="oc-15a"/>
      </symbol>
      <symbol id="sm-3eb">
         <name>GPIOIntClear</name>
         <value>0x1e51</value>
         <object_component_ref idref="oc-e5"/>
      </symbol>
      <symbol id="sm-3ec">
         <name>GPIOPinTypeUART</name>
         <value>0x1d65</value>
         <object_component_ref idref="oc-1a2"/>
      </symbol>
      <symbol id="sm-3ed">
         <name>GPIOPinTypeGPIOOutput</name>
         <value>0x1cd3</value>
         <object_component_ref idref="oc-154"/>
      </symbol>
      <symbol id="sm-3ee">
         <name>GPIOPinRead</name>
         <value>0x1e57</value>
         <object_component_ref idref="oc-eb"/>
      </symbol>
      <symbol id="sm-3ef">
         <name>GPIODirModeSet</name>
         <value>0x1c2f</value>
         <object_component_ref idref="oc-245"/>
      </symbol>
      <symbol id="sm-3f0">
         <name>GPIOPinWrite</name>
         <value>0x1e5d</value>
         <object_component_ref idref="oc-1dc"/>
      </symbol>
      <symbol id="sm-3f1">
         <name>GPIOPadConfigSet</name>
         <value>0xfdf</value>
         <object_component_ref idref="oc-160"/>
      </symbol>
      <symbol id="sm-433">
         <name>IntEnable</name>
         <value>0x1835</value>
         <object_component_ref idref="oc-18a"/>
      </symbol>
      <symbol id="sm-434">
         <name>IntRegister</name>
         <value>0x1b99</value>
         <object_component_ref idref="oc-255"/>
      </symbol>
      <symbol id="sm-435">
         <name>g_pfnRAMVectors</name>
         <value>0x20000000</value>
         <object_component_ref idref="oc-2a5"/>
      </symbol>
      <symbol id="sm-436">
         <name>IntMasterEnable</name>
         <value>0x1d9b</value>
         <object_component_ref idref="oc-8e"/>
      </symbol>
      <symbol id="sm-463">
         <name>PWMGenPeriodSet</name>
         <value>0x1dab</value>
         <object_component_ref idref="oc-1c6"/>
      </symbol>
      <symbol id="sm-464">
         <name>PWMPulseWidthSet</name>
         <value>0x1c9d</value>
         <object_component_ref idref="oc-1e2"/>
      </symbol>
      <symbol id="sm-465">
         <name>PWMOutputState</name>
         <value>0x1d77</value>
         <object_component_ref idref="oc-1cc"/>
      </symbol>
      <symbol id="sm-466">
         <name>PWMGenEnable</name>
         <value>0x1e0b</value>
         <object_component_ref idref="oc-1d2"/>
      </symbol>
      <symbol id="sm-467">
         <name>PWMGenConfigure</name>
         <value>0x1c59</value>
         <object_component_ref idref="oc-1c0"/>
      </symbol>
      <symbol id="sm-4c3">
         <name>SysCtlClockSet</name>
         <value>0x131d</value>
         <object_component_ref idref="oc-82"/>
      </symbol>
      <symbol id="sm-4c4">
         <name>SysCtlDelay</name>
         <value>0x1e63</value>
         <object_component_ref idref="oc-13c"/>
      </symbol>
      <symbol id="sm-4c5">
         <name>SysCtlPeripheralEnable</name>
         <value>0x1bcd</value>
         <object_component_ref idref="oc-14e"/>
      </symbol>
      <symbol id="sm-4c6">
         <name>SysCtlClockGet</name>
         <value>0x1111</value>
         <object_component_ref idref="oc-a6"/>
      </symbol>
      <symbol id="sm-4c7">
         <name>SysCtlPWMClockSet</name>
         <value>0x1d05</value>
         <object_component_ref idref="oc-1b4"/>
      </symbol>
      <symbol id="sm-4fb">
         <name>TimerLoadSet</name>
         <value>0x1d89</value>
         <object_component_ref idref="oc-184"/>
      </symbol>
      <symbol id="sm-4fc">
         <name>TimerEnable</name>
         <value>0x1dc9</value>
         <object_component_ref idref="oc-196"/>
      </symbol>
      <symbol id="sm-4fd">
         <name>TimerIntEnable</name>
         <value>0x1e41</value>
         <object_component_ref idref="oc-190"/>
      </symbol>
      <symbol id="sm-4fe">
         <name>TimerConfigure</name>
         <value>0x189d</value>
         <object_component_ref idref="oc-17e"/>
      </symbol>
      <symbol id="sm-4ff">
         <name>TimerIntClear</name>
         <value>0x1e6f</value>
         <object_component_ref idref="oc-c1"/>
      </symbol>
      <symbol id="sm-551">
         <name>UARTFIFODisable</name>
         <value>0x1e2d</value>
         <object_component_ref idref="oc-9a"/>
      </symbol>
      <symbol id="sm-552">
         <name>UARTConfigSetExpClk</name>
         <value>0x1ad9</value>
         <object_component_ref idref="oc-1a8"/>
      </symbol>
      <symbol id="sm-553">
         <name>UARTDisable</name>
         <value>0x1c7d</value>
         <object_component_ref idref="oc-26c"/>
      </symbol>
      <symbol id="sm-554">
         <name>UARTIntEnable</name>
         <value>0x1e49</value>
         <object_component_ref idref="oc-1ae"/>
      </symbol>
      <symbol id="sm-555">
         <name>UARTCharGetNonBlocking</name>
         <value>0x1dd7</value>
         <object_component_ref idref="oc-d9"/>
      </symbol>
      <symbol id="sm-556">
         <name>UARTCharPut</name>
         <value>0x1e23</value>
         <object_component_ref idref="oc-df"/>
      </symbol>
      <symbol id="sm-557">
         <name>UARTEnable</name>
         <value>0x1d19</value>
         <object_component_ref idref="oc-272"/>
      </symbol>
      <symbol id="sm-558">
         <name>UARTIntClear</name>
         <value>0x1e73</value>
         <object_component_ref idref="oc-d3"/>
      </symbol>
      <symbol id="sm-559">
         <name>UARTIntStatus</name>
         <value>0x1e37</value>
         <object_component_ref idref="oc-cd"/>
      </symbol>
      <symbol id="sm-563">
         <name>CPUcpsie</name>
         <value>0x1df3</value>
         <object_component_ref idref="oc-147"/>
      </symbol>
      <symbol id="sm-564">
         <name>__TI_static_base__</name>
         <value>0x0</value>
      </symbol>
      <symbol id="sm-567">
         <name>SHT$$INIT_ARRAY$$Limit</name>
         <value>0x0</value>
      </symbol>
      <symbol id="sm-568">
         <name>SHT$$INIT_ARRAY$$Base</name>
         <value>0x0</value>
      </symbol>
   </symbol_table>
   <title>Link successful</title>
</link_info>
