******************************************************************************
                  TI ARM Linker PC v15.12.1                    
******************************************************************************
>> Linked Wed Dec 21 16:25:09 2016

OUTPUT FILE NAME:   <mechanism_control_payal.out>
ENTRY POINT SYMBOL: "_c_int00"  address: 0000199d


MEMORY CONFIGURATION

         name            origin    length      used     unused   attr    fill
----------------------  --------  ---------  --------  --------  ----  --------
  FLASH                 00000000   00040000  00002212  0003ddee  R  X
  SRAM                  20000000   00008000  000004e8  00007b18  RW X


SEGMENT ALLOCATION MAP

run origin  load origin   length   init length attrs members
----------  ----------- ---------- ----------- ----- -------
00000000    00000000    00002214   00002214    r-x
  00000000    00000000    0000026c   0000026c    r-- .intvecs
  0000026c    0000026c    00001c56   00001c56    r-x .text
  00001ec4    00001ec4    000002ec   000002ec    r-- .const
  000021b0    000021b0    00000064   00000064    r-- .cinit
20000000    20000000    000004e8   00000000    rw-
  20000000    20000000    0000026c   00000000    rw- .vtable
  2000026c    2000026c    00000200   00000000    rw- .stack
  2000046c    2000046c    00000054   00000000    rw- .data
  200004c0    200004c0    00000028   00000000    rw- .bss


SECTION ALLOCATION MAP

 output                                  attributes/
section   page    origin      length       input sections
--------  ----  ----------  ----------   ----------------
.intvecs   0    00000000    0000026c     
                  00000000    0000026c     tm4c123gh6pm_startup_ccs.obj (.intvecs)

.text      0    0000026c    00001c56     
                  0000026c    0000037c     common.obj (.text)
                  000005e8    00000314     init.obj (.text)
                  000008fc    00000280     main.obj (.text)
                  00000b7c    000001b6     rtsv7M4_T_le_v4SPD16_eabi.lib : fd_add_t2.obj (.text)
                  00000d32    00000002                                   : mpu_init.obj (.text)
                  00000d34    000001b4     shoot.obj (.text)
                  00000ee8    00000136     rtsv7M4_T_le_v4SPD16_eabi.lib : fd_div_t2.obj (.text)
                  0000101e    00000132     driverlib.lib : gpio.obj (.text:GPIOPadConfigSet)
                  00001150    00000110                   : sysctl.obj (.text:SysCtlClockGet)
                  00001260    000000fc     rtsv7M4_T_le_v4SPD16_eabi.lib : fd_mul_t2.obj (.text)
                  0000135c    000000f4     driverlib.lib : sysctl.obj (.text:SysCtlClockSet)
                  00001450    000000f0     pidController.obj (.text)
                  00001540    000000c4     angle.obj (.text)
                  00001604    0000009c     rtsv7M4_T_le_v4SPD16_eabi.lib : memcpy_t2.obj (.text)
                  000016a0    00000086                                   : fd_cmp_t2.obj (.text:__aeabi_cdcmple)
                  00001726    0000007a                                   : memset_t2.obj (.text)
                  000017a0    00000070                                   : autoinit.obj (.text)
                  00001810    0000006a                                   : copy_decompress_rle.obj (.text)
                  0000187a    00000002                                   : startup.obj (.text)
                  0000187c    00000068     driverlib.lib : interrupt.obj (.text:IntEnable)
                  000018e4    00000060                   : timer.obj (.text:TimerConfigure)
                  00001944    00000056                   : gpio.obj (.text:GPIOIntTypeSet)
                  0000199a    00000002     --HOLE-- [fill = 0]
                  0000199c    00000054     rtsv7M4_T_le_v4SPD16_eabi.lib : boot.obj (.text)
                  000019f0    00000054                                   : exit.obj (.text)
                  00001a44    0000004c                                   : cpy_tbl.obj (.text)
                  00001a90    00000048     driverlib.lib : gpio.obj (.text:GPIOPinConfigure)
                  00001ad8    00000048     rtsv7M4_T_le_v4SPD16_eabi.lib : fd_toi_t2.obj (.text)
                  00001b20    00000046     driverlib.lib : uart.obj (.text:UARTConfigSetExpClk)
                  00001b66    00000002     --HOLE-- [fill = 0]
                  00001b68    00000040                   : gpio.obj (.text:_GPIOIntNumberGet)
                  00001ba8    00000038     rtsv7M4_T_le_v4SPD16_eabi.lib : fs_tod_t2.obj (.text)
                  00001be0    00000034     driverlib.lib : interrupt.obj (.text:IntRegister)
                  00001c14    00000034                   : sysctl.obj (.text:SysCtlPeripheralEnable)
                  00001c48    0000002e     rtsv7M4_T_le_v4SPD16_eabi.lib : i_tofd_t2.obj (.text)
                  00001c76    0000002a     driverlib.lib : gpio.obj (.text:GPIODirModeSet)
                  00001ca0    00000022                   : pwm.obj (.text:PWMGenConfigure)
                  00001cc2    00000002     --HOLE-- [fill = 0]
                  00001cc4    00000020                   : uart.obj (.text:UARTDisable)
                  00001ce4    0000001e                   : pwm.obj (.text:PWMPulseWidthSet)
                  00001d02    00000018                   : gpio.obj (.text:GPIOIntRegister)
                  00001d1a    00000018                   : gpio.obj (.text:GPIOPinTypeGPIOOutput)
                  00001d32    00000002     --HOLE-- [fill = 0]
                  00001d34    00000018     rtsv7M4_T_le_v4SPD16_eabi.lib : args_main.obj (.text)
                  00001d4c    00000014     driverlib.lib : sysctl.obj (.text:SysCtlPWMClockSet)
                  00001d60    00000014                   : uart.obj (.text:UARTEnable)
                  00001d74    00000014     rtsv7M4_T_le_v4SPD16_eabi.lib : _lock.obj (.text)
                  00001d88    00000012     driverlib.lib : gpio.obj (.text:GPIOPinTypeGPIOInput)
                  00001d9a    00000012                   : gpio.obj (.text:GPIOPinTypePWM)
                  00001dac    00000012                   : gpio.obj (.text:GPIOPinTypeUART)
                  00001dbe    00000012                   : pwm.obj (.text:PWMOutputState)
                  00001dd0    00000012                   : timer.obj (.text:TimerLoadSet)
                  00001de2    00000010                   : interrupt.obj (.text:IntMasterEnable)
                  00001df2    00000010                   : pwm.obj (.text:PWMGenPeriodSet)
                  00001e02    0000000e                   : gpio.obj (.text:GPIOIntDisable)
                  00001e10    0000000e                   : timer.obj (.text:TimerEnable)
                  00001e1e    0000000e                   : uart.obj (.text:UARTCharGetNonBlocking)
                  00001e2c    0000000e     rtsv7M4_T_le_v4SPD16_eabi.lib : copy_decompress_none.obj (.text:decompress:none)
                  00001e3a    0000000c     driverlib.lib : cpu.obj (.text:CPUcpsie)
                  00001e46    0000000c                   : gpio.obj (.text:GPIOIntEnable)
                  00001e52    0000000c                   : pwm.obj (.text:PWMGenEnable)
                  00001e5e    0000000c     tm4c123gh6pm_startup_ccs.obj (.text)
                  00001e6a    0000000a     driverlib.lib : uart.obj (.text:UARTCharPut)
                  00001e74    0000000a                   : uart.obj (.text:UARTFIFODisable)
                  00001e7e    0000000a                   : uart.obj (.text:UARTIntStatus)
                  00001e88    00000008                   : timer.obj (.text:TimerIntEnable)
                  00001e90    00000008                   : uart.obj (.text:UARTIntEnable)
                  00001e98    00000006                   : gpio.obj (.text:GPIOIntClear)
                  00001e9e    00000006                   : gpio.obj (.text:GPIOPinRead)
                  00001ea4    00000006                   : gpio.obj (.text:GPIOPinWrite)
                  00001eaa    00000006                   : sysctl.obj (.text:SysCtlDelay)
                  00001eb0    00000006     rtsv7M4_T_le_v4SPD16_eabi.lib : copy_decompress_rle.obj (.text:decompress:rle24)
                  00001eb6    00000004     driverlib.lib : timer.obj (.text:TimerIntClear)
                  00001eba    00000004                   : uart.obj (.text:UARTIntClear)
                  00001ebe    00000004     rtsv7M4_T_le_v4SPD16_eabi.lib : pre_init.obj (.text)

.const     0    00001ec4    000002ec     
                  00001ec4    000000c0     driverlib.lib : gpio.obj (.const:g_ppui32GPIOIntMapBlizzard)
                  00001f84    000000c0                   : gpio.obj (.const:g_ppui32GPIOIntMapSnowflake)
                  00002044    00000090                   : gpio.obj (.const:g_pui32GPIOBaseAddrs)
                  000020d4    00000070                   : interrupt.obj (.const)
                  00002144    0000006c                   : sysctl.obj (.const:g_pui32Xtals)

.cinit     0    000021b0    00000064     
                  000021b0    00000028     (.cinit..data.load) [load image, compression = rle]
                  000021d8    0000000b     (.cinit..vtable.load) [load image, compression = rle]
                  000021e3    00000005     --HOLE-- [fill = 0]
                  000021e8    00000009     (.cinit..bss.load) [load image, compression = rle]
                  000021f1    00000003     --HOLE-- [fill = 0]
                  000021f4    00000008     (__TI_handler_table)
                  000021fc    00000018     (__TI_cinit_table)

.init_array 
*          0    00000000    00000000     UNINITIALIZED

.vtable    0    20000000    0000026c     UNINITIALIZED
                  20000000    0000026c     driverlib.lib : interrupt.obj (.vtable)

.stack     0    2000026c    00000200     UNINITIALIZED
                  2000026c    00000200     --HOLE--

.data      0    2000046c    00000054     UNINITIALIZED
                  2000046c    00000019     shoot.obj (.data)
                  20000485    00000003     --HOLE--
                  20000488    00000018     main.obj (.data)
                  200004a0    0000000c     rtsv7M4_T_le_v4SPD16_eabi.lib : exit.obj (.data:$O1$$)
                  200004ac    00000008                                   : _lock.obj (.data:$O1$$)
                  200004b4    00000008     angle.obj (.data)
                  200004bc    00000004     rtsv7M4_T_le_v4SPD16_eabi.lib : stkdepth_vars.obj (.data)

.bss       0    200004c0    00000028     UNINITIALIZED
                  200004c0    00000008     (.common:Kd)
                  200004c8    00000008     (.common:Ki)
                  200004d0    00000008     (.common:Kp)
                  200004d8    00000008     (.common:errorIntegral)
                  200004e0    00000008     (.common:prevError)

MODULE SUMMARY

       Module                         code   ro data   rw data
       ------                         ----   -------   -------
    .\
       main.obj                       640    0         24     
       tm4c123gh6pm_startup_ccs.obj   12     620       0      
       shoot.obj                      436    0         25     
       angle.obj                      196    0         8      
    +--+------------------------------+------+---------+---------+
       Total:                         1284   620       57     
                                                              
    .\userLib\
       common.obj                     892    0         0      
       init.obj                       788    0         0      
       pidController.obj              240    0         40     
    +--+------------------------------+------+---------+---------+
       Total:                         1920   0         40     
                                                              
    C:/ti/TivaWare_C_Series-2.1.3.156/driverlib/ccs/Debug/driverlib.lib
       gpio.obj                       716    528       0      
       interrupt.obj                  172    112       620    
       sysctl.obj                     594    108       0      
       uart.obj                       178    0         0      
       timer.obj                      140    0         0      
       pwm.obj                        110    0         0      
       cpu.obj                        12     0         0      
    +--+------------------------------+------+---------+---------+
       Total:                         1922   748       620    
                                                              
    C:\ti\ccsv6\tools\compiler\ti-cgt-arm_15.12.1.LTS\lib\rtsv7M4_T_le_v4SPD16_eabi.lib
       fd_add_t2.obj                  438    0         0      
       fd_div_t2.obj                  310    0         0      
       fd_mul_t2.obj                  252    0         0      
       memcpy_t2.obj                  156    0         0      
       fd_cmp_t2.obj                  134    0         0      
       memset_t2.obj                  122    0         0      
       autoinit.obj                   112    0         0      
       copy_decompress_rle.obj        112    0         0      
       exit.obj                       84     0         12     
       boot.obj                       84     0         0      
       cpy_tbl.obj                    76     0         0      
       fd_toi_t2.obj                  72     0         0      
       fs_tod_t2.obj                  56     0         0      
       i_tofd_t2.obj                  46     0         0      
       _lock.obj                      20     0         8      
       args_main.obj                  24     0         0      
       copy_decompress_none.obj       14     0         0      
       pre_init.obj                   4      0         0      
       stkdepth_vars.obj              0      0         4      
       mpu_init.obj                   2      0         0      
       startup.obj                    2      0         0      
    +--+------------------------------+------+---------+---------+
       Total:                         2120   0         24     
                                                              
       Stack:                         0      0         512    
       Linker Generated:              0      92        0      
    +--+------------------------------+------+---------+---------+
       Grand Total:                   7246   1460      1253   


LINKER GENERATED COPY TABLES

__TI_cinit_table @ 000021fc records: 3, size/record: 8, table size: 24
	.data: load addr=000021b0, load size=00000028 bytes, run addr=2000046c, run size=00000054 bytes, compression=rle
	.vtable: load addr=000021d8, load size=0000000b bytes, run addr=20000000, run size=0000026c bytes, compression=rle
	.bss: load addr=000021e8, load size=00000009 bytes, run addr=200004c0, run size=00000028 bytes, compression=rle


LINKER GENERATED HANDLER TABLE

__TI_handler_table @ 000021f4 records: 2, size/record: 4, table size: 8
	index: 0, handler: __TI_decompress_rle24
	index: 1, handler: __TI_decompress_none


GLOBAL SYMBOLS: SORTED ALPHABETICALLY BY Name 

address   name                           
-------   ----                           
000019f1  C$$EXIT                        
00001e3b  CPUcpsie                       
2000047c  FIRST_STAGE                    
00001c77  GPIODirModeSet                 
00001e99  GPIOIntClear                   
00001e03  GPIOIntDisable                 
00001e47  GPIOIntEnable                  
00001d03  GPIOIntRegister                
00001945  GPIOIntTypeSet                 
0000101f  GPIOPadConfigSet               
00001a91  GPIOPinConfigure               
00001e9f  GPIOPinRead                    
00001d89  GPIOPinTypeGPIOInput           
00001d1b  GPIOPinTypeGPIOOutput          
00001d9b  GPIOPinTypePWM                 
00001dad  GPIOPinTypeUART                
00001ea5  GPIOPinWrite                   
00000abd  ISR_ANGLE                      
00000ae5  ISR_THROW                      
0000187d  IntEnable                      
00001de3  IntMasterEnable                
00001be1  IntRegister                    
200004c0  Kd                             
200004c8  Ki                             
200004d0  Kp                             
00001499  PID                            
00001ca1  PWMGenConfigure                
00001e53  PWMGenEnable                   
00001df3  PWMGenPeriodSet                
00001dbf  PWMOutputState                 
00001ce5  PWMPulseWidthSet               
00001e5f  ResetISR                       
UNDEFED   SHT$$INIT_ARRAY$$Base          
UNDEFED   SHT$$INIT_ARRAY$$Limit         
00001151  SysCtlClockGet                 
0000135d  SysCtlClockSet                 
00001eab  SysCtlDelay                    
00001d4d  SysCtlPWMClockSet              
00001c15  SysCtlPeripheralEnable         
000009d7  Timer0IntHandler               
000018e5  TimerConfigure                 
00001e11  TimerEnable                    
00001eb7  TimerIntClear                  
00001e89  TimerIntEnable                 
00001dd1  TimerLoadSet                   
00001e1f  UARTCharGetNonBlocking         
00001e6b  UARTCharPut                    
00001b21  UARTConfigSetExpClk            
00001cc5  UARTDisable                    
00001d61  UARTEnable                     
00001e75  UARTFIFODisable                
00001ebb  UARTIntClear                   
00001e91  UARTIntEnable                  
000009eb  UARTIntHandler                 
00001e7f  UARTIntStatus                  
00000525  UART_OutDec                    
0000044d  UART_OutUDec                   
000003a7  UART_TransmitString            
2000046c  __STACK_END                    
00000200  __STACK_SIZE                   
2000046c  __STACK_TOP                    
000021fc  __TI_CINIT_Base                
00002214  __TI_CINIT_Limit               
000021f4  __TI_Handler_Table_Base        
000021fc  __TI_Handler_Table_Limit       
000017a1  __TI_auto_init                 
200004a0  __TI_cleanup_ptr               
00001e2d  __TI_decompress_none           
00001eb1  __TI_decompress_rle24          
200004a4  __TI_dtors_ptr                 
200004a8  __TI_enable_exit_profile_output
ffffffff  __TI_pprof_out_hndl            
ffffffff  __TI_prof_data_size            
ffffffff  __TI_prof_data_start           
00000000  __TI_static_base__             
000016a1  __aeabi_cdcmpeq                
000016a1  __aeabi_cdcmple                
00001ad9  __aeabi_d2iz                   
00000b87  __aeabi_dadd                   
00000ee9  __aeabi_ddiv                   
00001261  __aeabi_dmul                   
00000b7d  __aeabi_dsub                   
00001ba9  __aeabi_f2d                    
00001c49  __aeabi_i2d                    
00001727  __aeabi_memclr                 
00001727  __aeabi_memclr4                
00001727  __aeabi_memclr8                
00001605  __aeabi_memcpy                 
00001605  __aeabi_memcpy4                
00001605  __aeabi_memcpy8                
00001729  __aeabi_memset                 
00001729  __aeabi_memset4                
00001729  __aeabi_memset8                
ffffffff  __binit__                      
ffffffff  __c_args__                     
00000d33  __mpu_init                     
2000026c  __stack                        
00001d35  _args_main                     
0000199d  _c_int00                       
200004ac  _lock                          
00001d83  _nop                           
00001d7b  _register_lock                 
00001d75  _register_unlock               
0000187b  _system_post_cinit             
00001ebf  _system_pre_init               
200004b0  _unlock                        
000019f5  abort                          
00000377  absolute                       
200004b4  angle_counter                  
ffffffff  binit                          
0000156b  change_angle                   
000015c3  cmd_angle                      
00000e3d  cmd_throw                      
00001541  convertAngleToTicks            
00001a45  copy_in                        
200004b8  des_angle_counter              
20000478  des_throw_counter              
0000062f  encoderInit                    
200004d8  errorIntegral                  
000019fd  exit                           
20000000  g_pfnRAMVectors                
00000000  g_pfnVectors                   
00001451  initPIDController              
20000498  load                           
000008fd  main                           
200004bc  main_func_sp                   
20000488  maxPWM                         
00001605  memcpy                         
0000172f  memset                         
20000490  minPWM_angle                   
2000048c  minPWM_throw                   
000005e9  motorDirInit                   
2000049c  plane_angle                    
200004e0  prevError                      
000007ef  pwmInit                        
0000026d  setPWM                         
20000494  shoot                          
2000046c  shootComplete                  
00000d35  shootDisc                      
20000484  steady                         
20000480  steady_state_counter           
20000474  throw_counter                  
000006f9  timerInit                      
20000470  triggered                      
00000733  uart0Init                      
0000076d  uart1Init                      
000007a5  uart5Init                      


GLOBAL SYMBOLS: SORTED BY Symbol Address 

address   name                           
-------   ----                           
00000000  __TI_static_base__             
00000000  g_pfnVectors                   
00000200  __STACK_SIZE                   
0000026d  setPWM                         
00000377  absolute                       
000003a7  UART_TransmitString            
0000044d  UART_OutUDec                   
00000525  UART_OutDec                    
000005e9  motorDirInit                   
0000062f  encoderInit                    
000006f9  timerInit                      
00000733  uart0Init                      
0000076d  uart1Init                      
000007a5  uart5Init                      
000007ef  pwmInit                        
000008fd  main                           
000009d7  Timer0IntHandler               
000009eb  UARTIntHandler                 
00000abd  ISR_ANGLE                      
00000ae5  ISR_THROW                      
00000b7d  __aeabi_dsub                   
00000b87  __aeabi_dadd                   
00000d33  __mpu_init                     
00000d35  shootDisc                      
00000e3d  cmd_throw                      
00000ee9  __aeabi_ddiv                   
0000101f  GPIOPadConfigSet               
00001151  SysCtlClockGet                 
00001261  __aeabi_dmul                   
0000135d  SysCtlClockSet                 
00001451  initPIDController              
00001499  PID                            
00001541  convertAngleToTicks            
0000156b  change_angle                   
000015c3  cmd_angle                      
00001605  __aeabi_memcpy                 
00001605  __aeabi_memcpy4                
00001605  __aeabi_memcpy8                
00001605  memcpy                         
000016a1  __aeabi_cdcmpeq                
000016a1  __aeabi_cdcmple                
00001727  __aeabi_memclr                 
00001727  __aeabi_memclr4                
00001727  __aeabi_memclr8                
00001729  __aeabi_memset                 
00001729  __aeabi_memset4                
00001729  __aeabi_memset8                
0000172f  memset                         
000017a1  __TI_auto_init                 
0000187b  _system_post_cinit             
0000187d  IntEnable                      
000018e5  TimerConfigure                 
00001945  GPIOIntTypeSet                 
0000199d  _c_int00                       
000019f1  C$$EXIT                        
000019f5  abort                          
000019fd  exit                           
00001a45  copy_in                        
00001a91  GPIOPinConfigure               
00001ad9  __aeabi_d2iz                   
00001b21  UARTConfigSetExpClk            
00001ba9  __aeabi_f2d                    
00001be1  IntRegister                    
00001c15  SysCtlPeripheralEnable         
00001c49  __aeabi_i2d                    
00001c77  GPIODirModeSet                 
00001ca1  PWMGenConfigure                
00001cc5  UARTDisable                    
00001ce5  PWMPulseWidthSet               
00001d03  GPIOIntRegister                
00001d1b  GPIOPinTypeGPIOOutput          
00001d35  _args_main                     
00001d4d  SysCtlPWMClockSet              
00001d61  UARTEnable                     
00001d75  _register_unlock               
00001d7b  _register_lock                 
00001d83  _nop                           
00001d89  GPIOPinTypeGPIOInput           
00001d9b  GPIOPinTypePWM                 
00001dad  GPIOPinTypeUART                
00001dbf  PWMOutputState                 
00001dd1  TimerLoadSet                   
00001de3  IntMasterEnable                
00001df3  PWMGenPeriodSet                
00001e03  GPIOIntDisable                 
00001e11  TimerEnable                    
00001e1f  UARTCharGetNonBlocking         
00001e2d  __TI_decompress_none           
00001e3b  CPUcpsie                       
00001e47  GPIOIntEnable                  
00001e53  PWMGenEnable                   
00001e5f  ResetISR                       
00001e6b  UARTCharPut                    
00001e75  UARTFIFODisable                
00001e7f  UARTIntStatus                  
00001e89  TimerIntEnable                 
00001e91  UARTIntEnable                  
00001e99  GPIOIntClear                   
00001e9f  GPIOPinRead                    
00001ea5  GPIOPinWrite                   
00001eab  SysCtlDelay                    
00001eb1  __TI_decompress_rle24          
00001eb7  TimerIntClear                  
00001ebb  UARTIntClear                   
00001ebf  _system_pre_init               
000021f4  __TI_Handler_Table_Base        
000021fc  __TI_CINIT_Base                
000021fc  __TI_Handler_Table_Limit       
00002214  __TI_CINIT_Limit               
20000000  g_pfnRAMVectors                
2000026c  __stack                        
2000046c  __STACK_END                    
2000046c  __STACK_TOP                    
2000046c  shootComplete                  
20000470  triggered                      
20000474  throw_counter                  
20000478  des_throw_counter              
2000047c  FIRST_STAGE                    
20000480  steady_state_counter           
20000484  steady                         
20000488  maxPWM                         
2000048c  minPWM_throw                   
20000490  minPWM_angle                   
20000494  shoot                          
20000498  load                           
2000049c  plane_angle                    
200004a0  __TI_cleanup_ptr               
200004a4  __TI_dtors_ptr                 
200004a8  __TI_enable_exit_profile_output
200004ac  _lock                          
200004b0  _unlock                        
200004b4  angle_counter                  
200004b8  des_angle_counter              
200004bc  main_func_sp                   
200004c0  Kd                             
200004c8  Ki                             
200004d0  Kp                             
200004d8  errorIntegral                  
200004e0  prevError                      
ffffffff  __TI_pprof_out_hndl            
ffffffff  __TI_prof_data_size            
ffffffff  __TI_prof_data_start           
ffffffff  __binit__                      
ffffffff  __c_args__                     
ffffffff  binit                          
UNDEFED   SHT$$INIT_ARRAY$$Base          
UNDEFED   SHT$$INIT_ARRAY$$Limit         

[147 symbols]
